******************************************************************************
             TMS320C2000 Linker PC v22.6.1                     
******************************************************************************
>> Linked Fri Jun  6 10:34:27 2025

OUTPUT FILE NAME:   <use.main.out>
ENTRY POINT SYMBOL: "code_start"  address: 00000000


MEMORY CONFIGURATION

         name            origin    length      used     unused   attr    fill
----------------------  --------  ---------  --------  --------  ----  --------
  BEGIN                 00000000   00000002  00000002  00000000  RWIX
  BOOT_RSVD             00000002   000001af  00000076  00000139  RWIX
  RAMM0                 000001b1   0000024f  0000002e  00000221  RWIX
  RAMM1                 00000400   00000400  000003f8  00000008  RWIX
  CLATOCPURAM           00001480   00000080  00000000  00000080  RWIX
  CPUTOCLARAM           00001500   00000080  00000000  00000080  RWIX
  CLATODMARAM           00001680   00000080  00000000  00000080  RWIX
  DMATOCLARAM           00001700   00000080  00000000  00000080  RWIX
  RAMLS0                00008000   00000800  00000000  00000800  RWIX
  RAMLS1                00008800   00000800  00000000  00000800  RWIX
  RAMLS2                00009000   00000800  00000000  00000800  RWIX
  RAMLS3                00009800   00000800  00000000  00000800  RWIX
  RAMLS4                0000a000   00000800  00000000  00000800  RWIX
  RAMLS5                0000a800   00000800  000004b7  00000349  RWIX
  RAMLS6                0000b000   00000800  00000000  00000800  RWIX
  RAMLS7                0000b800   00000800  00000000  00000800  RWIX
  RAMD0                 0000c000   00002000  00001882  0000077e  RWIX
  RAMD1                 0000e000   00002000  00000000  00002000  RWIX
  RAMGS0                00010000   00002000  00000000  00002000  RWIX
  RAMGS1                00012000   00002000  00000000  00002000  RWIX
  RAMGS2                00014000   00002000  00000000  00002000  RWIX
  RAMGS3                00016000   00002000  00000000  00002000  RWIX
  RAMGS4                00018000   00002000  00000000  00002000  RWIX
  RAMD2                 0001a000   00002000  00000000  00002000  RWIX
  RAMD3                 0001c000   00002000  00000000  00002000  RWIX
  RAMD4                 0001e000   00002000  00000000  00002000  RWIX
  RAMD5                 00020000   00002000  00000000  00002000  RWIX
  RAMLS8                00022000   00002000  00000000  00002000  RWIX
  RAMLS9                00024000   00002000  00000000  00002000  RWIX
  CPU1TOCPU2RAM         0003a000   00000400  00000000  00000400  RWIX
  CPU2TOCPU1RAM         0003b000   00000400  00000000  00000400  RWIX
  CANA_MSG_RAM          00049000   00000800  00000000  00000800  RWIX
  CANB_MSG_RAM          0004b000   00000800  00000000  00000800  RWIX
  FLASH_BANK0           00080000   00020000  00000000  00020000  RWIX
  FLASH_BANK1           000a0000   00020000  00000000  00020000  RWIX
  FLASH_BANK2           000c0000   00020000  00000000  00020000  RWIX
  FLASH_BANK3           000e0000   00020000  00000000  00020000  RWIX
  FLASH_BANK4           00100000   00020000  00000000  00020000  RWIX
  RESET                 003fffc0   00000002  00000000  00000002  RWIX


SECTION ALLOCATION MAP

 output                                  attributes/
section   page    origin      length       input sections
--------  ----  ----------  ----------   ----------------
codestart 
*          0    00000000    00000002     
                  00000000    00000002     f28p65x_codestartbranch.obj (codestart)

.cinit     0    000001b6    0000002a     
                  000001b6    00000017     (.cinit..data.load) [load image, compression = lzss]
                  000001cd    00000001     --HOLE-- [fill = 0]
                  000001ce    00000006     (__TI_handler_table)
                  000001d4    00000004     (.cinit..bss.load) [load image, compression = zero_init]
                  000001d8    00000008     (__TI_cinit_table)

.reset     0    003fffc0    00000000     DSECT

.stack     0    00000400    000003f8     UNINITIALIZED
                  00000400    000003f8     --HOLE--

.bss       0    0000a800    0000009e     UNINITIALIZED
                  0000a800    00000080     inv_hr_main.obj (.bss)
                  0000a880    0000001e     inv_hr_main.obj (.bss:retain)

.init_array 
*          0    000001b1    00000000     UNINITIALIZED

.data      0    0000a89e    00000046     UNINITIALIZED
                  0000a89e    00000006     rts2800_fpu64_eabi.lib : exit.c.obj (.data)
                  0000a8a4    00000002                            : _lock.c.obj (.data:_lock)
                  0000a8a6    00000002                            : _lock.c.obj (.data:_unlock)
                  0000a8a8    00000018     --HOLE--
                  0000a8c0    00000024     inv_hr_main.obj (.data)

.const     0    0000a8e4    000003d3     
                  0000a8e4    000000be     board.obj (.const:.string)
                  0000a9a2    000000ba     inv_hr_main.obj (.const:.string)
                  0000aa5c    0000009a     driverlib.lib : sysctl.obj (.const:.string)
                  0000aaf6    00000098                   : gpio.obj (.const:.string)
                  0000ab8e    00000097                   : adc.obj (.const:.string)
                  0000ac25    00000001     --HOLE-- [fill = 0]
                  0000ac26    00000091     device.obj (.const:.string)

.TI.ramfunc 
*          0    000001b1    00000004     
                  000001b1    00000004     driverlib.lib : sysctl.obj (.TI.ramfunc)

dclfuncs   0    00000002    00000076     
                  00000002    00000076     inv_hr_main.obj (dclfuncs:DCL_runPI_C2)

.text      0    0000c000    00001882     
                  0000c000    000001c1     board.obj (.text:EPWM_init)
                  0000c1c1    000001a0     device.obj (.text:Device_enableAllPeripherals)
                  0000c361    00000126     driverlib.lib : sysctl.obj (.text:SysCtl_setClock)
                  0000c487    00000120                   : sysctl.obj (.text:SysCtl_isPLLValid)
                  0000c5a7    00000075     board.obj (.text:EPWM_setADCTriggerSource)
                  0000c61c    00000073     driverlib.lib : sysctl.obj (.text:DCC_setCounterSeeds)
                  0000c68f    00000071                   : gpio.obj (.text:GPIO_setAnalogMode)
                  0000c700    00000065                   : sysctl.obj (.text:SysCtl_getClock)
                  0000c765    00000064                   : adc.obj (.text:ADC_setINLTrim)
                  0000c7c9    00000061     inv_hr_main.obj (.text:stringINV_readCurrentAndVoltageSignals)
                  0000c82a    0000005b     inv_hr_main.obj (.text:INT_myADC0_1_ISR)
                  0000c885    00000057     inv_hr_main.obj (.text:stringINV_RAMP_VAC)
                  0000c8dc    00000054     board.obj (.text:PinMux_init)
                  0000c930    00000054     board.obj (.text:myADC0_init)
                  0000c984    00000053     board.obj (.text:EPWM_isBaseValid)
                  0000c9d7    00000053     inv_hr_main.obj (.text:EPWM_isBaseValid)
                  0000ca2a    00000052     driverlib.lib : gpio.obj (.text:GPIO_setPadConfig)
                  0000ca7c    00000049                   : adc.obj (.text:ADC_setVREF)
                  0000cac5    00000047                   : sysctl.obj (.text:SysCtl_selectOscSource)
                  0000cb0c    00000046     board.obj (.text:ADC_setupSOC)
                  0000cb52    00000046     driverlib.lib : sysctl.obj (.text:SysCtl_selectXTAL)
                  0000cb98    00000045                   : sysctl.obj (.text:SysCtl_pollX1Counter)
                  0000cbdd    00000044     board.obj (.text:ADC_Current_init)
                  0000cc21    00000042     inv_hr_main.obj (.text:stringINV_DCAC_Modulation)
                  0000cc63    00000041     inv_hr_main.obj (.text:stringINV_globalVariablesInit)
                  0000cca4    00000040     board.obj (.text:EPWM_setActionQualifierAction)
                  0000cce4    0000003e     board.obj (.text:EPWM_setCounterCompareShadowLoadMode)
                  0000cd22    0000003e     inv_hr_main.obj (.text:stringInverter_runISR1_lab_DCAC_OL)
                  0000cd60    0000003d     driverlib.lib : interrupt.obj (.text:Interrupt_initModule)
                  0000cd9d    0000003a     board.obj (.text:EPWM_setADCTriggerEventPrescale)
                  0000cdd7    00000037     driverlib.lib : gpio.obj (.text:GPIO_setControllerCore)
                  0000ce0e    00000037                   : gpio.obj (.text:GPIO_setPinConfig)
                  0000ce45    00000037                   : gpio.obj (.text:GPIO_setQualificationMode)
                  0000ce7c    00000037                   : interrupt.obj (.text:Interrupt_enable)
                  0000ceb3    00000034     device.obj (.text:Device_init)
                  0000cee7    00000031     driverlib.lib : gpio.obj (.text:GPIO_setDirectionMode)
                  0000cf18    00000030     rts2800_fpu64_eabi.lib : copy_decompress_lzss.c.obj (.text:decompress:lzss)
                  0000cf48    0000002f     board.obj (.text:ADC_setInterruptSource)
                  0000cf77    0000002e     board.obj (.text:ADC_setInterruptSOCTrigger)
                  0000cfa5    0000002e     board.obj (.text:EPWM_setDeadBandOutputSwapMode)
                  0000cfd3    0000002c     board.obj (.text:EPWM_setDeadBandDelayMode)
                  0000cfff    0000002c     inv_hr_main.obj (.text:string_vACVoltageControl)
                  0000d02b    0000002b     rts2800_fpu64_eabi.lib : autoinit.c.obj (.text:__TI_auto_init_nobinit_nopinit)
                  0000d056    00000029                            : exit.c.obj (.text)
                  0000d07f    00000025     driverlib.lib : sysctl.obj (.text:SysCtl_selectXTALSingleEnded)
                  0000d0a4    00000024                   : sysctl.obj (.text:DCC_enableSingleShotMode)
                  0000d0c8    00000024     device.obj (.text:Device_initGPIO)
                  0000d0ec    00000024     board.obj (.text:EPWM_setDeadBandDelayPolarity)
                  0000d110    00000024     inv_hr_main.obj (.text:main)
                  0000d134    00000022     board.obj (.text:EPWM_setCounterCompareValue)
                  0000d156    00000022     inv_hr_main.obj (.text:EPWM_setCounterCompareValue)
                  0000d178    00000021     inv_hr_main.obj (.text:RAMPGEN_run)
                  0000d199    00000020     board.obj (.text:ADC_enableContinuousMode)
                  0000d1b9    00000020     board.obj (.text:ADC_enableInterrupt)
                  0000d1d9    0000001f     board.obj (.text:EPWM_setFallingEdgeDelayCountShadowLoadMode)
                  0000d1f8    0000001f     board.obj (.text:EPWM_setRisingEdgeDelayCountShadowLoadMode)
                  0000d217    0000001f     inv_hr_main.obj (.text:GPIO_togglePin)
                  0000d236    0000001e     driverlib.lib : sysctl.obj (.text:DCC_setCounter0ClkSource)
                  0000d254    0000001e                   : sysctl.obj (.text:DCC_setCounter1ClkSource)
                  0000d272    0000001e     board.obj (.text:EPWM_setPhaseShift)
                  0000d290    0000001e     driverlib.lib : interrupt.obj (.text:Interrupt_initVectorTable)
                  0000d2ae    0000001d     inv_hr_main.obj (.text:ADC_getInterruptOverflowStatus)
                  0000d2cb    0000001d     driverlib.lib : adc.obj (.text:ADC_setMode)
                  0000d2e8    0000001d     board.obj (.text:EPWM_setFallingEdgeDelayCount)
                  0000d305    0000001d     board.obj (.text:EPWM_setRisingEdgeDelayCount)
                  0000d322    0000001d     rts2800_fpu64_eabi.lib : memcpy.c.obj (.text)
                  0000d33f    0000001c     board.obj (.text:ADC_setSOCPriority)
                  0000d35b    0000001c     board.obj (.text:EPWM_enableADCTrigger)
                  0000d377    0000001c     board.obj (.text:EPWM_setClockPrescaler)
                  0000d393    0000001a     inv_hr_main.obj (.text:ADC_readResult)
                  0000d3ad    0000001a     board.obj (.text:ASysCtl_setAnalogReference1P65)
                  0000d3c7    0000001a     driverlib.lib : sysctl.obj (.text:DCC_isBaseValid)
                  0000d3e1    0000001a                   : sysctl.obj (.text:SysCtl_getLowSpeedClock)
                  0000d3fb    00000019     board.obj (.text:ASysCtl_setAnalogReferenceInternal)
                  0000d414    00000019     driverlib.lib : sysctl.obj (.text:SysCtl_setPLLSysClk)
                  0000d42d    00000019     rts2800_fpu32_fast_supplement_eabi.lib : div_f32.obj (.text)
                  0000d446    00000019     rts2800_fpu64_eabi.lib : boot28.asm.obj (.text)
                  0000d45f    00000018     board.obj (.text:EPWM_disableFallingEdgeDelayCountShadowLoadMode)
                  0000d477    00000018     board.obj (.text:EPWM_disableRisingEdgeDelayCountShadowLoadMode)
                  0000d48f    00000018     board.obj (.text:EPWM_enableADCTriggerEventCountInit)
                  0000d4a7    00000017     board.obj (.text:ADC_isBaseValid)
                  0000d4be    00000017     driverlib.lib : adc.obj (.text:ADC_isBaseValid)
                  0000d4d5    00000017     inv_hr_main.obj (.text:ADC_isBaseValid)
                  0000d4ec    00000017     device.obj (.text:SysCtl_enablePeripheral)
                  0000d503    00000017     driverlib.lib : sysctl.obj (.text:SysCtl_enablePeripheral)
                  0000d51a    00000016                   : adc.obj (.text:ADC_selectOffsetTrimMode)
                  0000d530    00000016     board.obj (.text:ADC_setInterruptCycleOffset)
                  0000d546    00000016     board.obj (.text:ADC_setInterruptPulseMode)
                  0000d55c    00000016     board.obj (.text:ADC_setPrescaler)
                  0000d572    00000016     driverlib.lib : sysctl.obj (.text:DCC_disableDoneSignal)
                  0000d588    00000016     board.obj (.text:EPWM_setSyncInPulseSource)
                  0000d59e    00000016     driverlib.lib : interrupt.obj (.text:Interrupt_defaultHandler)
                  0000d5b4    00000015     board.obj (.text:ADC_disableBurstMode)
                  0000d5c9    00000015     driverlib.lib : sysctl.obj (.text:DCC_clearDoneFlag)
                  0000d5de    00000015                   : sysctl.obj (.text:DCC_clearErrorFlag)
                  0000d5f3    00000015                   : sysctl.obj (.text:DCC_disableErrorSignal)
                  0000d608    00000015     device.obj (.text:GPIO_unlockPortConfig)
                  0000d61d    00000014     inv_hr_main.obj (.text:ADC_clearInterruptOverflowStatus)
                  0000d631    00000014     board.obj (.text:ADC_clearInterruptStatus)
                  0000d645    00000014     inv_hr_main.obj (.text:ADC_clearInterruptStatus)
                  0000d659    00000014     driverlib.lib : sysctl.obj (.text:DCC_disableModule)
                  0000d66d    00000014                   : sysctl.obj (.text:DCC_enableModule)
                  0000d681    00000014     board.obj (.text:EPWM_setTimeBaseCounterMode)
                  0000d695    00000014     board.obj (.text:EPWM_setTimeBasePeriod)
                  0000d6a9    00000014     driverlib.lib : gpio.obj (.text:GPIO_isPinValid)
                  0000d6bd    00000014     inv_hr_main.obj (.text:GPIO_isPinValid)
                  0000d6d1    00000014     board.obj (.text:myGPIO0_init)
                  0000d6e5    00000014     board.obj (.text:myGPIO1_init)
                  0000d6f9    00000013     board.obj (.text:ADC_enableAltDMATiming)
                  0000d70c    00000013     board.obj (.text:ADC_enableConverter)
                  0000d71f    00000013     inv_hr_main.obj (.text:RAMPGEN_config)
                  0000d732    00000012     board.obj (.text:EPWM_setTimeBaseCounter)
                  0000d744    00000012     board.obj (.text:SysCtl_setSyncOutputConfig)
                  0000d756    00000011     board.obj (.text:Board_init)
                  0000d767    00000011     board.obj (.text:EPWM_disablePhaseShiftLoad)
                  0000d778    0000000f     board.obj (.text:Interrupt_register)
                  0000d787    0000000f     driverlib.lib : ipc.obj (.text:Interrupt_unregister)
                  0000d796    0000000d     board.obj (.text:INTERRUPT_init)
                  0000d7a3    0000000d     driverlib.lib : interrupt.obj (.text:Interrupt_disableGlobal)
                  0000d7b0    0000000d                   : interrupt.obj (.text:Interrupt_enableGlobal)
                  0000d7bd    0000000d     device.obj (.text:SysCtl_setLowSpeedClock)
                  0000d7ca    0000000d     rts2800_fpu64_eabi.lib : copy_zero_init.c.obj (.text:decompress:ZI:__TI_zero_init_nomemset)
                  0000d7d7    0000000c     board.obj (.text:SysCtl_enableExtADCSOCSource)
                  0000d7e3    0000000c     rts2800_fpu64_eabi.lib : args_main.c.obj (.text)
                  0000d7ef    0000000b     device.obj (.text:SysCtl_disableWatchdog)
                  0000d7fa    0000000b     driverlib.lib : sysctl.obj (.text:SysCtl_isMCDClockFailureDetected)
                  0000d805    0000000a                   : interrupt.obj (.text:Interrupt_illegalOperationHandler)
                  0000d80f    0000000a                   : interrupt.obj (.text:Interrupt_nmiHandler)
                  0000d819    0000000a     board.obj (.text:SYNC_init)
                  0000d823    00000009     board.obj (.text:ASYSCTL_init)
                  0000d82c    00000009     rts2800_fpu64_eabi.lib : _lock.c.obj (.text)
                  0000d835    00000008     driverlib.lib : adc.obj (.text:ADC_setOffsetTrim)
                  0000d83d    00000008     inv_hr_main.obj (.text:RAMPGEN_reset)
                  0000d845    00000008     rts2800_fpu64_eabi.lib : copy_decompress_none.c.obj (.text:decompress:none)
                  0000d84d    00000008     f28p65x_codestartbranch.obj (.text)
                  0000d855    00000007     board.obj (.text:ASysCtl_disableTemperatureSensor)
                  0000d85c    00000007     driverlib.lib : sysctl.obj (.text:SysCtl_resetMCD)
                  0000d863    00000007     device.obj (.text:__error__)
                  0000d86a    00000006     inv_hr_main.obj (.text:Interrupt_clearACKGroup)
                  0000d870    00000005     board.obj (.text:ADC_init)
                  0000d875    00000005     board.obj (.text:GPIO_init)
                  0000d87a    00000004     device.obj (.text:SysCtl_deviceCal)
                  0000d87e    00000002     rts2800_fpu64_eabi.lib : pre_init.c.obj (.text)
                  0000d880    00000001     c2000ware_libraries.obj (.text:C2000Ware_libraries_init)
                  0000d881    00000001     rts2800_fpu64_eabi.lib : startup.c.obj (.text)

MODULE SUMMARY

       Module                        code   ro data   rw data
       ------                        ----   -------   -------
    .\
       inv_hr_main.obj               1018   186       194    
    +--+-----------------------------+------+---------+---------+
       Total:                        1018   186       194    
                                                             
    .\device\
       device.obj                    583    145       0      
       f28p65x_codestartbranch.obj   10     0         0      
    +--+-----------------------------+------+---------+---------+
       Total:                        593    145       0      
                                                             
    .\syscfg\
       board.obj                     2229   190       0      
       c2000ware_libraries.obj       1      0         0      
    +--+-----------------------------+------+---------+---------+
       Total:                        2230   190       0      
                                                             
    ../libraries/FPUfastRTS/rts2800_fpu32_fast_supplement_eabi.lib
       div_f32.obj                   25     0         0      
    +--+-----------------------------+------+---------+---------+
       Total:                        25     0         0      
                                                             
    C:/ti/C2000Ware_5_04_00_00/driverlib/f28p65x/driverlib/ccs/Debug/driverlib.lib
       sysctl.obj                    1388   154       0      
       gpio.obj                      429    152       0      
       adc.obj                       255    151       0      
       interrupt.obj                 214    0         0      
       ipc.obj                       15     0         0      
    +--+-----------------------------+------+---------+---------+
       Total:                        2301   457       0      
                                                             
    C:\ti\ccs2011\ccs\tools\compiler\ti-cgt-c2000_22.6.1.LTS\lib\rts2800_fpu64_eabi.lib
       copy_decompress_lzss.c.obj    48     0         0      
       exit.c.obj                    41     0         6      
       autoinit.c.obj                43     0         0      
       memcpy.c.obj                  29     0         0      
       boot28.asm.obj                25     0         0      
       _lock.c.obj                   9      0         4      
       copy_zero_init.c.obj          13     0         0      
       args_main.c.obj               12     0         0      
       copy_decompress_none.c.obj    8      0         0      
       pre_init.c.obj                2      0         0      
       startup.c.obj                 1      0         0      
    +--+-----------------------------+------+---------+---------+
       Total:                        231    0         10     
                                                             
       Stack:                        0      0         1016   
       Linker Generated:             0      41        0      
    +--+-----------------------------+------+---------+---------+
       Grand Total:                  6398   1019      1220   


LINKER GENERATED COPY TABLES

__TI_cinit_table @ 000001d8 records: 2, size/record: 4, table size: 8
	.data: load addr=000001b6, load size=00000017 bytes, run addr=0000a89e, run size=00000046 bytes, compression=lzss
	.bss: load addr=000001d4, load size=00000004 bytes, run addr=0000a800, run size=0000009e bytes, compression=zero_init


LINKER GENERATED HANDLER TABLE

__TI_handler_table @ 000001ce records: 3, size/record: 2, table size: 6
	index: 0, handler: __TI_zero_init
	index: 1, handler: __TI_decompress_lzss
	index: 2, handler: __TI_decompress_none


GLOBAL DATA SYMBOLS: SORTED BY DATA PAGE

address     data page           name
--------    ----------------    ----
00000400      10 (00000400)     __stack

0000a800     2a0 (0000a800)     stringINV_ACDC_Amplitude

0000a840     2a1 (0000a840)     stringINV_mains_L1

0000a880     2a2 (0000a880)     stringINV_ACDC_Index_Modulation
0000a882     2a2 (0000a880)     stringINV_ACDC_vAC_sensed_pu
0000a884     2a2 (0000a880)     stringINV_ACDC_vAC_sensed
0000a886     2a2 (0000a880)     stringINV_ACDC_vAC_sensed_FILTER
0000a888     2a2 (0000a880)     stringINV_ACDC_vAC_RMS_FILTER
0000a88a     2a2 (0000a880)     stringINV_ACDC_iAC_sensed
0000a88c     2a2 (0000a880)     stringINV_DCDC_vAC_loop_err
0000a88e     2a2 (0000a880)     stringINV_ACDC_vAC_real_Ref_OUT_PI
0000a890     2a2 (0000a880)     stringINV_DCDC_VDCext_Ref
0000a892     2a2 (0000a880)     stringINV_DCDC_VDCext_Ref_Slewed
0000a894     2a2 (0000a880)     stringINV_DCDC_vDC_Ref
0000a896     2a2 (0000a880)     stringINV_DCDC_vDC_Ref_Slewed
0000a898     2a2 (0000a880)     stringINV_ACDC_rgen
0000a89e     2a2 (0000a880)     __TI_enable_exit_profile_output
0000a8a0     2a2 (0000a880)     __TI_cleanup_ptr
0000a8a2     2a2 (0000a880)     __TI_dtors_ptr
0000a8a4     2a2 (0000a880)     _lock
0000a8a6     2a2 (0000a880)     _unlock

0000a8c0     2a3 (0000a8c0)     stringINV_clearPWMTripDCAC
0000a8c1     2a3 (0000a8c0)     stringINV_updateDutyDCAC
0000a8c2     2a3 (0000a8c0)     myADC0Results
0000a8c3     2a3 (0000a8c0)     ADC_Current
0000a8c4     2a3 (0000a8c0)     val_table_sine
0000a8c5     2a3 (0000a8c0)     flag_table_sine
0000a8c6     2a3 (0000a8c0)     mesure_adc
0000a8c8     2a3 (0000a8c0)     zero_sine
0000a8ca     2a3 (0000a8c0)     Check_clock
0000a8cc     2a3 (0000a8c0)     val_amp_sine
0000a8ce     2a3 (0000a8c0)     gv_ACDC_pi


GLOBAL SYMBOLS: SORTED ALPHABETICALLY BY Name 

page  address   name                                  
----  -------   ----                                  
0     0000a8c3  ADC_Current                           
0     0000cbdd  ADC_Current_init                      
0     0000d870  ADC_init                              
0     0000c765  ADC_setINLTrim                        
0     0000d2cb  ADC_setMode                           
0     0000d835  ADC_setOffsetTrim                     
0     0000ca7c  ADC_setVREF                           
0     0000d823  ASYSCTL_init                          
0     0000d756  Board_init                            
0     0000d056  C$$EXIT                               
0     0000d880  C2000Ware_libraries_init              
0     0000a8ca  Check_clock                           
0     0000c1c1  Device_enableAllPeripherals           
0     0000ceb3  Device_init                           
0     0000d0c8  Device_initGPIO                       
0     0000c000  EPWM_init                             
0     0000d875  GPIO_init                             
0     0000c68f  GPIO_setAnalogMode                    
0     0000cdd7  GPIO_setControllerCore                
0     0000cee7  GPIO_setDirectionMode                 
0     0000ca2a  GPIO_setPadConfig                     
0     0000ce0e  GPIO_setPinConfig                     
0     0000ce45  GPIO_setQualificationMode             
0     0000d796  INTERRUPT_init                        
0     0000c82a  INT_myADC0_1_ISR                      
0     0000d59e  Interrupt_defaultHandler              
0     0000ce7c  Interrupt_enable                      
0     0000d805  Interrupt_illegalOperationHandler     
0     0000cd60  Interrupt_initModule                  
0     0000d290  Interrupt_initVectorTable             
0     0000d80f  Interrupt_nmiHandler                  
0     0000c8dc  PinMux_init                           
0     0000d819  SYNC_init                             
0     000001b1  SysCtl_delay                          
0     0000c700  SysCtl_getClock                       
0     0000d3e1  SysCtl_getLowSpeedClock               
0     0000c487  SysCtl_isPLLValid                     
0     0000cac5  SysCtl_selectOscSource                
0     0000cb52  SysCtl_selectXTAL                     
0     0000d07f  SysCtl_selectXTALSingleEnded          
0     0000c361  SysCtl_setClock                       
0     000001d8  __TI_CINIT_Base                       
0     000001e0  __TI_CINIT_Limit                      
0     000001e0  __TI_CINIT_Warm                       
0     000001ce  __TI_Handler_Table_Base               
0     000001d4  __TI_Handler_Table_Limit              
0     000007f8  __TI_STACK_END                        
abs   000003f8  __TI_STACK_SIZE                       
0     0000d02b  __TI_auto_init_nobinit_nopinit        
0     0000a8a0  __TI_cleanup_ptr                      
0     0000cf18  __TI_decompress_lzss                  
0     0000d845  __TI_decompress_none                  
0     0000a8a2  __TI_dtors_ptr                        
0     0000a89e  __TI_enable_exit_profile_output       
abs   ffffffff  __TI_pprof_out_hndl                   
abs   ffffffff  __TI_prof_data_size                   
abs   ffffffff  __TI_prof_data_start                  
0     0000d7ca  __TI_zero_init_nomemset               
0     0000d42d  __c28xabi_divf                        
n/a   UNDEFED   __c_args__                            
0     0000d863  __error__                             
0     00000400  __stack                               
0     0000d7e3  _args_main                            
0     0000d446  _c_int00                              
0     0000a8a4  _lock                                 
0     0000d834  _nop                                  
0     0000d830  _register_lock                        
0     0000d82c  _register_unlock                      
0     0000d881  _system_post_cinit                    
0     0000d87e  _system_pre_init                      
0     0000a8a6  _unlock                               
0     0000d056  abort                                 
0     00000000  code_start                            
0     0000d058  exit                                  
0     0000a8c5  flag_table_sine                       
0     0000a8ce  gv_ACDC_pi                            
0     0000d110  main                                  
0     0000d322  memcpy                                
0     0000a8c6  mesure_adc                            
0     0000a8c2  myADC0Results                         
0     0000c930  myADC0_init                           
0     0000d6d1  myGPIO0_init                          
0     0000d6e5  myGPIO1_init                          
0     0000a800  stringINV_ACDC_Amplitude              
0     0000a880  stringINV_ACDC_Index_Modulation       
0     0000a88a  stringINV_ACDC_iAC_sensed             
0     0000a898  stringINV_ACDC_rgen                   
0     0000a888  stringINV_ACDC_vAC_RMS_FILTER         
0     0000a88e  stringINV_ACDC_vAC_real_Ref_OUT_PI    
0     0000a884  stringINV_ACDC_vAC_sensed             
0     0000a886  stringINV_ACDC_vAC_sensed_FILTER      
0     0000a882  stringINV_ACDC_vAC_sensed_pu          
0     0000cc21  stringINV_DCAC_Modulation             
0     0000a890  stringINV_DCDC_VDCext_Ref             
0     0000a892  stringINV_DCDC_VDCext_Ref_Slewed      
0     0000a88c  stringINV_DCDC_vAC_loop_err           
0     0000a894  stringINV_DCDC_vDC_Ref                
0     0000a896  stringINV_DCDC_vDC_Ref_Slewed         
0     0000c885  stringINV_RAMP_VAC                    
0     0000a8c0  stringINV_clearPWMTripDCAC            
0     0000cc63  stringINV_globalVariablesInit         
0     0000a840  stringINV_mains_L1                    
0     0000c7c9  stringINV_readCurrentAndVoltageSignals
0     0000a8c1  stringINV_updateDutyDCAC              
0     0000cd22  stringInverter_runISR1_lab_DCAC_OL    
0     0000cfff  string_vACVoltageControl              
0     0000a8cc  val_amp_sine                          
0     0000a8c4  val_table_sine                        
0     0000a8c8  zero_sine                             


GLOBAL SYMBOLS: SORTED BY Symbol Address 

page  address   name                                  
----  -------   ----                                  
0     00000000  code_start                            
0     000001b1  SysCtl_delay                          
0     000001ce  __TI_Handler_Table_Base               
0     000001d4  __TI_Handler_Table_Limit              
0     000001d8  __TI_CINIT_Base                       
0     000001e0  __TI_CINIT_Limit                      
0     000001e0  __TI_CINIT_Warm                       
0     00000400  __stack                               
0     000007f8  __TI_STACK_END                        
0     0000a800  stringINV_ACDC_Amplitude              
0     0000a840  stringINV_mains_L1                    
0     0000a880  stringINV_ACDC_Index_Modulation       
0     0000a882  stringINV_ACDC_vAC_sensed_pu          
0     0000a884  stringINV_ACDC_vAC_sensed             
0     0000a886  stringINV_ACDC_vAC_sensed_FILTER      
0     0000a888  stringINV_ACDC_vAC_RMS_FILTER         
0     0000a88a  stringINV_ACDC_iAC_sensed             
0     0000a88c  stringINV_DCDC_vAC_loop_err           
0     0000a88e  stringINV_ACDC_vAC_real_Ref_OUT_PI    
0     0000a890  stringINV_DCDC_VDCext_Ref             
0     0000a892  stringINV_DCDC_VDCext_Ref_Slewed      
0     0000a894  stringINV_DCDC_vDC_Ref                
0     0000a896  stringINV_DCDC_vDC_Ref_Slewed         
0     0000a898  stringINV_ACDC_rgen                   
0     0000a89e  __TI_enable_exit_profile_output       
0     0000a8a0  __TI_cleanup_ptr                      
0     0000a8a2  __TI_dtors_ptr                        
0     0000a8a4  _lock                                 
0     0000a8a6  _unlock                               
0     0000a8c0  stringINV_clearPWMTripDCAC            
0     0000a8c1  stringINV_updateDutyDCAC              
0     0000a8c2  myADC0Results                         
0     0000a8c3  ADC_Current                           
0     0000a8c4  val_table_sine                        
0     0000a8c5  flag_table_sine                       
0     0000a8c6  mesure_adc                            
0     0000a8c8  zero_sine                             
0     0000a8ca  Check_clock                           
0     0000a8cc  val_amp_sine                          
0     0000a8ce  gv_ACDC_pi                            
0     0000c000  EPWM_init                             
0     0000c1c1  Device_enableAllPeripherals           
0     0000c361  SysCtl_setClock                       
0     0000c487  SysCtl_isPLLValid                     
0     0000c68f  GPIO_setAnalogMode                    
0     0000c700  SysCtl_getClock                       
0     0000c765  ADC_setINLTrim                        
0     0000c7c9  stringINV_readCurrentAndVoltageSignals
0     0000c82a  INT_myADC0_1_ISR                      
0     0000c885  stringINV_RAMP_VAC                    
0     0000c8dc  PinMux_init                           
0     0000c930  myADC0_init                           
0     0000ca2a  GPIO_setPadConfig                     
0     0000ca7c  ADC_setVREF                           
0     0000cac5  SysCtl_selectOscSource                
0     0000cb52  SysCtl_selectXTAL                     
0     0000cbdd  ADC_Current_init                      
0     0000cc21  stringINV_DCAC_Modulation             
0     0000cc63  stringINV_globalVariablesInit         
0     0000cd22  stringInverter_runISR1_lab_DCAC_OL    
0     0000cd60  Interrupt_initModule                  
0     0000cdd7  GPIO_setControllerCore                
0     0000ce0e  GPIO_setPinConfig                     
0     0000ce45  GPIO_setQualificationMode             
0     0000ce7c  Interrupt_enable                      
0     0000ceb3  Device_init                           
0     0000cee7  GPIO_setDirectionMode                 
0     0000cf18  __TI_decompress_lzss                  
0     0000cfff  string_vACVoltageControl              
0     0000d02b  __TI_auto_init_nobinit_nopinit        
0     0000d056  C$$EXIT                               
0     0000d056  abort                                 
0     0000d058  exit                                  
0     0000d07f  SysCtl_selectXTALSingleEnded          
0     0000d0c8  Device_initGPIO                       
0     0000d110  main                                  
0     0000d290  Interrupt_initVectorTable             
0     0000d2cb  ADC_setMode                           
0     0000d322  memcpy                                
0     0000d3e1  SysCtl_getLowSpeedClock               
0     0000d42d  __c28xabi_divf                        
0     0000d446  _c_int00                              
0     0000d59e  Interrupt_defaultHandler              
0     0000d6d1  myGPIO0_init                          
0     0000d6e5  myGPIO1_init                          
0     0000d756  Board_init                            
0     0000d796  INTERRUPT_init                        
0     0000d7ca  __TI_zero_init_nomemset               
0     0000d7e3  _args_main                            
0     0000d805  Interrupt_illegalOperationHandler     
0     0000d80f  Interrupt_nmiHandler                  
0     0000d819  SYNC_init                             
0     0000d823  ASYSCTL_init                          
0     0000d82c  _register_unlock                      
0     0000d830  _register_lock                        
0     0000d834  _nop                                  
0     0000d835  ADC_setOffsetTrim                     
0     0000d845  __TI_decompress_none                  
0     0000d863  __error__                             
0     0000d870  ADC_init                              
0     0000d875  GPIO_init                             
0     0000d87e  _system_pre_init                      
0     0000d880  C2000Ware_libraries_init              
0     0000d881  _system_post_cinit                    
abs   000003f8  __TI_STACK_SIZE                       
abs   ffffffff  __TI_pprof_out_hndl                   
abs   ffffffff  __TI_prof_data_size                   
abs   ffffffff  __TI_prof_data_start                  
n/a   UNDEFED   __c_args__                            

[109 symbols]
