******************************************************************************
             TMS320C2000 Linker PC v22.6.1                     
******************************************************************************
>> Linked Mon Jun 30 08:28:46 2025

OUTPUT FILE NAME:   <use.main.out>
ENTRY POINT SYMBOL: "code_start"  address: 00000000


MEMORY CONFIGURATION

         name            origin    length      used     unused   attr    fill
----------------------  --------  ---------  --------  --------  ----  --------
  BEGIN                 00000000   00000002  00000002  00000000  RWIX
  BOOT_RSVD             00000002   000001af  00000000  000001af  RWIX
  RAMM0                 000001b1   0000024f  00000032  0000021d  RWIX
  RAMM1                 00000400   00000400  00000000  00000400  RWIX
  CLATOCPURAM           00001480   00000080  00000000  00000080  RWIX
  CPUTOCLARAM           00001500   00000080  00000000  00000080  RWIX
  CLATODMARAM           00001680   00000080  00000000  00000080  RWIX
  DMATOCLARAM           00001700   00000080  00000000  00000080  RWIX
  RAMLS0                00008000   00000800  00000000  00000800  RWIX
  RAMLS1                00008800   00000800  00000000  00000800  RWIX
  RAMLS2                00009000   00000800  00000000  00000800  RWIX
  RAMLS3                00009800   00000800  00000000  00000800  RWIX
  RAMLS4                0000a000   00000800  00000000  00000800  RWIX
  RAMLS5                0000a800   00000800  00000624  000001dc  RWIX
  RAMLS6                0000b000   00000800  00000000  00000800  RWIX
  RAMLS7                0000b800   00000800  00000000  00000800  RWIX
  RAMD0                 0000c000   00002000  00002000  00000000  RWIX
  RAMD1                 0000e000   00002000  00000520  00001ae0  RWIX
  RAMGS0                00010000   00002000  00000000  00002000  RWIX
  RAMGS1                00012000   00002000  00000000  00002000  RWIX
  RAMGS2                00014000   00002000  00000000  00002000  RWIX
  RAMGS3                00016000   00002000  00000000  00002000  RWIX
  RAMGS4                00018000   00002000  00000000  00002000  RWIX
  RAMD2                 0001a000   00002000  00000000  00002000  RWIX
  RAMD3                 0001c000   00002000  00000000  00002000  RWIX
  RAMD4                 0001e000   00002000  00000000  00002000  RWIX
  RAMD5                 00020000   00002000  00000000  00002000  RWIX
  RAMLS8                00022000   00002000  00000000  00002000  RWIX
  RAMLS9                00024000   00002000  00000000  00002000  RWIX
  CPU1TOCPU2RAM         0003a000   00000400  00000000  00000400  RWIX
  CPU2TOCPU1RAM         0003b000   00000400  00000000  00000400  RWIX
  CANA_MSG_RAM          00049000   00000800  00000000  00000800  RWIX
  CANB_MSG_RAM          0004b000   00000800  00000000  00000800  RWIX
  FLASH_BANK0           00080000   00020000  00000000  00020000  RWIX
  FLASH_BANK1           000a0000   00020000  00000000  00020000  RWIX
  FLASH_BANK2           000c0000   00020000  00000000  00020000  RWIX
  FLASH_BANK3           000e0000   00020000  00000000  00020000  RWIX
  FLASH_BANK4           00100000   00020000  00000000  00020000  RWIX
  RESET                 003fffc0   00000002  00000000  00000002  RWIX


SECTION ALLOCATION MAP

 output                                  attributes/
section   page    origin      length       input sections
--------  ----  ----------  ----------   ----------------
codestart 
*          0    00000000    00000002     
                  00000000    00000002     f28p65x_codestartbranch.obj (codestart)

.cinit     0    000001b6    0000002e     
                  000001b6    0000001b     (.cinit..data.load) [load image, compression = lzss]
                  000001d1    00000001     --HOLE-- [fill = 0]
                  000001d2    00000006     (__TI_handler_table)
                  000001d8    00000004     (.cinit..bss.load) [load image, compression = zero_init]
                  000001dc    00000008     (__TI_cinit_table)

.reset     0    003fffc0    00000000     DSECT

.bss       0    0000a800    0000008c     UNINITIALIZED
                  0000a800    00000082     controler_CL.obj (.bss:retain)
                  0000a882    00000008     inv_hr_main.obj (.bss:retain)
                  0000a88a    00000002     inv_hr_main.obj (.bss)

.data      0    0000a8c0    0000006c     UNINITIALIZED
                  0000a8c0    00000056     controler_CL.obj (.data)
                  0000a916    0000000c     inv_hr_main.obj (.data)
                  0000a922    00000006     rts2800_fpu64_eabi.lib : exit.c.obj (.data)
                  0000a928    00000002                            : _lock.c.obj (.data:_lock)
                  0000a92a    00000002                            : _lock.c.obj (.data:_unlock)

.stack     0    0000e000    000003f8     UNINITIALIZED
                  0000e000    000003f8     --HOLE--

.init_array 
*          0    000001b1    00000000     UNINITIALIZED

.const     0    0000a92c    0000052c     
                  0000a92c    000000fe     board.obj (.const:.string)
                  0000aa2a    000000ba     inv_hr_main.obj (.const:.string)
                  0000aae4    0000009b     driverlib.lib : cmpss.obj (.const:.string)
                  0000ab7f    00000001     --HOLE-- [fill = 0]
                  0000ab80    0000009a                   : sysctl.obj (.const:.string)
                  0000ac1a    00000098                   : gpio.obj (.const:.string)
                  0000acb2    00000097                   : adc.obj (.const:.string)
                  0000ad49    00000001     --HOLE-- [fill = 0]
                  0000ad4a    00000091     device.obj (.const:.string)
                  0000addb    00000001     --HOLE-- [fill = 0]
                  0000addc    0000007c     controler_CL.obj (.const:.string)

.TI.ramfunc 
*          0    000001b1    00000004     
                  000001b1    00000004     driverlib.lib : sysctl.obj (.TI.ramfunc)

.text.1    0    0000c000    00002000     
                  0000c000    000001cd     board.obj (.text:EPWM_init)
                  0000c1cd    000001a0     device.obj (.text:Device_enableAllPeripherals)
                  0000c36d    00000126     driverlib.lib : sysctl.obj (.text:SysCtl_setClock)
                  0000c493    00000120                   : sysctl.obj (.text:SysCtl_isPLLValid)
                  0000c5b3    000000d0     controler_CL.obj (.text:INV_readCurrentAndVoltageSignals)
                  0000c683    000000b6     controler_CL.obj (.text:SPLL_1PH_SOGI_coeff_calc)
                  0000c739    00000099     board.obj (.text:myCMPSS_iAC_vAC_init)
                  0000c7d2    00000080     controler_CL.obj (.text:SPLL_1PH_SOGI_reset)
                  0000c852    00000075     board.obj (.text:EPWM_setADCTriggerSource)
                  0000c8c7    00000073     driverlib.lib : sysctl.obj (.text:DCC_setCounterSeeds)
                  0000c93a    00000071                   : gpio.obj (.text:GPIO_setAnalogMode)
                  0000c9ab    00000065                   : sysctl.obj (.text:SysCtl_getClock)
                  0000ca10    00000064                   : adc.obj (.text:ADC_setINLTrim)
                  0000ca74    00000063     controler_CL.obj (.text:INV_DCAC_Modulation)
                  0000cad7    00000062     controler_CL.obj (.text:INV_vACVoltageControl_Basic)
                  0000cb39    00000061     controler_CL.obj (.text:INV_globalVariablesInit)
                  0000cb9a    0000005d     inv_hr_main.obj (.text:INT_myADC0_1_ISR)
                  0000cbf7    00000055     board.obj (.text:myADC0_init)
                  0000cc4c    00000054     board.obj (.text:PinMux_init)
                  0000cca0    00000053     board.obj (.text:EPWM_isBaseValid)
                  0000ccf3    00000053     controler_CL.obj (.text:EPWM_isBaseValid)
                  0000cd46    00000052     driverlib.lib : gpio.obj (.text:GPIO_setPadConfig)
                  0000cd98    00000050                   : cmpss.obj (.text:CMPSS_configFilterHigh)
                  0000cde8    00000050                   : cmpss.obj (.text:CMPSS_configFilterLow)
                  0000ce38    0000004d                   : xbar.obj (.text:XBAR_setEPWMMuxConfig)
                  0000ce85    00000049                   : adc.obj (.text:ADC_setVREF)
                  0000cece    00000047                   : sysctl.obj (.text:SysCtl_selectOscSource)
                  0000cf15    00000046     board.obj (.text:ADC_setupSOC)
                  0000cf5b    00000046     driverlib.lib : cmpss.obj (.text:CMPSS_configRampLow)
                  0000cfa1    00000046                   : sysctl.obj (.text:SysCtl_selectXTAL)
                  0000cfe7    00000045     controler_CL.obj (.text:INV_runISR1_lab_DCAC_CL)
                  0000d02c    00000045     driverlib.lib : sysctl.obj (.text:SysCtl_pollX1Counter)
                  0000d071    00000044     board.obj (.text:ADC_Current_init)
                  0000d0b5    00000043     driverlib.lib : cmpss.obj (.text:CMPSS_configRampHigh)
                  0000d0f8    00000040     board.obj (.text:EPWM_setActionQualifierAction)
                  0000d138    0000003e     board.obj (.text:EPWM_setCounterCompareShadowLoadMode)
                  0000d176    0000003d     driverlib.lib : interrupt.obj (.text:Interrupt_initModule)
                  0000d1b3    0000003a     board.obj (.text:EPWM_setADCTriggerEventPrescale)
                  0000d1ed    00000039     controler_CL.obj (.text:INV_RAMP_VAC)
                  0000d226    00000037     board.obj (.text:ASysCtl_selectCMPHPMux)
                  0000d25d    00000037     board.obj (.text:CMPSS_isBaseValid)
                  0000d294    00000037     driverlib.lib : cmpss.obj (.text:CMPSS_isBaseValid)
                  0000d2cb    00000037                   : gpio.obj (.text:GPIO_setControllerCore)
                  0000d302    00000037                   : gpio.obj (.text:GPIO_setPinConfig)
                  0000d339    00000037                   : gpio.obj (.text:GPIO_setQualificationMode)
                  0000d370    00000037                   : interrupt.obj (.text:Interrupt_enable)
                  0000d3a7    00000034     device.obj (.text:Device_init)
                  0000d3db    00000031     board.obj (.text:ASysCtl_selectCMPLPMux)
                  0000d40c    00000031     driverlib.lib : gpio.obj (.text:GPIO_setDirectionMode)
                  0000d43d    00000030     rts2800_fpu64_eabi.lib : copy_decompress_lzss.c.obj (.text:decompress:lzss)
                  0000d46d    0000002f     board.obj (.text:ADC_setInterruptSource)
                  0000d49c    0000002e     board.obj (.text:ADC_setInterruptSOCTrigger)
                  0000d4ca    0000002e     board.obj (.text:EPWM_setDeadBandOutputSwapMode)
                  0000d4f8    0000002c     board.obj (.text:EPWM_setDeadBandDelayMode)
                  0000d524    0000002b     driverlib.lib : cmpss.obj (.text:CMPSS_configLatchOnPWMSYNC)
                  0000d54f    0000002b     rts2800_fpu64_eabi.lib : autoinit.c.obj (.text:__TI_auto_init_nobinit_nopinit)
                  0000d57a    0000002a     controler_CL.obj (.text:SPLL_1PH_SOGI_config)
                  0000d5a4    00000029     rts2800_fpu64_eabi.lib : exit.c.obj (.text)
                  0000d5cd    00000025     board.obj (.text:CMPSS_configBlanking)
                  0000d5f2    00000025     driverlib.lib : sysctl.obj (.text:SysCtl_selectXTALSingleEnded)
                  0000d617    00000024                   : sysctl.obj (.text:DCC_enableSingleShotMode)
                  0000d63b    00000024     device.obj (.text:Device_initGPIO)
                  0000d65f    00000024     board.obj (.text:EPWM_setDeadBandDelayPolarity)
                  0000d683    00000024     board.obj (.text:XBAR_enableEPWMMux)
                  0000d6a7    00000024     inv_hr_main.obj (.text:main)
                  0000d6cb    00000022     board.obj (.text:CMPSS_selectDEACTIVESource)
                  0000d6ed    00000022     board.obj (.text:EPWM_setCounterCompareValue)
                  0000d70f    00000022     controler_CL.obj (.text:EPWM_setCounterCompareValue)
                  0000d731    00000022     board.obj (.text:EPWM_setTripZoneAction)
                  0000d753    00000021     driverlib.lib : cmpss.obj (.text:CMPSS_configureSyncSourceLow)
                  0000d774    00000021     controler_CL.obj (.text:RAMPGEN_run)
                  0000d795    00000020     board.obj (.text:ADC_enableContinuousMode)
                  0000d7b5    00000020     board.obj (.text:ADC_enableInterrupt)
                  0000d7d5    0000001f     board.obj (.text:EPWM_setFallingEdgeDelayCountShadowLoadMode)
                  0000d7f4    0000001f     board.obj (.text:EPWM_setRisingEdgeDelayCountShadowLoadMode)
                  0000d813    0000001f     inv_hr_main.obj (.text:GPIO_togglePin)
                  0000d832    0000001e     board.obj (.text:CMPSS_configHighDACShadowValueDE)
                  0000d850    0000001e     board.obj (.text:CMPSS_configLowDACShadowValueDE)
                  0000d86e    0000001e     driverlib.lib : sysctl.obj (.text:DCC_setCounter0ClkSource)
                  0000d88c    0000001e                   : sysctl.obj (.text:DCC_setCounter1ClkSource)
                  0000d8aa    0000001e     board.obj (.text:EPWM_setPhaseShift)
                  0000d8c8    0000001e     driverlib.lib : interrupt.obj (.text:Interrupt_initVectorTable)
                  0000d8e6    0000001d     inv_hr_main.obj (.text:ADC_getInterruptOverflowStatus)
                  0000d903    0000001d     driverlib.lib : adc.obj (.text:ADC_setMode)
                  0000d920    0000001d     board.obj (.text:CMPSS_setDACValueLow)
                  0000d93d    0000001d     board.obj (.text:CMPSS_setHysteresis)
                  0000d95a    0000001d     board.obj (.text:CMPSS_setRampClockDividerHigh)
                  0000d977    0000001d     board.obj (.text:CMPSS_setRampClockDividerLow)
                  0000d994    0000001d     driverlib.lib : cmpss.obj (.text:CMPSS_setRampDelayHigh)
                  0000d9b1    0000001d                   : cmpss.obj (.text:CMPSS_setRampDelayLow)
                  0000d9ce    0000001d     board.obj (.text:EPWM_setFallingEdgeDelayCount)
                  0000d9eb    0000001d     board.obj (.text:EPWM_setRisingEdgeDelayCount)
                  0000da08    0000001d     rts2800_fpu64_eabi.lib : memcpy.c.obj (.text)
                  0000da25    0000001c     board.obj (.text:ADC_setSOCPriority)
                  0000da41    0000001c     board.obj (.text:CMPSS_configDACLow)
                  0000da5d    0000001c     driverlib.lib : cmpss.obj (.text:CMPSS_setRampDirectionLow)
                  0000da79    0000001c     board.obj (.text:EPWM_enableADCTrigger)
                  0000da95    0000001c     board.obj (.text:EPWM_setClockPrescaler)
                  0000dab1    0000001b     driverlib.lib : cmpss.obj (.text:CMPSS_configureSyncSourceHigh)
                  0000dacc    0000001b     board.obj (.text:CMPSS_setDACValueHigh)
                  0000dae7    0000001a     controler_CL.obj (.text:ADC_readResult)
                  0000db01    0000001a     board.obj (.text:ASysCtl_setAnalogReference1P65)
                  0000db1b    0000001a     driverlib.lib : sysctl.obj (.text:DCC_isBaseValid)
                  0000db35    0000001a                   : sysctl.obj (.text:SysCtl_getLowSpeedClock)
                  0000db4f    00000019     board.obj (.text:ASysCtl_setAnalogReferenceInternal)
                  0000db68    00000019     board.obj (.text:CMPSS_configLowComparator)
                  0000db81    00000019     board.obj (.text:CMPSS_configOutputsLow)
                  0000db9a    00000019     driverlib.lib : sysctl.obj (.text:SysCtl_setPLLSysClk)
                  0000dbb3    00000019     rts2800_fpu32_fast_supplement_eabi.lib : div_f32.obj (.text)
                  0000dbcc    00000019     rts2800_fpu64_eabi.lib : boot28.asm.obj (.text)
                  0000dbe5    00000018     board.obj (.text:EPWM_disableFallingEdgeDelayCountShadowLoadMode)
                  0000dbfd    00000018     board.obj (.text:EPWM_disableRisingEdgeDelayCountShadowLoadMode)
                  0000dc15    00000018     board.obj (.text:EPWM_enableADCTriggerEventCountInit)
                  0000dc2d    00000017     board.obj (.text:ADC_isBaseValid)
                  0000dc44    00000017     driverlib.lib : adc.obj (.text:ADC_isBaseValid)
                  0000dc5b    00000017     inv_hr_main.obj (.text:ADC_isBaseValid)
                  0000dc72    00000017     device.obj (.text:SysCtl_enablePeripheral)
                  0000dc89    00000017     driverlib.lib : sysctl.obj (.text:SysCtl_enablePeripheral)
                  0000dca0    00000016                   : adc.obj (.text:ADC_selectOffsetTrimMode)
                  0000dcb6    00000016     board.obj (.text:ADC_setInterruptCycleOffset)
                  0000dccc    00000016     board.obj (.text:ADC_setInterruptPulseMode)
                  0000dce2    00000016     board.obj (.text:ADC_setPrescaler)
                  0000dcf8    00000016     board.obj (.text:CMPSS_configDACHigh)
                  0000dd0e    00000016     board.obj (.text:CMPSS_configHighComparator)
                  0000dd24    00000016     board.obj (.text:CMPSS_configOutputsHigh)
                  0000dd3a    00000016     driverlib.lib : cmpss.obj (.text:CMPSS_setRampDirectionHigh)
                  0000dd50    00000016                   : sysctl.obj (.text:DCC_disableDoneSignal)
                  0000dd66    00000016     board.obj (.text:EPWM_setSyncInPulseSource)
                  0000dd7c    00000016     driverlib.lib : interrupt.obj (.text:Interrupt_defaultHandler)
                  0000dd92    00000016     controler_CL.obj (.text:RAMPGEN_config)
                  0000dda8    00000015     board.obj (.text:ADC_disableBurstMode)
                  0000ddbd    00000015     board.obj (.text:Board_init)
                  0000ddd2    00000015     board.obj (.text:CMPSS_disableBlanking)
                  0000dde7    00000015     board.obj (.text:CMPSS_disableLatchResetOnPWMSYNCHigh)
                  0000ddfc    00000015     board.obj (.text:CMPSS_disableLatchResetOnPWMSYNCLow)
                  0000de11    00000015     driverlib.lib : sysctl.obj (.text:DCC_clearDoneFlag)
                  0000de26    00000015                   : sysctl.obj (.text:DCC_clearErrorFlag)
                  0000de3b    00000015                   : sysctl.obj (.text:DCC_disableErrorSignal)
                  0000de50    00000015     device.obj (.text:GPIO_unlockPortConfig)
                  0000de65    00000014     inv_hr_main.obj (.text:ADC_clearInterruptOverflowStatus)
                  0000de79    00000014     board.obj (.text:ADC_clearInterruptStatus)
                  0000de8d    00000014     inv_hr_main.obj (.text:ADC_clearInterruptStatus)
                  0000dea1    00000014     driverlib.lib : cmpss.obj (.text:CMPSS_setRampReferenceHigh)
                  0000deb5    00000014                   : cmpss.obj (.text:CMPSS_setRampReferenceLow)
                  0000dec9    00000014                   : cmpss.obj (.text:CMPSS_setRampStepHigh)
                  0000dedd    00000014                   : cmpss.obj (.text:CMPSS_setRampStepLow)
                  0000def1    00000014                   : sysctl.obj (.text:DCC_disableModule)
                  0000df05    00000014                   : sysctl.obj (.text:DCC_enableModule)
                  0000df19    00000014     board.obj (.text:EPWM_setTimeBaseCounterMode)
                  0000df2d    00000014     board.obj (.text:EPWM_setTimeBasePeriod)
                  0000df41    00000014     driverlib.lib : gpio.obj (.text:GPIO_isPinValid)
                  0000df55    00000014     inv_hr_main.obj (.text:GPIO_isPinValid)
                  0000df69    00000014     board.obj (.text:myGPIO0_init)
                  0000df7d    00000014     board.obj (.text:myGPIO1_init)
                  0000df91    00000013     board.obj (.text:ADC_enableAltDMATiming)
                  0000dfa4    00000013     board.obj (.text:ADC_enableConverter)
                  0000dfb7    00000013     board.obj (.text:CMPSS_enableModule)
                  0000dfca    00000012     board.obj (.text:EPWM_setTimeBaseCounter)
                  0000dfdc    00000012     board.obj (.text:SysCtl_setSyncOutputConfig)
                  0000dfee    00000011     board.obj (.text:EPWM_disablePhaseShiftLoad)
                  0000dfff    00000001     c2000ware_libraries.obj (.text:C2000Ware_libraries_init)

.text.2    0    0000e3f8    00000128     
                  0000e3f8    0000000f     board.obj (.text:Interrupt_register)
                  0000e407    0000000f     driverlib.lib : ipc.obj (.text:Interrupt_unregister)
                  0000e416    0000000d     board.obj (.text:ASYSCTL_init)
                  0000e423    0000000d     board.obj (.text:INTERRUPT_init)
                  0000e430    0000000d     driverlib.lib : interrupt.obj (.text:Interrupt_disableGlobal)
                  0000e43d    0000000d                   : interrupt.obj (.text:Interrupt_enableGlobal)
                  0000e44a    0000000d     device.obj (.text:SysCtl_setLowSpeedClock)
                  0000e457    0000000d     rts2800_fpu64_eabi.lib : copy_zero_init.c.obj (.text:decompress:ZI:__TI_zero_init_nomemset)
                  0000e464    0000000c     board.obj (.text:SysCtl_enableExtADCSOCSource)
                  0000e470    0000000c     board.obj (.text:myEPWMXBAR0_init)
                  0000e47c    0000000c     rts2800_fpu64_eabi.lib : args_main.c.obj (.text)
                  0000e488    0000000b     device.obj (.text:SysCtl_disableWatchdog)
                  0000e493    0000000b     driverlib.lib : sysctl.obj (.text:SysCtl_isMCDClockFailureDetected)
                  0000e49e    0000000a                   : interrupt.obj (.text:Interrupt_illegalOperationHandler)
                  0000e4a8    0000000a                   : interrupt.obj (.text:Interrupt_nmiHandler)
                  0000e4b2    0000000a     board.obj (.text:SYNC_init)
                  0000e4bc    00000009     controler_CL.obj (.text:__relaxed_sqrtf)
                  0000e4c5    00000009     rts2800_fpu64_eabi.lib : _lock.c.obj (.text)
                  0000e4ce    00000008     driverlib.lib : adc.obj (.text:ADC_setOffsetTrim)
                  0000e4d6    00000008     controler_CL.obj (.text:RAMPGEN_reset)
                  0000e4de    00000008     rts2800_fpu64_eabi.lib : copy_decompress_none.c.obj (.text:decompress:none)
                  0000e4e6    00000008     f28p65x_codestartbranch.obj (.text)
                  0000e4ee    00000007     board.obj (.text:ASysCtl_enableTemperatureSensor)
                  0000e4f5    00000007     driverlib.lib : sysctl.obj (.text:SysCtl_resetMCD)
                  0000e4fc    00000007     device.obj (.text:__error__)
                  0000e503    00000006     inv_hr_main.obj (.text:Interrupt_clearACKGroup)
                  0000e509    00000005     board.obj (.text:ADC_init)
                  0000e50e    00000005     board.obj (.text:GPIO_init)
                  0000e513    00000004     device.obj (.text:SysCtl_deviceCal)
                  0000e517    00000003     board.obj (.text:CMPSS_init)
                  0000e51a    00000003     board.obj (.text:EPWMXBAR_init)
                  0000e51d    00000002     rts2800_fpu64_eabi.lib : pre_init.c.obj (.text)
                  0000e51f    00000001                            : startup.c.obj (.text)

MODULE SUMMARY

       Module                        code   ro data   rw data
       ------                        ----   -------   -------
    .\
       controler_CL.obj              1195   124       216    
       inv_hr_main.obj               278    186       22     
    +--+-----------------------------+------+---------+---------+
       Total:                        1473   310       238    
                                                             
    .\device\
       device.obj                    583    145       0      
       f28p65x_codestartbranch.obj   10     0         0      
    +--+-----------------------------+------+---------+---------+
       Total:                        593    145       0      
                                                             
    .\syscfg\
       board.obj                     3150   254       0      
       c2000ware_libraries.obj       1      0         0      
    +--+-----------------------------+------+---------+---------+
       Total:                        3151   254       0      
                                                             
    ../libraries/FPUfastRTS/rts2800_fpu32_fast_supplement_eabi.lib
       div_f32.obj                   25     0         0      
    +--+-----------------------------+------+---------+---------+
       Total:                        25     0         0      
                                                             
    C:/ti/C2000Ware_5_04_00_00/driverlib/f28p65x/driverlib/ccs/Debug/driverlib.lib
       sysctl.obj                    1388   154       0      
       cmpss.obj                     643    155       0      
       gpio.obj                      429    152       0      
       adc.obj                       255    151       0      
       interrupt.obj                 214    0         0      
       xbar.obj                      77     0         0      
       ipc.obj                       15     0         0      
    +--+-----------------------------+------+---------+---------+
       Total:                        3021   612       0      
                                                             
    C:\ti\ccs2011\ccs\tools\compiler\ti-cgt-c2000_22.6.1.LTS\lib\rts2800_fpu64_eabi.lib
       copy_decompress_lzss.c.obj    48     0         0      
       exit.c.obj                    41     0         6      
       autoinit.c.obj                43     0         0      
       memcpy.c.obj                  29     0         0      
       boot28.asm.obj                25     0         0      
       _lock.c.obj                   9      0         4      
       copy_zero_init.c.obj          13     0         0      
       args_main.c.obj               12     0         0      
       copy_decompress_none.c.obj    8      0         0      
       pre_init.c.obj                2      0         0      
       startup.c.obj                 1      0         0      
    +--+-----------------------------+------+---------+---------+
       Total:                        231    0         10     
                                                             
       Stack:                        0      0         1016   
       Linker Generated:             0      45        0      
    +--+-----------------------------+------+---------+---------+
       Grand Total:                  8494   1366      1264   


LINKER GENERATED COPY TABLES

__TI_cinit_table @ 000001dc records: 2, size/record: 4, table size: 8
	.data: load addr=000001b6, load size=0000001b bytes, run addr=0000a8c0, run size=0000006c bytes, compression=lzss
	.bss: load addr=000001d8, load size=00000004 bytes, run addr=0000a800, run size=0000008c bytes, compression=zero_init


LINKER GENERATED HANDLER TABLE

__TI_handler_table @ 000001d2 records: 3, size/record: 2, table size: 6
	index: 0, handler: __TI_zero_init
	index: 1, handler: __TI_decompress_lzss
	index: 2, handler: __TI_decompress_none


GLOBAL DATA SYMBOLS: SORTED BY DATA PAGE

address     data page           name
--------    ----------------    ----
0000a800     2a0 (0000a800)     INV_DCAC_vAC_sensed_pu
0000a802     2a0 (0000a800)     INV_DCAC_vAC_Conv
0000a804     2a0 (0000a800)     INV_DCAC_vAC_sensed_FILTER
0000a806     2a0 (0000a800)     INV_DCAC_vAC_RMS_FILTER
0000a808     2a0 (0000a800)     INV_DCAC_iAC_sensed_pu
0000a80a     2a0 (0000a800)     INV_DCAC_iAC_Conv
0000a80c     2a0 (0000a800)     INV_DCAC_vAC_loop_err
0000a80e     2a0 (0000a800)     INV_DCAC_vAC_OUT_Err
0000a810     2a0 (0000a800)     INV_DCDC_VDCext_Ref
0000a812     2a0 (0000a800)     INV_DCDC_VDCext_Ref_Slewed
0000a814     2a0 (0000a800)     INV_DCDC_vDC_Ref
0000a816     2a0 (0000a800)     INV_DCDC_vDC_Ref_Slewed
0000a818     2a0 (0000a800)     INV_DCAC_vDC_sensed_NOTCH
0000a81a     2a0 (0000a800)     INV_reset_PLL

0000a840     2a1 (0000a840)     INV_spll_1ph

0000a882     2a2 (0000a880)     INV_DCAC_Index_Modulation
0000a884     2a2 (0000a880)     INV_DCAC_rgen
0000a88a     2a2 (0000a880)     INV_DCAC_Amplitude

0000a8c0     2a3 (0000a8c0)     INV_clearPWMTripDCAC
0000a8c1     2a3 (0000a8c0)     INV_updateDutyDCAC
0000a8c2     2a3 (0000a8c0)     vAC_Sum_Value
0000a8c3     2a3 (0000a8c0)     iAC_Sum_Value
0000a8c4     2a3 (0000a8c0)     zero_sine
0000a8c6     2a3 (0000a8c0)     INV_Sum_vAC_pu
0000a8c8     2a3 (0000a8c0)     INV_Average_vAC_pu
0000a8ca     2a3 (0000a8c0)     INV_Sum_iAC_pu
0000a8cc     2a3 (0000a8c0)     INV_Average_iAC_pu
0000a8ce     2a3 (0000a8c0)     Check_Old_Adc
0000a8d0     2a3 (0000a8c0)     INV_DCAC_iAC_Heric_Sensor
0000a8dc     2a3 (0000a8c0)     VDC_NOTCH_FILTER_2_Fe

0000a900     2a4 (0000a900)     gv_ACDC_pi
0000a916     2a4 (0000a900)     ADC_Current
0000a917     2a4 (0000a900)     val_table_sine
0000a918     2a4 (0000a900)     flag_table_sine
0000a919     2a4 (0000a900)     mesure_adc
0000a91a     2a4 (0000a900)     INV_DCAC_vAC_Heric_Sensor
0000a91c     2a4 (0000a900)     INV_DCAC_vAC_Heric_Sensor_1
0000a91e     2a4 (0000a900)     Check_clock
0000a920     2a4 (0000a900)     val_amp_sine
0000a922     2a4 (0000a900)     __TI_enable_exit_profile_output
0000a924     2a4 (0000a900)     __TI_cleanup_ptr
0000a926     2a4 (0000a900)     __TI_dtors_ptr
0000a928     2a4 (0000a900)     _lock
0000a92a     2a4 (0000a900)     _unlock

0000e000     380 (0000e000)     __stack


GLOBAL SYMBOLS: SORTED ALPHABETICALLY BY Name 

page  address   name                             
----  -------   ----                             
0     0000a916  ADC_Current                      
0     0000d071  ADC_Current_init                 
0     0000e509  ADC_init                         
0     0000ca10  ADC_setINLTrim                   
0     0000d903  ADC_setMode                      
0     0000e4ce  ADC_setOffsetTrim                
0     0000ce85  ADC_setVREF                      
0     0000e416  ASYSCTL_init                     
0     0000ddbd  Board_init                       
0     0000d5a4  C$$EXIT                          
0     0000dfff  C2000Ware_libraries_init         
0     0000cd98  CMPSS_configFilterHigh           
0     0000cde8  CMPSS_configFilterLow            
0     0000d524  CMPSS_configLatchOnPWMSYNC       
0     0000d0b5  CMPSS_configRampHigh             
0     0000cf5b  CMPSS_configRampLow              
0     0000e517  CMPSS_init                       
0     0000a8ce  Check_Old_Adc                    
0     0000a91e  Check_clock                      
0     0000c1cd  Device_enableAllPeripherals      
0     0000d3a7  Device_init                      
0     0000d63b  Device_initGPIO                  
0     0000e51a  EPWMXBAR_init                    
0     0000c000  EPWM_init                        
0     0000e50e  GPIO_init                        
0     0000c93a  GPIO_setAnalogMode               
0     0000d2cb  GPIO_setControllerCore           
0     0000d40c  GPIO_setDirectionMode            
0     0000cd46  GPIO_setPadConfig                
0     0000d302  GPIO_setPinConfig                
0     0000d339  GPIO_setQualificationMode        
0     0000e423  INTERRUPT_init                   
0     0000cb9a  INT_myADC0_1_ISR                 
0     0000a8cc  INV_Average_iAC_pu               
0     0000a8c8  INV_Average_vAC_pu               
0     0000a88a  INV_DCAC_Amplitude               
0     0000a882  INV_DCAC_Index_Modulation        
0     0000ca74  INV_DCAC_Modulation              
0     0000a80a  INV_DCAC_iAC_Conv                
0     0000a8d0  INV_DCAC_iAC_Heric_Sensor        
0     0000a808  INV_DCAC_iAC_sensed_pu           
0     0000a884  INV_DCAC_rgen                    
0     0000a802  INV_DCAC_vAC_Conv                
0     0000a91a  INV_DCAC_vAC_Heric_Sensor        
0     0000a91c  INV_DCAC_vAC_Heric_Sensor_1      
0     0000a80e  INV_DCAC_vAC_OUT_Err             
0     0000a806  INV_DCAC_vAC_RMS_FILTER          
0     0000a80c  INV_DCAC_vAC_loop_err            
0     0000a804  INV_DCAC_vAC_sensed_FILTER       
0     0000a800  INV_DCAC_vAC_sensed_pu           
0     0000a818  INV_DCAC_vDC_sensed_NOTCH        
0     0000a810  INV_DCDC_VDCext_Ref              
0     0000a812  INV_DCDC_VDCext_Ref_Slewed       
0     0000a814  INV_DCDC_vDC_Ref                 
0     0000a816  INV_DCDC_vDC_Ref_Slewed          
0     0000d1ed  INV_RAMP_VAC                     
0     0000a8ca  INV_Sum_iAC_pu                   
0     0000a8c6  INV_Sum_vAC_pu                   
0     0000a8c0  INV_clearPWMTripDCAC             
0     0000cb39  INV_globalVariablesInit          
0     0000c5b3  INV_readCurrentAndVoltageSignals 
0     0000a81a  INV_reset_PLL                    
0     0000cfe7  INV_runISR1_lab_DCAC_CL          
0     0000a840  INV_spll_1ph                     
0     0000a8c1  INV_updateDutyDCAC               
0     0000cad7  INV_vACVoltageControl_Basic      
0     0000dd7c  Interrupt_defaultHandler         
0     0000d370  Interrupt_enable                 
0     0000e49e  Interrupt_illegalOperationHandler
0     0000d176  Interrupt_initModule             
0     0000d8c8  Interrupt_initVectorTable        
0     0000e4a8  Interrupt_nmiHandler             
0     0000cc4c  PinMux_init                      
0     0000e4b2  SYNC_init                        
0     000001b1  SysCtl_delay                     
0     0000c9ab  SysCtl_getClock                  
0     0000db35  SysCtl_getLowSpeedClock          
0     0000c493  SysCtl_isPLLValid                
0     0000cece  SysCtl_selectOscSource           
0     0000cfa1  SysCtl_selectXTAL                
0     0000d5f2  SysCtl_selectXTALSingleEnded     
0     0000c36d  SysCtl_setClock                  
0     0000a8dc  VDC_NOTCH_FILTER_2_Fe            
0     0000ce38  XBAR_setEPWMMuxConfig            
0     000001dc  __TI_CINIT_Base                  
0     000001e4  __TI_CINIT_Limit                 
0     000001e4  __TI_CINIT_Warm                  
0     000001d2  __TI_Handler_Table_Base          
0     000001d8  __TI_Handler_Table_Limit         
0     0000e3f8  __TI_STACK_END                   
abs   000003f8  __TI_STACK_SIZE                  
0     0000d54f  __TI_auto_init_nobinit_nopinit   
0     0000a924  __TI_cleanup_ptr                 
0     0000d43d  __TI_decompress_lzss             
0     0000e4de  __TI_decompress_none             
0     0000a926  __TI_dtors_ptr                   
0     0000a922  __TI_enable_exit_profile_output  
abs   ffffffff  __TI_pprof_out_hndl              
abs   ffffffff  __TI_prof_data_size              
abs   ffffffff  __TI_prof_data_start             
0     0000e457  __TI_zero_init_nomemset          
0     0000dbb3  __c28xabi_divf                   
n/a   UNDEFED   __c_args__                       
0     0000e4fc  __error__                        
0     0000e4bc  __relaxed_sqrtf                  
0     0000e000  __stack                          
0     0000e47c  _args_main                       
0     0000dbcc  _c_int00                         
0     0000a928  _lock                            
0     0000e4cd  _nop                             
0     0000e4c9  _register_lock                   
0     0000e4c5  _register_unlock                 
0     0000e51f  _system_post_cinit               
0     0000e51d  _system_pre_init                 
0     0000a92a  _unlock                          
0     0000d5a4  abort                            
0     00000000  code_start                       
0     0000d5a6  exit                             
0     0000a918  flag_table_sine                  
0     0000a900  gv_ACDC_pi                       
0     0000a8c3  iAC_Sum_Value                    
0     0000d6a7  main                             
0     0000da08  memcpy                           
0     0000a919  mesure_adc                       
0     0000cbf7  myADC0_init                      
0     0000c739  myCMPSS_iAC_vAC_init             
0     0000e470  myEPWMXBAR0_init                 
0     0000df69  myGPIO0_init                     
0     0000df7d  myGPIO1_init                     
0     0000a8c2  vAC_Sum_Value                    
0     0000a920  val_amp_sine                     
0     0000a917  val_table_sine                   
0     0000a8c4  zero_sine                        


GLOBAL SYMBOLS: SORTED BY Symbol Address 

page  address   name                             
----  -------   ----                             
0     00000000  code_start                       
0     000001b1  SysCtl_delay                     
0     000001d2  __TI_Handler_Table_Base          
0     000001d8  __TI_Handler_Table_Limit         
0     000001dc  __TI_CINIT_Base                  
0     000001e4  __TI_CINIT_Limit                 
0     000001e4  __TI_CINIT_Warm                  
0     0000a800  INV_DCAC_vAC_sensed_pu           
0     0000a802  INV_DCAC_vAC_Conv                
0     0000a804  INV_DCAC_vAC_sensed_FILTER       
0     0000a806  INV_DCAC_vAC_RMS_FILTER          
0     0000a808  INV_DCAC_iAC_sensed_pu           
0     0000a80a  INV_DCAC_iAC_Conv                
0     0000a80c  INV_DCAC_vAC_loop_err            
0     0000a80e  INV_DCAC_vAC_OUT_Err             
0     0000a810  INV_DCDC_VDCext_Ref              
0     0000a812  INV_DCDC_VDCext_Ref_Slewed       
0     0000a814  INV_DCDC_vDC_Ref                 
0     0000a816  INV_DCDC_vDC_Ref_Slewed          
0     0000a818  INV_DCAC_vDC_sensed_NOTCH        
0     0000a81a  INV_reset_PLL                    
0     0000a840  INV_spll_1ph                     
0     0000a882  INV_DCAC_Index_Modulation        
0     0000a884  INV_DCAC_rgen                    
0     0000a88a  INV_DCAC_Amplitude               
0     0000a8c0  INV_clearPWMTripDCAC             
0     0000a8c1  INV_updateDutyDCAC               
0     0000a8c2  vAC_Sum_Value                    
0     0000a8c3  iAC_Sum_Value                    
0     0000a8c4  zero_sine                        
0     0000a8c6  INV_Sum_vAC_pu                   
0     0000a8c8  INV_Average_vAC_pu               
0     0000a8ca  INV_Sum_iAC_pu                   
0     0000a8cc  INV_Average_iAC_pu               
0     0000a8ce  Check_Old_Adc                    
0     0000a8d0  INV_DCAC_iAC_Heric_Sensor        
0     0000a8dc  VDC_NOTCH_FILTER_2_Fe            
0     0000a900  gv_ACDC_pi                       
0     0000a916  ADC_Current                      
0     0000a917  val_table_sine                   
0     0000a918  flag_table_sine                  
0     0000a919  mesure_adc                       
0     0000a91a  INV_DCAC_vAC_Heric_Sensor        
0     0000a91c  INV_DCAC_vAC_Heric_Sensor_1      
0     0000a91e  Check_clock                      
0     0000a920  val_amp_sine                     
0     0000a922  __TI_enable_exit_profile_output  
0     0000a924  __TI_cleanup_ptr                 
0     0000a926  __TI_dtors_ptr                   
0     0000a928  _lock                            
0     0000a92a  _unlock                          
0     0000c000  EPWM_init                        
0     0000c1cd  Device_enableAllPeripherals      
0     0000c36d  SysCtl_setClock                  
0     0000c493  SysCtl_isPLLValid                
0     0000c5b3  INV_readCurrentAndVoltageSignals 
0     0000c739  myCMPSS_iAC_vAC_init             
0     0000c93a  GPIO_setAnalogMode               
0     0000c9ab  SysCtl_getClock                  
0     0000ca10  ADC_setINLTrim                   
0     0000ca74  INV_DCAC_Modulation              
0     0000cad7  INV_vACVoltageControl_Basic      
0     0000cb39  INV_globalVariablesInit          
0     0000cb9a  INT_myADC0_1_ISR                 
0     0000cbf7  myADC0_init                      
0     0000cc4c  PinMux_init                      
0     0000cd46  GPIO_setPadConfig                
0     0000cd98  CMPSS_configFilterHigh           
0     0000cde8  CMPSS_configFilterLow            
0     0000ce38  XBAR_setEPWMMuxConfig            
0     0000ce85  ADC_setVREF                      
0     0000cece  SysCtl_selectOscSource           
0     0000cf5b  CMPSS_configRampLow              
0     0000cfa1  SysCtl_selectXTAL                
0     0000cfe7  INV_runISR1_lab_DCAC_CL          
0     0000d071  ADC_Current_init                 
0     0000d0b5  CMPSS_configRampHigh             
0     0000d176  Interrupt_initModule             
0     0000d1ed  INV_RAMP_VAC                     
0     0000d2cb  GPIO_setControllerCore           
0     0000d302  GPIO_setPinConfig                
0     0000d339  GPIO_setQualificationMode        
0     0000d370  Interrupt_enable                 
0     0000d3a7  Device_init                      
0     0000d40c  GPIO_setDirectionMode            
0     0000d43d  __TI_decompress_lzss             
0     0000d524  CMPSS_configLatchOnPWMSYNC       
0     0000d54f  __TI_auto_init_nobinit_nopinit   
0     0000d5a4  C$$EXIT                          
0     0000d5a4  abort                            
0     0000d5a6  exit                             
0     0000d5f2  SysCtl_selectXTALSingleEnded     
0     0000d63b  Device_initGPIO                  
0     0000d6a7  main                             
0     0000d8c8  Interrupt_initVectorTable        
0     0000d903  ADC_setMode                      
0     0000da08  memcpy                           
0     0000db35  SysCtl_getLowSpeedClock          
0     0000dbb3  __c28xabi_divf                   
0     0000dbcc  _c_int00                         
0     0000dd7c  Interrupt_defaultHandler         
0     0000ddbd  Board_init                       
0     0000df69  myGPIO0_init                     
0     0000df7d  myGPIO1_init                     
0     0000dfff  C2000Ware_libraries_init         
0     0000e000  __stack                          
0     0000e3f8  __TI_STACK_END                   
0     0000e416  ASYSCTL_init                     
0     0000e423  INTERRUPT_init                   
0     0000e457  __TI_zero_init_nomemset          
0     0000e470  myEPWMXBAR0_init                 
0     0000e47c  _args_main                       
0     0000e49e  Interrupt_illegalOperationHandler
0     0000e4a8  Interrupt_nmiHandler             
0     0000e4b2  SYNC_init                        
0     0000e4bc  __relaxed_sqrtf                  
0     0000e4c5  _register_unlock                 
0     0000e4c9  _register_lock                   
0     0000e4cd  _nop                             
0     0000e4ce  ADC_setOffsetTrim                
0     0000e4de  __TI_decompress_none             
0     0000e4fc  __error__                        
0     0000e509  ADC_init                         
0     0000e50e  GPIO_init                        
0     0000e517  CMPSS_init                       
0     0000e51a  EPWMXBAR_init                    
0     0000e51d  _system_pre_init                 
0     0000e51f  _system_post_cinit               
abs   000003f8  __TI_STACK_SIZE                  
abs   ffffffff  __TI_pprof_out_hndl              
abs   ffffffff  __TI_prof_data_size              
abs   ffffffff  __TI_prof_data_start             
n/a   UNDEFED   __c_args__                       

[133 symbols]
