<?xml version="1.0" encoding="ISO-8859-1" ?>
<link_info>
   <banner>TMS320C2000 Linker PC v22.6.1.LTS</banner>
   <copyright>Copyright (c) 1996-2018 Texas Instruments Incorporated</copyright>
   <link_time>0x684261c3</link_time>
   <link_errors>0x0</link_errors>
   <output_file>use.main.out</output_file>
   <entry_point>
      <name>code_start</name>
      <address>0x0</address>
   </entry_point>
   <input_file_list>
      <input_file id="fl-2">
         <path>.\syscfg\</path>
         <kind>object</kind>
         <file>board.obj</file>
         <name>board.obj</name>
      </input_file>
      <input_file id="fl-3">
         <path>.\syscfg\</path>
         <kind>object</kind>
         <file>c2000ware_libraries.obj</file>
         <name>c2000ware_libraries.obj</name>
      </input_file>
      <input_file id="fl-4">
         <path>.\</path>
         <kind>object</kind>
         <file>inv_hr_main.obj</file>
         <name>inv_hr_main.obj</name>
      </input_file>
      <input_file id="fl-5">
         <path>.\device\</path>
         <kind>object</kind>
         <file>device.obj</file>
         <name>device.obj</name>
      </input_file>
      <input_file id="fl-6">
         <path>.\device\</path>
         <kind>object</kind>
         <file>f28p65x_codestartbranch.obj</file>
         <name>f28p65x_codestartbranch.obj</name>
      </input_file>
      <input_file id="fl-7">
         <path>.\libraries\DCL\</path>
         <kind>object</kind>
         <file>DCL_DF22_C1.obj</file>
         <name>DCL_DF22_C1.obj</name>
      </input_file>
      <input_file id="fl-8">
         <path>.\libraries\sfra\</path>
         <kind>object</kind>
         <file>sfra_gui_scicomms_driverlib.obj</file>
         <name>sfra_gui_scicomms_driverlib.obj</name>
      </input_file>
      <input_file id="fl-12">
         <kind>object</kind>
         <file>&lt;internal&gt;</file>
         <name>&lt;internal&gt;</name>
      </input_file>
      <input_file id="fl-13">
         <path>C:\ti\C2000Ware_5_04_00_00\driverlib\f28p65x\driverlib\ccs\Debug\</path>
         <kind>archive</kind>
         <file>driverlib.lib</file>
         <name>adc.obj</name>
      </input_file>
      <input_file id="fl-14">
         <path>C:\ti\C2000Ware_5_04_00_00\driverlib\f28p65x\driverlib\ccs\Debug\</path>
         <kind>archive</kind>
         <file>driverlib.lib</file>
         <name>dcc.obj</name>
      </input_file>
      <input_file id="fl-15">
         <path>C:\ti\C2000Ware_5_04_00_00\driverlib\f28p65x\driverlib\ccs\Debug\</path>
         <kind>archive</kind>
         <file>driverlib.lib</file>
         <name>gpio.obj</name>
      </input_file>
      <input_file id="fl-16">
         <path>C:\ti\C2000Ware_5_04_00_00\driverlib\f28p65x\driverlib\ccs\Debug\</path>
         <kind>archive</kind>
         <file>driverlib.lib</file>
         <name>interrupt.obj</name>
      </input_file>
      <input_file id="fl-17">
         <path>C:\ti\C2000Ware_5_04_00_00\driverlib\f28p65x\driverlib\ccs\Debug\</path>
         <kind>archive</kind>
         <file>driverlib.lib</file>
         <name>ipc.obj</name>
      </input_file>
      <input_file id="fl-18">
         <path>C:\ti\C2000Ware_5_04_00_00\driverlib\f28p65x\driverlib\ccs\Debug\</path>
         <kind>archive</kind>
         <file>driverlib.lib</file>
         <name>sci.obj</name>
      </input_file>
      <input_file id="fl-19">
         <path>C:\ti\C2000Ware_5_04_00_00\driverlib\f28p65x\driverlib\ccs\Debug\</path>
         <kind>archive</kind>
         <file>driverlib.lib</file>
         <name>sysctl.obj</name>
      </input_file>
      <input_file id="fl-1a">
         <path>..\libraries\FPUfastRTS\</path>
         <kind>archive</kind>
         <file>rts2800_fpu32_fast_supplement_eabi.lib</file>
         <name>div_f32.obj</name>
      </input_file>
      <input_file id="fl-26">
         <path>C:\ti\ccs2011\ccs\tools\compiler\ti-cgt-c2000_22.6.1.LTS\lib\</path>
         <kind>archive</kind>
         <file>rts2800_fpu64_eabi.lib</file>
         <name>boot28.asm.obj</name>
      </input_file>
      <input_file id="fl-27">
         <path>C:\ti\ccs2011\ccs\tools\compiler\ti-cgt-c2000_22.6.1.LTS\lib\</path>
         <kind>archive</kind>
         <file>rts2800_fpu64_eabi.lib</file>
         <name>ll_cmp28.asm.obj</name>
      </input_file>
      <input_file id="fl-28">
         <path>C:\ti\ccs2011\ccs\tools\compiler\ti-cgt-c2000_22.6.1.LTS\lib\</path>
         <kind>archive</kind>
         <file>rts2800_fpu64_eabi.lib</file>
         <name>pre_init.c.obj</name>
      </input_file>
      <input_file id="fl-29">
         <path>C:\ti\ccs2011\ccs\tools\compiler\ti-cgt-c2000_22.6.1.LTS\lib\</path>
         <kind>archive</kind>
         <file>rts2800_fpu64_eabi.lib</file>
         <name>autoinit.c.obj</name>
      </input_file>
      <input_file id="fl-2a">
         <path>C:\ti\ccs2011\ccs\tools\compiler\ti-cgt-c2000_22.6.1.LTS\lib\</path>
         <kind>archive</kind>
         <file>rts2800_fpu64_eabi.lib</file>
         <name>copy_zero_init.c.obj</name>
      </input_file>
      <input_file id="fl-2b">
         <path>C:\ti\ccs2011\ccs\tools\compiler\ti-cgt-c2000_22.6.1.LTS\lib\</path>
         <kind>archive</kind>
         <file>rts2800_fpu64_eabi.lib</file>
         <name>copy_decompress_none.c.obj</name>
      </input_file>
      <input_file id="fl-2c">
         <path>C:\ti\ccs2011\ccs\tools\compiler\ti-cgt-c2000_22.6.1.LTS\lib\</path>
         <kind>archive</kind>
         <file>rts2800_fpu64_eabi.lib</file>
         <name>copy_decompress_lzss.c.obj</name>
      </input_file>
      <input_file id="fl-2d">
         <path>C:\ti\ccs2011\ccs\tools\compiler\ti-cgt-c2000_22.6.1.LTS\lib\</path>
         <kind>archive</kind>
         <file>rts2800_fpu64_eabi.lib</file>
         <name>exit.c.obj</name>
      </input_file>
      <input_file id="fl-2e">
         <path>C:\ti\ccs2011\ccs\tools\compiler\ti-cgt-c2000_22.6.1.LTS\lib\</path>
         <kind>archive</kind>
         <file>rts2800_fpu64_eabi.lib</file>
         <name>_lock.c.obj</name>
      </input_file>
      <input_file id="fl-2f">
         <path>C:\ti\ccs2011\ccs\tools\compiler\ti-cgt-c2000_22.6.1.LTS\lib\</path>
         <kind>archive</kind>
         <file>rts2800_fpu64_eabi.lib</file>
         <name>args_main.c.obj</name>
      </input_file>
      <input_file id="fl-30">
         <path>C:\ti\ccs2011\ccs\tools\compiler\ti-cgt-c2000_22.6.1.LTS\lib\</path>
         <kind>archive</kind>
         <file>rts2800_fpu64_eabi.lib</file>
         <name>memset.c.obj</name>
      </input_file>
      <input_file id="fl-31">
         <path>C:\ti\ccs2011\ccs\tools\compiler\ti-cgt-c2000_22.6.1.LTS\lib\</path>
         <kind>archive</kind>
         <file>rts2800_fpu64_eabi.lib</file>
         <name>cpy_tbl.c.obj</name>
      </input_file>
      <input_file id="fl-32">
         <path>C:\ti\ccs2011\ccs\tools\compiler\ti-cgt-c2000_22.6.1.LTS\lib\</path>
         <kind>archive</kind>
         <file>rts2800_fpu64_eabi.lib</file>
         <name>memcpy.c.obj</name>
      </input_file>
      <input_file id="fl-33">
         <path>C:\ti\ccs2011\ccs\tools\compiler\ti-cgt-c2000_22.6.1.LTS\lib\</path>
         <kind>archive</kind>
         <file>rts2800_fpu64_eabi.lib</file>
         <name>startup.c.obj</name>
      </input_file>
   </input_file_list>
   <object_component_list>
      <object_component id="oc-27">
         <name>codestart</name>
         <load_address>0x0</load_address>
         <run_address>0x0</run_address>
         <size>0x2</size>
         <input_file_ref idref="fl-6"/>
      </object_component>
      <object_component id="oc-260">
         <name>.text:EPWM_init</name>
         <load_address>0xc000</load_address>
         <run_address>0xc000</run_address>
         <size>0x1c1</size>
         <input_file_ref idref="fl-2"/>
      </object_component>
      <object_component id="oc-231">
         <name>.text:Device_enableAllPeripherals</name>
         <load_address>0xc1c1</load_address>
         <run_address>0xc1c1</run_address>
         <size>0x1a0</size>
         <input_file_ref idref="fl-5"/>
      </object_component>
      <object_component id="oc-218">
         <name>.text:SysCtl_setClock</name>
         <load_address>0xc361</load_address>
         <run_address>0xc361</run_address>
         <size>0x126</size>
         <input_file_ref idref="fl-19"/>
      </object_component>
      <object_component id="oc-297">
         <name>.text:SysCtl_isPLLValid</name>
         <load_address>0xc487</load_address>
         <run_address>0xc487</run_address>
         <size>0x120</size>
         <input_file_ref idref="fl-19"/>
      </object_component>
      <object_component id="oc-36b">
         <name>.text:EPWM_setADCTriggerSource</name>
         <load_address>0xc5a7</load_address>
         <run_address>0xc5a7</run_address>
         <size>0x75</size>
         <input_file_ref idref="fl-2"/>
      </object_component>
      <object_component id="oc-3d0">
         <name>.text:DCC_setCounterSeeds</name>
         <load_address>0xc61c</load_address>
         <run_address>0xc61c</run_address>
         <size>0x73</size>
         <input_file_ref idref="fl-19"/>
      </object_component>
      <object_component id="oc-2b3">
         <name>.text:GPIO_setAnalogMode</name>
         <load_address>0xc68f</load_address>
         <run_address>0xc68f</run_address>
         <size>0x71</size>
         <input_file_ref idref="fl-15"/>
      </object_component>
      <object_component id="oc-1d3">
         <name>.text:SysCtl_getClock</name>
         <load_address>0xc700</load_address>
         <run_address>0xc700</run_address>
         <size>0x65</size>
         <input_file_ref idref="fl-19"/>
      </object_component>
      <object_component id="oc-4b0">
         <name>.text:ADC_setINLTrim</name>
         <load_address>0xc765</load_address>
         <run_address>0xc765</run_address>
         <size>0x64</size>
         <input_file_ref idref="fl-13"/>
      </object_component>
      <object_component id="oc-7f">
         <name>.text:stringINV_readCurrentAndVoltageSignals</name>
         <load_address>0xc7c9</load_address>
         <run_address>0xc7c9</run_address>
         <size>0x61</size>
         <input_file_ref idref="fl-4"/>
      </object_component>
      <object_component id="oc-2f">
         <name>.text:INT_myADC0_1_ISR</name>
         <load_address>0xc82a</load_address>
         <run_address>0xc82a</run_address>
         <size>0x5b</size>
         <input_file_ref idref="fl-4"/>
      </object_component>
      <object_component id="oc-ee">
         <name>.text:stringINV_RAMP_VAC</name>
         <load_address>0xc885</load_address>
         <run_address>0xc885</run_address>
         <size>0x57</size>
         <input_file_ref idref="fl-4"/>
      </object_component>
      <object_component id="oc-248">
         <name>.text:PinMux_init</name>
         <load_address>0xc8dc</load_address>
         <run_address>0xc8dc</run_address>
         <size>0x54</size>
         <input_file_ref idref="fl-2"/>
      </object_component>
      <object_component id="oc-2e6">
         <name>.text:myADC0_init</name>
         <load_address>0xc930</load_address>
         <run_address>0xc930</run_address>
         <size>0x54</size>
         <input_file_ref idref="fl-2"/>
      </object_component>
      <object_component id="oc-452">
         <name>.text:EPWM_isBaseValid</name>
         <load_address>0xc984</load_address>
         <run_address>0xc984</run_address>
         <size>0x53</size>
         <input_file_ref idref="fl-2"/>
      </object_component>
      <object_component id="oc-1ae">
         <name>.text:EPWM_isBaseValid</name>
         <load_address>0xc9d7</load_address>
         <run_address>0xc9d7</run_address>
         <size>0x53</size>
         <input_file_ref idref="fl-4"/>
      </object_component>
      <object_component id="oc-2b9">
         <name>.text:GPIO_setPadConfig</name>
         <load_address>0xca2a</load_address>
         <run_address>0xca2a</run_address>
         <size>0x52</size>
         <input_file_ref idref="fl-15"/>
      </object_component>
      <object_component id="oc-3f6">
         <name>.text:ADC_setVREF</name>
         <load_address>0xca7c</load_address>
         <run_address>0xca7c</run_address>
         <size>0x49</size>
         <input_file_ref idref="fl-13"/>
      </object_component>
      <object_component id="oc-28b">
         <name>.text:SysCtl_selectOscSource</name>
         <load_address>0xcac5</load_address>
         <run_address>0xcac5</run_address>
         <size>0x47</size>
         <input_file_ref idref="fl-19"/>
      </object_component>
      <object_component id="oc-426">
         <name>.text:ADC_setupSOC</name>
         <load_address>0xcb0c</load_address>
         <run_address>0xcb0c</run_address>
         <size>0x46</size>
         <input_file_ref idref="fl-2"/>
      </object_component>
      <object_component id="oc-392">
         <name>.text:SysCtl_selectXTAL</name>
         <load_address>0xcb52</load_address>
         <run_address>0xcb52</run_address>
         <size>0x46</size>
         <input_file_ref idref="fl-19"/>
      </object_component>
      <object_component id="oc-47d">
         <name>.text:SysCtl_pollX1Counter</name>
         <load_address>0xcb98</load_address>
         <run_address>0xcb98</run_address>
         <size>0x45</size>
         <input_file_ref idref="fl-19"/>
      </object_component>
      <object_component id="oc-2ec">
         <name>.text:ADC_Current_init</name>
         <load_address>0xcbdd</load_address>
         <run_address>0xcbdd</run_address>
         <size>0x44</size>
         <input_file_ref idref="fl-2"/>
      </object_component>
      <object_component id="oc-fa">
         <name>.text:stringINV_DCAC_Modulation</name>
         <load_address>0xcc21</load_address>
         <run_address>0xcc21</run_address>
         <size>0x42</size>
         <input_file_ref idref="fl-4"/>
      </object_component>
      <object_component id="oc-1f1">
         <name>.text:stringINV_globalVariablesInit</name>
         <load_address>0xcc63</load_address>
         <run_address>0xcc63</run_address>
         <size>0x41</size>
         <input_file_ref idref="fl-4"/>
      </object_component>
      <object_component id="oc-329">
         <name>.text:EPWM_setActionQualifierAction</name>
         <load_address>0xcca4</load_address>
         <run_address>0xcca4</run_address>
         <size>0x40</size>
         <input_file_ref idref="fl-2"/>
      </object_component>
      <object_component id="oc-323">
         <name>.text:EPWM_setCounterCompareShadowLoadMode</name>
         <load_address>0xcce4</load_address>
         <run_address>0xcce4</run_address>
         <size>0x3e</size>
         <input_file_ref idref="fl-2"/>
      </object_component>
      <object_component id="oc-85">
         <name>.text:stringInverter_runISR1_lab_DCAC_OL</name>
         <load_address>0xcd22</load_address>
         <run_address>0xcd22</run_address>
         <size>0x3e</size>
         <input_file_ref idref="fl-4"/>
      </object_component>
      <object_component id="oc-1df">
         <name>.text:Interrupt_initModule</name>
         <load_address>0xcd60</load_address>
         <run_address>0xcd60</run_address>
         <size>0x3d</size>
         <input_file_ref idref="fl-16"/>
      </object_component>
      <object_component id="oc-371">
         <name>.text:EPWM_setADCTriggerEventPrescale</name>
         <load_address>0xcd9d</load_address>
         <run_address>0xcd9d</run_address>
         <size>0x3a</size>
         <input_file_ref idref="fl-2"/>
      </object_component>
      <object_component id="oc-475">
         <name>.text:GPIO_setControllerCore</name>
         <load_address>0xcdd7</load_address>
         <run_address>0xcdd7</run_address>
         <size>0x37</size>
         <input_file_ref idref="fl-15"/>
      </object_component>
      <object_component id="oc-2ad">
         <name>.text:GPIO_setPinConfig</name>
         <load_address>0xce0e</load_address>
         <run_address>0xce0e</run_address>
         <size>0x37</size>
         <input_file_ref idref="fl-15"/>
      </object_component>
      <object_component id="oc-2bf">
         <name>.text:GPIO_setQualificationMode</name>
         <load_address>0xce45</load_address>
         <run_address>0xce45</run_address>
         <size>0x37</size>
         <input_file_ref idref="fl-15"/>
      </object_component>
      <object_component id="oc-a9">
         <name>.text:Interrupt_enable</name>
         <load_address>0xce7c</load_address>
         <run_address>0xce7c</run_address>
         <size>0x37</size>
         <input_file_ref idref="fl-16"/>
      </object_component>
      <object_component id="oc-1cd">
         <name>.text:Device_init</name>
         <load_address>0xceb3</load_address>
         <run_address>0xceb3</run_address>
         <size>0x34</size>
         <input_file_ref idref="fl-5"/>
      </object_component>
      <object_component id="oc-46f">
         <name>.text:GPIO_setDirectionMode</name>
         <load_address>0xcee7</load_address>
         <run_address>0xcee7</run_address>
         <size>0x31</size>
         <input_file_ref idref="fl-15"/>
      </object_component>
      <object_component id="oc-1a">
         <name>.text:decompress:lzss</name>
         <load_address>0xcf18</load_address>
         <run_address>0xcf18</run_address>
         <size>0x30</size>
         <input_file_ref idref="fl-2c"/>
      </object_component>
      <object_component id="oc-432">
         <name>.text:ADC_setInterruptSource</name>
         <load_address>0xcf48</load_address>
         <run_address>0xcf48</run_address>
         <size>0x2f</size>
         <input_file_ref idref="fl-2"/>
      </object_component>
      <object_component id="oc-42c">
         <name>.text:ADC_setInterruptSOCTrigger</name>
         <load_address>0xcf77</load_address>
         <run_address>0xcf77</run_address>
         <size>0x2e</size>
         <input_file_ref idref="fl-2"/>
      </object_component>
      <object_component id="oc-35f">
         <name>.text:EPWM_setDeadBandOutputSwapMode</name>
         <load_address>0xcfa5</load_address>
         <run_address>0xcfa5</run_address>
         <size>0x2e</size>
         <input_file_ref idref="fl-2"/>
      </object_component>
      <object_component id="oc-335">
         <name>.text:EPWM_setDeadBandDelayMode</name>
         <load_address>0xcfd3</load_address>
         <run_address>0xcfd3</run_address>
         <size>0x2c</size>
         <input_file_ref idref="fl-2"/>
      </object_component>
      <object_component id="oc-f4">
         <name>.text:string_vACVoltageControl</name>
         <load_address>0xcfff</load_address>
         <run_address>0xcfff</run_address>
         <size>0x2c</size>
         <input_file_ref idref="fl-4"/>
      </object_component>
      <object_component id="oc-168">
         <name>.text:__TI_auto_init_nobinit_nopinit</name>
         <load_address>0xd02b</load_address>
         <run_address>0xd02b</run_address>
         <size>0x2b</size>
         <input_file_ref idref="fl-29"/>
      </object_component>
      <object_component id="oc-137">
         <name>.text</name>
         <load_address>0xd056</load_address>
         <run_address>0xd056</run_address>
         <size>0x29</size>
         <input_file_ref idref="fl-2d"/>
      </object_component>
      <object_component id="oc-398">
         <name>.text:SysCtl_selectXTALSingleEnded</name>
         <load_address>0xd07f</load_address>
         <run_address>0xd07f</run_address>
         <size>0x25</size>
         <input_file_ref idref="fl-19"/>
      </object_component>
      <object_component id="oc-3d6">
         <name>.text:DCC_enableSingleShotMode</name>
         <load_address>0xd0a4</load_address>
         <run_address>0xd0a4</run_address>
         <size>0x24</size>
         <input_file_ref idref="fl-19"/>
      </object_component>
      <object_component id="oc-1d9">
         <name>.text:Device_initGPIO</name>
         <load_address>0xd0c8</load_address>
         <run_address>0xd0c8</run_address>
         <size>0x24</size>
         <input_file_ref idref="fl-5"/>
      </object_component>
      <object_component id="oc-32f">
         <name>.text:EPWM_setDeadBandDelayPolarity</name>
         <load_address>0xd0ec</load_address>
         <run_address>0xd0ec</run_address>
         <size>0x24</size>
         <input_file_ref idref="fl-2"/>
      </object_component>
      <object_component id="oc-198">
         <name>.text:main</name>
         <load_address>0xd110</load_address>
         <run_address>0xd110</run_address>
         <size>0x24</size>
         <input_file_ref idref="fl-4"/>
      </object_component>
      <object_component id="oc-31d">
         <name>.text:EPWM_setCounterCompareValue</name>
         <load_address>0xd134</load_address>
         <run_address>0xd134</run_address>
         <size>0x22</size>
         <input_file_ref idref="fl-2"/>
      </object_component>
      <object_component id="oc-159">
         <name>.text:EPWM_setCounterCompareValue</name>
         <load_address>0xd156</load_address>
         <run_address>0xd156</run_address>
         <size>0x22</size>
         <input_file_ref idref="fl-4"/>
      </object_component>
      <object_component id="oc-14d">
         <name>.text:RAMPGEN_run</name>
         <load_address>0xd178</load_address>
         <run_address>0xd178</run_address>
         <size>0x21</size>
         <input_file_ref idref="fl-4"/>
      </object_component>
      <object_component id="oc-43e">
         <name>.text:ADC_enableContinuousMode</name>
         <load_address>0xd199</load_address>
         <run_address>0xd199</run_address>
         <size>0x20</size>
         <input_file_ref idref="fl-2"/>
      </object_component>
      <object_component id="oc-444">
         <name>.text:ADC_enableInterrupt</name>
         <load_address>0xd1b9</load_address>
         <run_address>0xd1b9</run_address>
         <size>0x20</size>
         <input_file_ref idref="fl-2"/>
      </object_component>
      <object_component id="oc-34d">
         <name>.text:EPWM_setFallingEdgeDelayCountShadowLoadMode</name>
         <load_address>0xd1d9</load_address>
         <run_address>0xd1d9</run_address>
         <size>0x1f</size>
         <input_file_ref idref="fl-2"/>
      </object_component>
      <object_component id="oc-33b">
         <name>.text:EPWM_setRisingEdgeDelayCountShadowLoadMode</name>
         <load_address>0xd1f8</load_address>
         <run_address>0xd1f8</run_address>
         <size>0x1f</size>
         <input_file_ref idref="fl-2"/>
      </object_component>
      <object_component id="oc-79">
         <name>.text:GPIO_togglePin</name>
         <load_address>0xd217</load_address>
         <run_address>0xd217</run_address>
         <size>0x1f</size>
         <input_file_ref idref="fl-4"/>
      </object_component>
      <object_component id="oc-3c4">
         <name>.text:DCC_setCounter0ClkSource</name>
         <load_address>0xd236</load_address>
         <run_address>0xd236</run_address>
         <size>0x1e</size>
         <input_file_ref idref="fl-19"/>
      </object_component>
      <object_component id="oc-3ca">
         <name>.text:DCC_setCounter1ClkSource</name>
         <load_address>0xd254</load_address>
         <run_address>0xd254</run_address>
         <size>0x1e</size>
         <input_file_ref idref="fl-19"/>
      </object_component>
      <object_component id="oc-311">
         <name>.text:EPWM_setPhaseShift</name>
         <load_address>0xd272</load_address>
         <run_address>0xd272</run_address>
         <size>0x1e</size>
         <input_file_ref idref="fl-2"/>
      </object_component>
      <object_component id="oc-3f">
         <name>.text:Interrupt_initVectorTable</name>
         <load_address>0xd290</load_address>
         <run_address>0xd290</run_address>
         <size>0x1e</size>
         <input_file_ref idref="fl-16"/>
      </object_component>
      <object_component id="oc-91">
         <name>.text:ADC_getInterruptOverflowStatus</name>
         <load_address>0xd2ae</load_address>
         <run_address>0xd2ae</run_address>
         <size>0x1d</size>
         <input_file_ref idref="fl-4"/>
      </object_component>
      <object_component id="oc-402">
         <name>.text:ADC_setMode</name>
         <load_address>0xd2cb</load_address>
         <run_address>0xd2cb</run_address>
         <size>0x1d</size>
         <input_file_ref idref="fl-13"/>
      </object_component>
      <object_component id="oc-359">
         <name>.text:EPWM_setFallingEdgeDelayCount</name>
         <load_address>0xd2e8</load_address>
         <run_address>0xd2e8</run_address>
         <size>0x1d</size>
         <input_file_ref idref="fl-2"/>
      </object_component>
      <object_component id="oc-347">
         <name>.text:EPWM_setRisingEdgeDelayCount</name>
         <load_address>0xd305</load_address>
         <run_address>0xd305</run_address>
         <size>0x1d</size>
         <input_file_ref idref="fl-2"/>
      </object_component>
      <object_component id="oc-5c">
         <name>.text</name>
         <load_address>0xd322</load_address>
         <run_address>0xd322</run_address>
         <size>0x1d</size>
         <input_file_ref idref="fl-32"/>
      </object_component>
      <object_component id="oc-420">
         <name>.text:ADC_setSOCPriority</name>
         <load_address>0xd33f</load_address>
         <run_address>0xd33f</run_address>
         <size>0x1c</size>
         <input_file_ref idref="fl-2"/>
      </object_component>
      <object_component id="oc-365">
         <name>.text:EPWM_enableADCTrigger</name>
         <load_address>0xd35b</load_address>
         <run_address>0xd35b</run_address>
         <size>0x1c</size>
         <input_file_ref idref="fl-2"/>
      </object_component>
      <object_component id="oc-2f3">
         <name>.text:EPWM_setClockPrescaler</name>
         <load_address>0xd377</load_address>
         <run_address>0xd377</run_address>
         <size>0x1c</size>
         <input_file_ref idref="fl-2"/>
      </object_component>
      <object_component id="oc-e1">
         <name>.text:ADC_readResult</name>
         <load_address>0xd393</load_address>
         <run_address>0xd393</run_address>
         <size>0x1a</size>
         <input_file_ref idref="fl-4"/>
      </object_component>
      <object_component id="oc-2df">
         <name>.text:ASysCtl_setAnalogReference1P65</name>
         <load_address>0xd3ad</load_address>
         <run_address>0xd3ad</run_address>
         <size>0x1a</size>
         <input_file_ref idref="fl-2"/>
      </object_component>
      <object_component id="oc-48c">
         <name>.text:DCC_isBaseValid</name>
         <load_address>0xd3c7</load_address>
         <run_address>0xd3c7</run_address>
         <size>0x1a</size>
         <input_file_ref idref="fl-19"/>
      </object_component>
      <object_component id="oc-225">
         <name>.text:SysCtl_getLowSpeedClock</name>
         <load_address>0xd3e1</load_address>
         <run_address>0xd3e1</run_address>
         <size>0x1a</size>
         <input_file_ref idref="fl-19"/>
      </object_component>
      <object_component id="oc-2d9">
         <name>.text:ASysCtl_setAnalogReferenceInternal</name>
         <load_address>0xd3fb</load_address>
         <run_address>0xd3fb</run_address>
         <size>0x19</size>
         <input_file_ref idref="fl-2"/>
      </object_component>
      <object_component id="oc-291">
         <name>.text:SysCtl_setPLLSysClk</name>
         <load_address>0xd414</load_address>
         <run_address>0xd414</run_address>
         <size>0x19</size>
         <input_file_ref idref="fl-19"/>
      </object_component>
      <object_component id="oc-153">
         <name>.text</name>
         <load_address>0xd42d</load_address>
         <run_address>0xd42d</run_address>
         <size>0x19</size>
         <input_file_ref idref="fl-1a"/>
      </object_component>
      <object_component id="oc-ca">
         <name>.text</name>
         <load_address>0xd446</load_address>
         <run_address>0xd446</run_address>
         <size>0x19</size>
         <input_file_ref idref="fl-26"/>
      </object_component>
      <object_component id="oc-353">
         <name>.text:EPWM_disableFallingEdgeDelayCountShadowLoadMode</name>
         <load_address>0xd45f</load_address>
         <run_address>0xd45f</run_address>
         <size>0x18</size>
         <input_file_ref idref="fl-2"/>
      </object_component>
      <object_component id="oc-341">
         <name>.text:EPWM_disableRisingEdgeDelayCountShadowLoadMode</name>
         <load_address>0xd477</load_address>
         <run_address>0xd477</run_address>
         <size>0x18</size>
         <input_file_ref idref="fl-2"/>
      </object_component>
      <object_component id="oc-377">
         <name>.text:EPWM_enableADCTriggerEventCountInit</name>
         <load_address>0xd48f</load_address>
         <run_address>0xd48f</run_address>
         <size>0x18</size>
         <input_file_ref idref="fl-2"/>
      </object_component>
      <object_component id="oc-4a9">
         <name>.text:ADC_isBaseValid</name>
         <load_address>0xd4a7</load_address>
         <run_address>0xd4a7</run_address>
         <size>0x17</size>
         <input_file_ref idref="fl-2"/>
      </object_component>
      <object_component id="oc-4a0">
         <name>.text:ADC_isBaseValid</name>
         <load_address>0xd4be</load_address>
         <run_address>0xd4be</run_address>
         <size>0x17</size>
         <input_file_ref idref="fl-13"/>
      </object_component>
      <object_component id="oc-101">
         <name>.text:ADC_isBaseValid</name>
         <load_address>0xd4d5</load_address>
         <run_address>0xd4d5</run_address>
         <size>0x17</size>
         <input_file_ref idref="fl-4"/>
      </object_component>
      <object_component id="oc-2a1">
         <name>.text:SysCtl_enablePeripheral</name>
         <load_address>0xd4ec</load_address>
         <run_address>0xd4ec</run_address>
         <size>0x17</size>
         <input_file_ref idref="fl-5"/>
      </object_component>
      <object_component id="oc-3a0">
         <name>.text:SysCtl_enablePeripheral</name>
         <load_address>0xd503</load_address>
         <run_address>0xd503</run_address>
         <size>0x17</size>
         <input_file_ref idref="fl-19"/>
      </object_component>
      <object_component id="oc-4d5">
         <name>.text:ADC_selectOffsetTrimMode</name>
         <load_address>0xd51a</load_address>
         <run_address>0xd51a</run_address>
         <size>0x16</size>
         <input_file_ref idref="fl-13"/>
      </object_component>
      <object_component id="oc-44b">
         <name>.text:ADC_setInterruptCycleOffset</name>
         <load_address>0xd530</load_address>
         <run_address>0xd530</run_address>
         <size>0x16</size>
         <input_file_ref idref="fl-2"/>
      </object_component>
      <object_component id="oc-408">
         <name>.text:ADC_setInterruptPulseMode</name>
         <load_address>0xd546</load_address>
         <run_address>0xd546</run_address>
         <size>0x16</size>
         <input_file_ref idref="fl-2"/>
      </object_component>
      <object_component id="oc-3fc">
         <name>.text:ADC_setPrescaler</name>
         <load_address>0xd55c</load_address>
         <run_address>0xd55c</run_address>
         <size>0x16</size>
         <input_file_ref idref="fl-2"/>
      </object_component>
      <object_component id="oc-3be">
         <name>.text:DCC_disableDoneSignal</name>
         <load_address>0xd572</load_address>
         <run_address>0xd572</run_address>
         <size>0x16</size>
         <input_file_ref idref="fl-19"/>
      </object_component>
      <object_component id="oc-317">
         <name>.text:EPWM_setSyncInPulseSource</name>
         <load_address>0xd588</load_address>
         <run_address>0xd588</run_address>
         <size>0x16</size>
         <input_file_ref idref="fl-2"/>
      </object_component>
      <object_component id="oc-3b">
         <name>.text:Interrupt_defaultHandler</name>
         <load_address>0xd59e</load_address>
         <run_address>0xd59e</run_address>
         <size>0x16</size>
         <input_file_ref idref="fl-16"/>
      </object_component>
      <object_component id="oc-41a">
         <name>.text:ADC_disableBurstMode</name>
         <load_address>0xd5b4</load_address>
         <run_address>0xd5b4</run_address>
         <size>0x15</size>
         <input_file_ref idref="fl-2"/>
      </object_component>
      <object_component id="oc-3ac">
         <name>.text:DCC_clearDoneFlag</name>
         <load_address>0xd5c9</load_address>
         <run_address>0xd5c9</run_address>
         <size>0x15</size>
         <input_file_ref idref="fl-19"/>
      </object_component>
      <object_component id="oc-3a6">
         <name>.text:DCC_clearErrorFlag</name>
         <load_address>0xd5de</load_address>
         <run_address>0xd5de</run_address>
         <size>0x15</size>
         <input_file_ref idref="fl-19"/>
      </object_component>
      <object_component id="oc-3b8">
         <name>.text:DCC_disableErrorSignal</name>
         <load_address>0xd5f3</load_address>
         <run_address>0xd5f3</run_address>
         <size>0x15</size>
         <input_file_ref idref="fl-19"/>
      </object_component>
      <object_component id="oc-240">
         <name>.text:GPIO_unlockPortConfig</name>
         <load_address>0xd608</load_address>
         <run_address>0xd608</run_address>
         <size>0x15</size>
         <input_file_ref idref="fl-5"/>
      </object_component>
      <object_component id="oc-97">
         <name>.text:ADC_clearInterruptOverflowStatus</name>
         <load_address>0xd61d</load_address>
         <run_address>0xd61d</run_address>
         <size>0x14</size>
         <input_file_ref idref="fl-4"/>
      </object_component>
      <object_component id="oc-438">
         <name>.text:ADC_clearInterruptStatus</name>
         <load_address>0xd631</load_address>
         <run_address>0xd631</run_address>
         <size>0x14</size>
         <input_file_ref idref="fl-2"/>
      </object_component>
      <object_component id="oc-8b">
         <name>.text:ADC_clearInterruptStatus</name>
         <load_address>0xd645</load_address>
         <run_address>0xd645</run_address>
         <size>0x14</size>
         <input_file_ref idref="fl-4"/>
      </object_component>
      <object_component id="oc-3b2">
         <name>.text:DCC_disableModule</name>
         <load_address>0xd659</load_address>
         <run_address>0xd659</run_address>
         <size>0x14</size>
         <input_file_ref idref="fl-19"/>
      </object_component>
      <object_component id="oc-3dc">
         <name>.text:DCC_enableModule</name>
         <load_address>0xd66d</load_address>
         <run_address>0xd66d</run_address>
         <size>0x14</size>
         <input_file_ref idref="fl-19"/>
      </object_component>
      <object_component id="oc-305">
         <name>.text:EPWM_setTimeBaseCounterMode</name>
         <load_address>0xd681</load_address>
         <run_address>0xd681</run_address>
         <size>0x14</size>
         <input_file_ref idref="fl-2"/>
      </object_component>
      <object_component id="oc-2f9">
         <name>.text:EPWM_setTimeBasePeriod</name>
         <load_address>0xd695</load_address>
         <run_address>0xd695</run_address>
         <size>0x14</size>
         <input_file_ref idref="fl-2"/>
      </object_component>
      <object_component id="oc-3e8">
         <name>.text:GPIO_isPinValid</name>
         <load_address>0xd6a9</load_address>
         <run_address>0xd6a9</run_address>
         <size>0x14</size>
         <input_file_ref idref="fl-15"/>
      </object_component>
      <object_component id="oc-d3">
         <name>.text:GPIO_isPinValid</name>
         <load_address>0xd6bd</load_address>
         <run_address>0xd6bd</run_address>
         <size>0x14</size>
         <input_file_ref idref="fl-4"/>
      </object_component>
      <object_component id="oc-37e">
         <name>.text:myGPIO0_init</name>
         <load_address>0xd6d1</load_address>
         <run_address>0xd6d1</run_address>
         <size>0x14</size>
         <input_file_ref idref="fl-2"/>
      </object_component>
      <object_component id="oc-384">
         <name>.text:myGPIO1_init</name>
         <load_address>0xd6e5</load_address>
         <run_address>0xd6e5</run_address>
         <size>0x14</size>
         <input_file_ref idref="fl-2"/>
      </object_component>
      <object_component id="oc-414">
         <name>.text:ADC_enableAltDMATiming</name>
         <load_address>0xd6f9</load_address>
         <run_address>0xd6f9</run_address>
         <size>0x13</size>
         <input_file_ref idref="fl-2"/>
      </object_component>
      <object_component id="oc-40e">
         <name>.text:ADC_enableConverter</name>
         <load_address>0xd70c</load_address>
         <run_address>0xd70c</run_address>
         <size>0x13</size>
         <input_file_ref idref="fl-2"/>
      </object_component>
      <object_component id="oc-26f">
         <name>.text:RAMPGEN_config</name>
         <load_address>0xd71f</load_address>
         <run_address>0xd71f</run_address>
         <size>0x13</size>
         <input_file_ref idref="fl-4"/>
      </object_component>
      <object_component id="oc-2ff">
         <name>.text:EPWM_setTimeBaseCounter</name>
         <load_address>0xd732</load_address>
         <run_address>0xd732</run_address>
         <size>0x12</size>
         <input_file_ref idref="fl-2"/>
      </object_component>
      <object_component id="oc-2c6">
         <name>.text:SysCtl_setSyncOutputConfig</name>
         <load_address>0xd744</load_address>
         <run_address>0xd744</run_address>
         <size>0x12</size>
         <input_file_ref idref="fl-2"/>
      </object_component>
      <object_component id="oc-1e5">
         <name>.text:Board_init</name>
         <load_address>0xd756</load_address>
         <run_address>0xd756</run_address>
         <size>0x11</size>
         <input_file_ref idref="fl-2"/>
      </object_component>
      <object_component id="oc-30b">
         <name>.text:EPWM_disablePhaseShiftLoad</name>
         <load_address>0xd767</load_address>
         <run_address>0xd767</run_address>
         <size>0x11</size>
         <input_file_ref idref="fl-2"/>
      </object_component>
      <object_component id="oc-a3">
         <name>.text:Interrupt_register</name>
         <load_address>0xd778</load_address>
         <run_address>0xd778</run_address>
         <size>0xf</size>
         <input_file_ref idref="fl-2"/>
      </object_component>
      <object_component id="oc-47">
         <name>.text:Interrupt_unregister</name>
         <load_address>0xd787</load_address>
         <run_address>0xd787</run_address>
         <size>0xf</size>
         <input_file_ref idref="fl-17"/>
      </object_component>
      <object_component id="oc-30">
         <name>.text:INTERRUPT_init</name>
         <load_address>0xd796</load_address>
         <run_address>0xd796</run_address>
         <size>0xd</size>
         <input_file_ref idref="fl-2"/>
      </object_component>
      <object_component id="oc-10c">
         <name>.text:Interrupt_disableGlobal</name>
         <load_address>0xd7a3</load_address>
         <run_address>0xd7a3</run_address>
         <size>0xd</size>
         <input_file_ref idref="fl-16"/>
      </object_component>
      <object_component id="oc-112">
         <name>.text:Interrupt_enableGlobal</name>
         <load_address>0xd7b0</load_address>
         <run_address>0xd7b0</run_address>
         <size>0xd</size>
         <input_file_ref idref="fl-16"/>
      </object_component>
      <object_component id="oc-21e">
         <name>.text:SysCtl_setLowSpeedClock</name>
         <load_address>0xd7bd</load_address>
         <run_address>0xd7bd</run_address>
         <size>0xd</size>
         <input_file_ref idref="fl-5"/>
      </object_component>
      <object_component id="oc-64">
         <name>.text:decompress:ZI:__TI_zero_init_nomemset</name>
         <load_address>0xd7ca</load_address>
         <run_address>0xd7ca</run_address>
         <size>0xd</size>
         <input_file_ref idref="fl-2a"/>
      </object_component>
      <object_component id="oc-2cc">
         <name>.text:SysCtl_enableExtADCSOCSource</name>
         <load_address>0xd7d7</load_address>
         <run_address>0xd7d7</run_address>
         <size>0xc</size>
         <input_file_ref idref="fl-2"/>
      </object_component>
      <object_component id="oc-131">
         <name>.text</name>
         <load_address>0xd7e3</load_address>
         <run_address>0xd7e3</run_address>
         <size>0xc</size>
         <input_file_ref idref="fl-2f"/>
      </object_component>
      <object_component id="oc-212">
         <name>.text:SysCtl_disableWatchdog</name>
         <load_address>0xd7ef</load_address>
         <run_address>0xd7ef</run_address>
         <size>0xb</size>
         <input_file_ref idref="fl-5"/>
      </object_component>
      <object_component id="oc-238">
         <name>.text:SysCtl_isMCDClockFailureDetected</name>
         <load_address>0xd7fa</load_address>
         <run_address>0xd7fa</run_address>
         <size>0xb</size>
         <input_file_ref idref="fl-19"/>
      </object_component>
      <object_component id="oc-4d">
         <name>.text:Interrupt_illegalOperationHandler</name>
         <load_address>0xd805</load_address>
         <run_address>0xd805</run_address>
         <size>0xa</size>
         <input_file_ref idref="fl-16"/>
      </object_component>
      <object_component id="oc-53">
         <name>.text:Interrupt_nmiHandler</name>
         <load_address>0xd80f</load_address>
         <run_address>0xd80f</run_address>
         <size>0xa</size>
         <input_file_ref idref="fl-16"/>
      </object_component>
      <object_component id="oc-24e">
         <name>.text:SYNC_init</name>
         <load_address>0xd819</load_address>
         <run_address>0xd819</run_address>
         <size>0xa</size>
         <input_file_ref idref="fl-2"/>
      </object_component>
      <object_component id="oc-254">
         <name>.text:ASYSCTL_init</name>
         <load_address>0xd823</load_address>
         <run_address>0xd823</run_address>
         <size>0x9</size>
         <input_file_ref idref="fl-2"/>
      </object_component>
      <object_component id="oc-1fe">
         <name>.text</name>
         <load_address>0xd82c</load_address>
         <run_address>0xd82c</run_address>
         <size>0x9</size>
         <input_file_ref idref="fl-2e"/>
      </object_component>
      <object_component id="oc-4b6">
         <name>.text:ADC_setOffsetTrim</name>
         <load_address>0xd835</load_address>
         <run_address>0xd835</run_address>
         <size>0x8</size>
         <input_file_ref idref="fl-13"/>
      </object_component>
      <object_component id="oc-275">
         <name>.text:RAMPGEN_reset</name>
         <load_address>0xd83d</load_address>
         <run_address>0xd83d</run_address>
         <size>0x8</size>
         <input_file_ref idref="fl-4"/>
      </object_component>
      <object_component id="oc-20">
         <name>.text:decompress:none</name>
         <load_address>0xd845</load_address>
         <run_address>0xd845</run_address>
         <size>0x8</size>
         <input_file_ref idref="fl-2b"/>
      </object_component>
      <object_component id="oc-70">
         <name>.text</name>
         <load_address>0xd84d</load_address>
         <run_address>0xd84d</run_address>
         <size>0x8</size>
         <input_file_ref idref="fl-6"/>
      </object_component>
      <object_component id="oc-2d3">
         <name>.text:ASysCtl_disableTemperatureSensor</name>
         <load_address>0xd855</load_address>
         <run_address>0xd855</run_address>
         <size>0x7</size>
         <input_file_ref idref="fl-2"/>
      </object_component>
      <object_component id="oc-483">
         <name>.text:SysCtl_resetMCD</name>
         <load_address>0xd85c</load_address>
         <run_address>0xd85c</run_address>
         <size>0x7</size>
         <input_file_ref idref="fl-19"/>
      </object_component>
      <object_component id="oc-da">
         <name>.text:__error__</name>
         <load_address>0xd863</load_address>
         <run_address>0xd863</run_address>
         <size>0x7</size>
         <input_file_ref idref="fl-5"/>
      </object_component>
      <object_component id="oc-9d">
         <name>.text:Interrupt_clearACKGroup</name>
         <load_address>0xd86a</load_address>
         <run_address>0xd86a</run_address>
         <size>0x6</size>
         <input_file_ref idref="fl-4"/>
      </object_component>
      <object_component id="oc-25a">
         <name>.text:ADC_init</name>
         <load_address>0xd870</load_address>
         <run_address>0xd870</run_address>
         <size>0x5</size>
         <input_file_ref idref="fl-2"/>
      </object_component>
      <object_component id="oc-266">
         <name>.text:GPIO_init</name>
         <load_address>0xd875</load_address>
         <run_address>0xd875</run_address>
         <size>0x5</size>
         <input_file_ref idref="fl-2"/>
      </object_component>
      <object_component id="oc-22b">
         <name>.text:SysCtl_deviceCal</name>
         <load_address>0xd87a</load_address>
         <run_address>0xd87a</run_address>
         <size>0x4</size>
         <input_file_ref idref="fl-5"/>
      </object_component>
      <object_component id="oc-12a">
         <name>.text</name>
         <load_address>0xd87e</load_address>
         <run_address>0xd87e</run_address>
         <size>0x2</size>
         <input_file_ref idref="fl-28"/>
      </object_component>
      <object_component id="oc-1eb">
         <name>.text:C2000Ware_libraries_init</name>
         <load_address>0xd880</load_address>
         <run_address>0xd880</run_address>
         <size>0x1</size>
         <input_file_ref idref="fl-3"/>
      </object_component>
      <object_component id="oc-1b8">
         <name>.text</name>
         <load_address>0xd881</load_address>
         <run_address>0xd881</run_address>
         <size>0x1</size>
         <input_file_ref idref="fl-33"/>
      </object_component>
      <object_component id="oc-50f">
         <name>.cinit..data.load</name>
         <load_address>0x1b6</load_address>
         <run_address>0x1b6</run_address>
         <size>0x17</size>
      </object_component>
      <object_component id="oc-50c">
         <name>__TI_handler_table</name>
         <load_address>0x1ce</load_address>
         <run_address>0x1ce</run_address>
         <size>0x6</size>
      </object_component>
      <object_component id="oc-50e">
         <name>.cinit..bss.load</name>
         <load_address>0x1d4</load_address>
         <run_address>0x1d4</run_address>
         <size>0x4</size>
      </object_component>
      <object_component id="oc-50d">
         <name>__TI_cinit_table</name>
         <load_address>0x1d8</load_address>
         <run_address>0x1d8</run_address>
         <size>0x8</size>
      </object_component>
      <object_component id="oc-59">
         <name>.stack</name>
         <uninitialized>true</uninitialized>
         <run_address>0x400</run_address>
         <size>0x0</size>
         <input_file_ref idref="fl-26"/>
      </object_component>
      <object_component id="oc-510">
         <name>.stack</name>
         <uninitialized>true</uninitialized>
         <run_address>0x400</run_address>
         <size>0x0</size>
      </object_component>
      <object_component id="oc-2c">
         <name>.bss:retain</name>
         <uninitialized>true</uninitialized>
         <run_address>0xa880</run_address>
         <size>0x1e</size>
         <input_file_ref idref="fl-4"/>
      </object_component>
      <object_component id="oc-e7">
         <name>.bss</name>
         <uninitialized>true</uninitialized>
         <run_address>0xa800</run_address>
         <size>0x80</size>
         <input_file_ref idref="fl-4"/>
      </object_component>
      <object_component id="oc-3f3">
         <name>.const:.string</name>
         <load_address>0xa8e4</load_address>
         <run_address>0xa8e4</run_address>
         <size>0xbe</size>
         <input_file_ref idref="fl-2"/>
      </object_component>
      <object_component id="oc-d9">
         <name>.const:.string</name>
         <load_address>0xa9a2</load_address>
         <run_address>0xa9a2</run_address>
         <size>0xba</size>
         <input_file_ref idref="fl-4"/>
      </object_component>
      <object_component id="oc-28a">
         <name>.const:.string</name>
         <load_address>0xaa5c</load_address>
         <run_address>0xaa5c</run_address>
         <size>0x9a</size>
         <input_file_ref idref="fl-19"/>
      </object_component>
      <object_component id="oc-3e6">
         <name>.const:.string</name>
         <load_address>0xaaf6</load_address>
         <run_address>0xaaf6</run_address>
         <size>0x98</size>
         <input_file_ref idref="fl-15"/>
      </object_component>
      <object_component id="oc-4a6">
         <name>.const:.string</name>
         <load_address>0xab8e</load_address>
         <run_address>0xab8e</run_address>
         <size>0x97</size>
         <input_file_ref idref="fl-13"/>
      </object_component>
      <object_component id="oc-224">
         <name>.const:.string</name>
         <load_address>0xac26</load_address>
         <run_address>0xac26</run_address>
         <size>0x91</size>
         <input_file_ref idref="fl-5"/>
      </object_component>
      <object_component id="oc-eb">
         <name>.data</name>
         <load_address>0xa8c0</load_address>
         <run_address>0xa8c0</run_address>
         <size>0x24</size>
         <input_file_ref idref="fl-4"/>
      </object_component>
      <object_component id="oc-1a0">
         <name>.data</name>
         <load_address>0xa89e</load_address>
         <run_address>0xa89e</run_address>
         <size>0x6</size>
         <input_file_ref idref="fl-2d"/>
      </object_component>
      <object_component id="oc-1a3">
         <name>.data:_lock</name>
         <load_address>0xa8a4</load_address>
         <run_address>0xa8a4</run_address>
         <size>0x2</size>
         <input_file_ref idref="fl-2e"/>
      </object_component>
      <object_component id="oc-27c">
         <name>.data:_unlock</name>
         <load_address>0xa8a6</load_address>
         <run_address>0xa8a6</run_address>
         <size>0x2</size>
         <input_file_ref idref="fl-2e"/>
      </object_component>
      <object_component id="oc-1f7">
         <name>.TI.ramfunc</name>
         <load_address>0x1b1</load_address>
         <run_address>0x1b1</run_address>
         <size>0x4</size>
         <input_file_ref idref="fl-19"/>
      </object_component>
      <object_component id="oc-b0">
         <name>.debug_types</name>
         <load_address>0x0</load_address>
         <run_address>0x0</run_address>
         <size>0x36d9</size>
         <input_file_ref idref="fl-2"/>
      </object_component>
      <object_component id="oc-26e">
         <name>.debug_types</name>
         <load_address>0x0</load_address>
         <run_address>0x0</run_address>
         <size>0x0</size>
         <input_file_ref idref="fl-3"/>
      </object_component>
      <object_component id="oc-78">
         <name>.debug_types</name>
         <load_address>0x36d9</load_address>
         <run_address>0x36d9</run_address>
         <size>0xb0e</size>
         <input_file_ref idref="fl-4"/>
      </object_component>
      <object_component id="oc-140">
         <name>.debug_types</name>
         <load_address>0x41e7</load_address>
         <run_address>0x41e7</run_address>
         <size>0x1f1c</size>
         <input_file_ref idref="fl-5"/>
      </object_component>
      <object_component id="oc-4a8">
         <name>.debug_types</name>
         <load_address>0x6103</load_address>
         <run_address>0x6103</run_address>
         <size>0x7fc</size>
         <input_file_ref idref="fl-13"/>
      </object_component>
      <object_component id="oc-3e5">
         <name>.debug_types</name>
         <load_address>0x68ff</load_address>
         <run_address>0x68ff</run_address>
         <size>0x25f</size>
         <input_file_ref idref="fl-15"/>
      </object_component>
      <object_component id="oc-b3">
         <name>.debug_types</name>
         <load_address>0x0</load_address>
         <run_address>0x0</run_address>
         <size>0x0</size>
         <input_file_ref idref="fl-16"/>
      </object_component>
      <object_component id="oc-b6">
         <name>.debug_types</name>
         <load_address>0x6b5e</load_address>
         <run_address>0x6b5e</run_address>
         <size>0x1e3</size>
         <input_file_ref idref="fl-17"/>
      </object_component>
      <object_component id="oc-23f">
         <name>.debug_types</name>
         <load_address>0x6d41</load_address>
         <run_address>0x6d41</run_address>
         <size>0xd4a</size>
         <input_file_ref idref="fl-19"/>
      </object_component>
      <object_component id="oc-167">
         <name>.debug_types</name>
         <load_address>0x0</load_address>
         <run_address>0x0</run_address>
         <size>0x0</size>
         <input_file_ref idref="fl-28"/>
      </object_component>
      <object_component id="oc-1bf">
         <name>.debug_types</name>
         <load_address>0x7a8b</load_address>
         <run_address>0x7a8b</run_address>
         <size>0x46c</size>
         <input_file_ref idref="fl-29"/>
      </object_component>
      <object_component id="oc-c2">
         <name>.debug_types</name>
         <load_address>0x7ef7</load_address>
         <run_address>0x7ef7</run_address>
         <size>0x1f3</size>
         <input_file_ref idref="fl-2a"/>
      </object_component>
      <object_component id="oc-63">
         <name>.debug_types</name>
         <load_address>0x0</load_address>
         <run_address>0x0</run_address>
         <size>0x0</size>
         <input_file_ref idref="fl-2b"/>
      </object_component>
      <object_component id="oc-5b">
         <name>.debug_types</name>
         <load_address>0x80ea</load_address>
         <run_address>0x80ea</run_address>
         <size>0x191</size>
         <input_file_ref idref="fl-2c"/>
      </object_component>
      <object_component id="oc-1a7">
         <name>.debug_types</name>
         <load_address>0x827b</load_address>
         <run_address>0x827b</run_address>
         <size>0xbf</size>
         <input_file_ref idref="fl-2d"/>
      </object_component>
      <object_component id="oc-206">
         <name>.debug_types</name>
         <load_address>0x833a</load_address>
         <run_address>0x833a</run_address>
         <size>0x2f</size>
         <input_file_ref idref="fl-2e"/>
      </object_component>
      <object_component id="oc-19f">
         <name>.debug_types</name>
         <load_address>0x8369</load_address>
         <run_address>0x8369</run_address>
         <size>0xe1</size>
         <input_file_ref idref="fl-2f"/>
      </object_component>
      <object_component id="oc-bd">
         <name>.debug_types</name>
         <load_address>0x844a</load_address>
         <run_address>0x844a</run_address>
         <size>0xb8</size>
         <input_file_ref idref="fl-32"/>
      </object_component>
      <object_component id="oc-20c">
         <name>.debug_types</name>
         <load_address>0x0</load_address>
         <run_address>0x0</run_address>
         <size>0x0</size>
         <input_file_ref idref="fl-33"/>
      </object_component>
      <object_component id="oc-4aa">
         <name>.debug_info</name>
         <load_address>0x0</load_address>
         <run_address>0x0</run_address>
         <size>0x180</size>
         <input_file_ref idref="fl-2"/>
      </object_component>
      <object_component id="oc-3fd">
         <name>.debug_info</name>
         <load_address>0x180</load_address>
         <run_address>0x180</run_address>
         <size>0x1cd</size>
         <input_file_ref idref="fl-2"/>
      </object_component>
      <object_component id="oc-427">
         <name>.debug_info</name>
         <load_address>0x34d</load_address>
         <run_address>0x34d</run_address>
         <size>0x24c</size>
         <input_file_ref idref="fl-2"/>
      </object_component>
      <object_component id="oc-42d">
         <name>.debug_info</name>
         <load_address>0x599</load_address>
         <run_address>0x599</run_address>
         <size>0x219</size>
         <input_file_ref idref="fl-2"/>
      </object_component>
      <object_component id="oc-409">
         <name>.debug_info</name>
         <load_address>0x7b2</load_address>
         <run_address>0x7b2</run_address>
         <size>0x1db</size>
         <input_file_ref idref="fl-2"/>
      </object_component>
      <object_component id="oc-44c">
         <name>.debug_info</name>
         <load_address>0x98d</load_address>
         <run_address>0x98d</run_address>
         <size>0x1e3</size>
         <input_file_ref idref="fl-2"/>
      </object_component>
      <object_component id="oc-415">
         <name>.debug_info</name>
         <load_address>0xb70</load_address>
         <run_address>0xb70</run_address>
         <size>0x1aa</size>
         <input_file_ref idref="fl-2"/>
      </object_component>
      <object_component id="oc-40f">
         <name>.debug_info</name>
         <load_address>0xd1a</load_address>
         <run_address>0xd1a</run_address>
         <size>0x1a4</size>
         <input_file_ref idref="fl-2"/>
      </object_component>
      <object_component id="oc-439">
         <name>.debug_info</name>
         <load_address>0xebe</load_address>
         <run_address>0xebe</run_address>
         <size>0x1d9</size>
         <input_file_ref idref="fl-2"/>
      </object_component>
      <object_component id="oc-41b">
         <name>.debug_info</name>
         <load_address>0x1097</load_address>
         <run_address>0x1097</run_address>
         <size>0x1a6</size>
         <input_file_ref idref="fl-2"/>
      </object_component>
      <object_component id="oc-421">
         <name>.debug_info</name>
         <load_address>0x123d</load_address>
         <run_address>0x123d</run_address>
         <size>0x1c9</size>
         <input_file_ref idref="fl-2"/>
      </object_component>
      <object_component id="oc-445">
         <name>.debug_info</name>
         <load_address>0x1406</load_address>
         <run_address>0x1406</run_address>
         <size>0x1fb</size>
         <input_file_ref idref="fl-2"/>
      </object_component>
      <object_component id="oc-433">
         <name>.debug_info</name>
         <load_address>0x1601</load_address>
         <run_address>0x1601</run_address>
         <size>0x23d</size>
         <input_file_ref idref="fl-2"/>
      </object_component>
      <object_component id="oc-43f">
         <name>.debug_info</name>
         <load_address>0x183e</load_address>
         <run_address>0x183e</run_address>
         <size>0x205</size>
         <input_file_ref idref="fl-2"/>
      </object_component>
      <object_component id="oc-a4">
         <name>.debug_info</name>
         <load_address>0x1a43</load_address>
         <run_address>0x1a43</run_address>
         <size>0x1d4</size>
         <input_file_ref idref="fl-2"/>
      </object_component>
      <object_component id="oc-2d4">
         <name>.debug_info</name>
         <load_address>0x1c17</load_address>
         <run_address>0x1c17</run_address>
         <size>0x17b</size>
         <input_file_ref idref="fl-2"/>
      </object_component>
      <object_component id="oc-2da">
         <name>.debug_info</name>
         <load_address>0x1d92</load_address>
         <run_address>0x1d92</run_address>
         <size>0x1bb</size>
         <input_file_ref idref="fl-2"/>
      </object_component>
      <object_component id="oc-2e0">
         <name>.debug_info</name>
         <load_address>0x1f4d</load_address>
         <run_address>0x1f4d</run_address>
         <size>0x1b3</size>
         <input_file_ref idref="fl-2"/>
      </object_component>
      <object_component id="oc-2c7">
         <name>.debug_info</name>
         <load_address>0x2100</load_address>
         <run_address>0x2100</run_address>
         <size>0x197</size>
         <input_file_ref idref="fl-2"/>
      </object_component>
      <object_component id="oc-2cd">
         <name>.debug_info</name>
         <load_address>0x2297</load_address>
         <run_address>0x2297</run_address>
         <size>0x19f</size>
         <input_file_ref idref="fl-2"/>
      </object_component>
      <object_component id="oc-453">
         <name>.debug_info</name>
         <load_address>0x2436</load_address>
         <run_address>0x2436</run_address>
         <size>0x183</size>
         <input_file_ref idref="fl-2"/>
      </object_component>
      <object_component id="oc-300">
         <name>.debug_info</name>
         <load_address>0x25b9</load_address>
         <run_address>0x25b9</run_address>
         <size>0x1d1</size>
         <input_file_ref idref="fl-2"/>
      </object_component>
      <object_component id="oc-2f4">
         <name>.debug_info</name>
         <load_address>0x278a</load_address>
         <run_address>0x278a</run_address>
         <size>0x214</size>
         <input_file_ref idref="fl-2"/>
      </object_component>
      <object_component id="oc-318">
         <name>.debug_info</name>
         <load_address>0x299e</load_address>
         <run_address>0x299e</run_address>
         <size>0x1d7</size>
         <input_file_ref idref="fl-2"/>
      </object_component>
      <object_component id="oc-30c">
         <name>.debug_info</name>
         <load_address>0x2b75</load_address>
         <run_address>0x2b75</run_address>
         <size>0x1b4</size>
         <input_file_ref idref="fl-2"/>
      </object_component>
      <object_component id="oc-306">
         <name>.debug_info</name>
         <load_address>0x2d29</load_address>
         <run_address>0x2d29</run_address>
         <size>0x1e5</size>
         <input_file_ref idref="fl-2"/>
      </object_component>
      <object_component id="oc-312">
         <name>.debug_info</name>
         <load_address>0x2f0e</load_address>
         <run_address>0x2f0e</run_address>
         <size>0x1d1</size>
         <input_file_ref idref="fl-2"/>
      </object_component>
      <object_component id="oc-2fa">
         <name>.debug_info</name>
         <load_address>0x30df</load_address>
         <run_address>0x30df</run_address>
         <size>0x1db</size>
         <input_file_ref idref="fl-2"/>
      </object_component>
      <object_component id="oc-324">
         <name>.debug_info</name>
         <load_address>0x32ba</load_address>
         <run_address>0x32ba</run_address>
         <size>0x28c</size>
         <input_file_ref idref="fl-2"/>
      </object_component>
      <object_component id="oc-31e">
         <name>.debug_info</name>
         <load_address>0x3546</load_address>
         <run_address>0x3546</run_address>
         <size>0x229</size>
         <input_file_ref idref="fl-2"/>
      </object_component>
      <object_component id="oc-32a">
         <name>.debug_info</name>
         <load_address>0x376f</load_address>
         <run_address>0x376f</run_address>
         <size>0x255</size>
         <input_file_ref idref="fl-2"/>
      </object_component>
      <object_component id="oc-360">
         <name>.debug_info</name>
         <load_address>0x39c4</load_address>
         <run_address>0x39c4</run_address>
         <size>0x227</size>
         <input_file_ref idref="fl-2"/>
      </object_component>
      <object_component id="oc-336">
         <name>.debug_info</name>
         <load_address>0x3beb</load_address>
         <run_address>0x3beb</run_address>
         <size>0x225</size>
         <input_file_ref idref="fl-2"/>
      </object_component>
      <object_component id="oc-330">
         <name>.debug_info</name>
         <load_address>0x3e10</load_address>
         <run_address>0x3e10</run_address>
         <size>0x220</size>
         <input_file_ref idref="fl-2"/>
      </object_component>
      <object_component id="oc-33c">
         <name>.debug_info</name>
         <load_address>0x4030</load_address>
         <run_address>0x4030</run_address>
         <size>0x1fd</size>
         <input_file_ref idref="fl-2"/>
      </object_component>
      <object_component id="oc-342">
         <name>.debug_info</name>
         <load_address>0x422d</load_address>
         <run_address>0x422d</run_address>
         <size>0x1dc</size>
         <input_file_ref idref="fl-2"/>
      </object_component>
      <object_component id="oc-34e">
         <name>.debug_info</name>
         <load_address>0x4409</load_address>
         <run_address>0x4409</run_address>
         <size>0x1ff</size>
         <input_file_ref idref="fl-2"/>
      </object_component>
      <object_component id="oc-354">
         <name>.debug_info</name>
         <load_address>0x4608</load_address>
         <run_address>0x4608</run_address>
         <size>0x1de</size>
         <input_file_ref idref="fl-2"/>
      </object_component>
      <object_component id="oc-348">
         <name>.debug_info</name>
         <load_address>0x47e6</load_address>
         <run_address>0x47e6</run_address>
         <size>0x1f0</size>
         <input_file_ref idref="fl-2"/>
      </object_component>
      <object_component id="oc-35a">
         <name>.debug_info</name>
         <load_address>0x49d6</load_address>
         <run_address>0x49d6</run_address>
         <size>0x1f2</size>
         <input_file_ref idref="fl-2"/>
      </object_component>
      <object_component id="oc-366">
         <name>.debug_info</name>
         <load_address>0x4bc8</load_address>
         <run_address>0x4bc8</run_address>
         <size>0x1d7</size>
         <input_file_ref idref="fl-2"/>
      </object_component>
      <object_component id="oc-36c">
         <name>.debug_info</name>
         <load_address>0x4d9f</load_address>
         <run_address>0x4d9f</run_address>
         <size>0x21b</size>
         <input_file_ref idref="fl-2"/>
      </object_component>
      <object_component id="oc-372">
         <name>.debug_info</name>
         <load_address>0x4fba</load_address>
         <run_address>0x4fba</run_address>
         <size>0x22d</size>
         <input_file_ref idref="fl-2"/>
      </object_component>
      <object_component id="oc-378">
         <name>.debug_info</name>
         <load_address>0x51e7</load_address>
         <run_address>0x51e7</run_address>
         <size>0x1f3</size>
         <input_file_ref idref="fl-2"/>
      </object_component>
      <object_component id="oc-1e6">
         <name>.debug_info</name>
         <load_address>0x53da</load_address>
         <run_address>0x53da</run_address>
         <size>0x18f</size>
         <input_file_ref idref="fl-2"/>
      </object_component>
      <object_component id="oc-249">
         <name>.debug_info</name>
         <load_address>0x5569</load_address>
         <run_address>0x5569</run_address>
         <size>0x2df</size>
         <input_file_ref idref="fl-2"/>
      </object_component>
      <object_component id="oc-25c">
         <name>.debug_info</name>
         <load_address>0x5848</load_address>
         <run_address>0x5848</run_address>
         <size>0x140</size>
         <input_file_ref idref="fl-2"/>
      </object_component>
      <object_component id="oc-2e7">
         <name>.debug_info</name>
         <load_address>0x5988</load_address>
         <run_address>0x5988</run_address>
         <size>0x292</size>
         <input_file_ref idref="fl-2"/>
      </object_component>
      <object_component id="oc-2ee">
         <name>.debug_info</name>
         <load_address>0x5c1a</load_address>
         <run_address>0x5c1a</run_address>
         <size>0x24c</size>
         <input_file_ref idref="fl-2"/>
      </object_component>
      <object_component id="oc-255">
         <name>.debug_info</name>
         <load_address>0x5e66</load_address>
         <run_address>0x5e66</run_address>
         <size>0x195</size>
         <input_file_ref idref="fl-2"/>
      </object_component>
      <object_component id="oc-261">
         <name>.debug_info</name>
         <load_address>0x5ffb</load_address>
         <run_address>0x5ffb</run_address>
         <size>0xb22</size>
         <input_file_ref idref="fl-2"/>
      </object_component>
      <object_component id="oc-268">
         <name>.debug_info</name>
         <load_address>0x6b1d</load_address>
         <run_address>0x6b1d</run_address>
         <size>0x141</size>
         <input_file_ref idref="fl-2"/>
      </object_component>
      <object_component id="oc-37f">
         <name>.debug_info</name>
         <load_address>0x6c5e</load_address>
         <run_address>0x6c5e</run_address>
         <size>0x190</size>
         <input_file_ref idref="fl-2"/>
      </object_component>
      <object_component id="oc-385">
         <name>.debug_info</name>
         <load_address>0x6dee</load_address>
         <run_address>0x6dee</run_address>
         <size>0x190</size>
         <input_file_ref idref="fl-2"/>
      </object_component>
      <object_component id="oc-31">
         <name>.debug_info</name>
         <load_address>0x6f7e</load_address>
         <run_address>0x6f7e</run_address>
         <size>0x155</size>
         <input_file_ref idref="fl-2"/>
      </object_component>
      <object_component id="oc-24f">
         <name>.debug_info</name>
         <load_address>0x70d3</load_address>
         <run_address>0x70d3</run_address>
         <size>0x181</size>
         <input_file_ref idref="fl-2"/>
      </object_component>
      <object_component id="oc-1ee">
         <name>.debug_info</name>
         <load_address>0x7254</load_address>
         <run_address>0x7254</run_address>
         <size>0x155</size>
         <input_file_ref idref="fl-3"/>
      </object_component>
      <object_component id="oc-ec">
         <name>.debug_info</name>
         <load_address>0x73a9</load_address>
         <run_address>0x73a9</run_address>
         <size>0x2eb</size>
         <input_file_ref idref="fl-4"/>
      </object_component>
      <object_component id="oc-2d">
         <name>.debug_info</name>
         <load_address>0x7694</load_address>
         <run_address>0x7694</run_address>
         <size>0x4a9</size>
         <input_file_ref idref="fl-4"/>
      </object_component>
      <object_component id="oc-e8">
         <name>.debug_info</name>
         <load_address>0x7b3d</load_address>
         <run_address>0x7b3d</run_address>
         <size>0x155</size>
         <input_file_ref idref="fl-4"/>
      </object_component>
      <object_component id="oc-102">
         <name>.debug_info</name>
         <load_address>0x7c92</load_address>
         <run_address>0x7c92</run_address>
         <size>0x182</size>
         <input_file_ref idref="fl-4"/>
      </object_component>
      <object_component id="oc-8c">
         <name>.debug_info</name>
         <load_address>0x7e14</load_address>
         <run_address>0x7e14</run_address>
         <size>0x1db</size>
         <input_file_ref idref="fl-4"/>
      </object_component>
      <object_component id="oc-92">
         <name>.debug_info</name>
         <load_address>0x7fef</load_address>
         <run_address>0x7fef</run_address>
         <size>0x1ef</size>
         <input_file_ref idref="fl-4"/>
      </object_component>
      <object_component id="oc-98">
         <name>.debug_info</name>
         <load_address>0x81de</load_address>
         <run_address>0x81de</run_address>
         <size>0x1eb</size>
         <input_file_ref idref="fl-4"/>
      </object_component>
      <object_component id="oc-e2">
         <name>.debug_info</name>
         <load_address>0x83c9</load_address>
         <run_address>0x83c9</run_address>
         <size>0x1c6</size>
         <input_file_ref idref="fl-4"/>
      </object_component>
      <object_component id="oc-9e">
         <name>.debug_info</name>
         <load_address>0x858f</load_address>
         <run_address>0x858f</run_address>
         <size>0x192</size>
         <input_file_ref idref="fl-4"/>
      </object_component>
      <object_component id="oc-1af">
         <name>.debug_info</name>
         <load_address>0x8721</load_address>
         <run_address>0x8721</run_address>
         <size>0x185</size>
         <input_file_ref idref="fl-4"/>
      </object_component>
      <object_component id="oc-15a">
         <name>.debug_info</name>
         <load_address>0x88a6</load_address>
         <run_address>0x88a6</run_address>
         <size>0x22b</size>
         <input_file_ref idref="fl-4"/>
      </object_component>
      <object_component id="oc-d4">
         <name>.debug_info</name>
         <load_address>0x8ad1</load_address>
         <run_address>0x8ad1</run_address>
         <size>0x17f</size>
         <input_file_ref idref="fl-4"/>
      </object_component>
      <object_component id="oc-7a">
         <name>.debug_info</name>
         <load_address>0x8c50</load_address>
         <run_address>0x8c50</run_address>
         <size>0x1b3</size>
         <input_file_ref idref="fl-4"/>
      </object_component>
      <object_component id="oc-148">
         <name>.debug_info</name>
         <load_address>0x8e03</load_address>
         <run_address>0x8e03</run_address>
         <size>0x20e</size>
         <input_file_ref idref="fl-4"/>
      </object_component>
      <object_component id="oc-276">
         <name>.debug_info</name>
         <load_address>0x9011</load_address>
         <run_address>0x9011</run_address>
         <size>0x19d</size>
         <input_file_ref idref="fl-4"/>
      </object_component>
      <object_component id="oc-270">
         <name>.debug_info</name>
         <load_address>0x91ae</load_address>
         <run_address>0x91ae</run_address>
         <size>0x219</size>
         <input_file_ref idref="fl-4"/>
      </object_component>
      <object_component id="oc-14e">
         <name>.debug_info</name>
         <load_address>0x93c7</load_address>
         <run_address>0x93c7</run_address>
         <size>0x199</size>
         <input_file_ref idref="fl-4"/>
      </object_component>
      <object_component id="oc-199">
         <name>.debug_info</name>
         <load_address>0x9560</load_address>
         <run_address>0x9560</run_address>
         <size>0x1fc</size>
         <input_file_ref idref="fl-4"/>
      </object_component>
      <object_component id="oc-36">
         <name>.debug_info</name>
         <load_address>0x975c</load_address>
         <run_address>0x975c</run_address>
         <size>0x23a</size>
         <input_file_ref idref="fl-4"/>
      </object_component>
      <object_component id="oc-86">
         <name>.debug_info</name>
         <load_address>0x9996</load_address>
         <run_address>0x9996</run_address>
         <size>0x1a8</size>
         <input_file_ref idref="fl-4"/>
      </object_component>
      <object_component id="oc-fc">
         <name>.debug_info</name>
         <load_address>0x9b3e</load_address>
         <run_address>0x9b3e</run_address>
         <size>0x1c5</size>
         <input_file_ref idref="fl-4"/>
      </object_component>
      <object_component id="oc-1f2">
         <name>.debug_info</name>
         <load_address>0x9d03</load_address>
         <run_address>0x9d03</run_address>
         <size>0x170</size>
         <input_file_ref idref="fl-4"/>
      </object_component>
      <object_component id="oc-81">
         <name>.debug_info</name>
         <load_address>0x9e73</load_address>
         <run_address>0x9e73</run_address>
         <size>0x16f</size>
         <input_file_ref idref="fl-4"/>
      </object_component>
      <object_component id="oc-f0">
         <name>.debug_info</name>
         <load_address>0x9fe2</load_address>
         <run_address>0x9fe2</run_address>
         <size>0x133</size>
         <input_file_ref idref="fl-4"/>
      </object_component>
      <object_component id="oc-f6">
         <name>.debug_info</name>
         <load_address>0xa115</load_address>
         <run_address>0xa115</run_address>
         <size>0x176</size>
         <input_file_ref idref="fl-4"/>
      </object_component>
      <object_component id="oc-22e">
         <name>.debug_info</name>
         <load_address>0xa28b</load_address>
         <run_address>0xa28b</run_address>
         <size>0x165</size>
         <input_file_ref idref="fl-5"/>
      </object_component>
      <object_component id="oc-2a4">
         <name>.debug_info</name>
         <load_address>0xa3f0</load_address>
         <run_address>0xa3f0</run_address>
         <size>0x1c5</size>
         <input_file_ref idref="fl-5"/>
      </object_component>
      <object_component id="oc-220">
         <name>.debug_info</name>
         <load_address>0xa5b5</load_address>
         <run_address>0xa5b5</run_address>
         <size>0x199</size>
         <input_file_ref idref="fl-5"/>
      </object_component>
      <object_component id="oc-214">
         <name>.debug_info</name>
         <load_address>0xa74e</load_address>
         <run_address>0xa74e</run_address>
         <size>0x16c</size>
         <input_file_ref idref="fl-5"/>
      </object_component>
      <object_component id="oc-242">
         <name>.debug_info</name>
         <load_address>0xa8ba</load_address>
         <run_address>0xa8ba</run_address>
         <size>0x1c8</size>
         <input_file_ref idref="fl-5"/>
      </object_component>
      <object_component id="oc-1d1">
         <name>.debug_info</name>
         <load_address>0xaa82</load_address>
         <run_address>0xaa82</run_address>
         <size>0x1fc</size>
         <input_file_ref idref="fl-5"/>
      </object_component>
      <object_component id="oc-235">
         <name>.debug_info</name>
         <load_address>0xac7e</load_address>
         <run_address>0xac7e</run_address>
         <size>0xda1</size>
         <input_file_ref idref="fl-5"/>
      </object_component>
      <object_component id="oc-1dc">
         <name>.debug_info</name>
         <load_address>0xba1f</load_address>
         <run_address>0xba1f</run_address>
         <size>0x1ee</size>
         <input_file_ref idref="fl-5"/>
      </object_component>
      <object_component id="oc-dd">
         <name>.debug_info</name>
         <load_address>0xbc0d</load_address>
         <run_address>0xbc0d</run_address>
         <size>0x16f</size>
         <input_file_ref idref="fl-5"/>
      </object_component>
      <object_component id="oc-28">
         <name>.debug_info</name>
         <load_address>0xbd7c</load_address>
         <run_address>0xbd7c</run_address>
         <size>0x122</size>
         <input_file_ref idref="fl-6"/>
      </object_component>
      <object_component id="oc-73">
         <name>.debug_info</name>
         <load_address>0xbe9e</load_address>
         <run_address>0xbe9e</run_address>
         <size>0x123</size>
         <input_file_ref idref="fl-6"/>
      </object_component>
      <object_component id="oc-4a1">
         <name>.debug_info</name>
         <load_address>0xbfc1</load_address>
         <run_address>0xbfc1</run_address>
         <size>0x1cc</size>
         <input_file_ref idref="fl-13"/>
      </object_component>
      <object_component id="oc-4d6">
         <name>.debug_info</name>
         <load_address>0xc18d</load_address>
         <run_address>0xc18d</run_address>
         <size>0x21b</size>
         <input_file_ref idref="fl-13"/>
      </object_component>
      <object_component id="oc-403">
         <name>.debug_info</name>
         <load_address>0xc3a8</load_address>
         <run_address>0xc3a8</run_address>
         <size>0x263</size>
         <input_file_ref idref="fl-13"/>
      </object_component>
      <object_component id="oc-4b1">
         <name>.debug_info</name>
[...]
         <used_space>0x0</used_space>
         <unused_space>0x20000</unused_space>
         <attributes>RWIX</attributes>
         <usage_details>
         </usage_details>
      </memory_area>
      <memory_area display="yes" color="green">
         <name>FLASH_BANK2</name>
         <page_id>0x0</page_id>
         <origin>0xc0000</origin>
         <length>0x20000</length>
         <used_space>0x0</used_space>
         <unused_space>0x20000</unused_space>
         <attributes>RWIX</attributes>
         <usage_details>
         </usage_details>
      </memory_area>
      <memory_area display="yes" color="green">
         <name>FLASH_BANK3</name>
         <page_id>0x0</page_id>
         <origin>0xe0000</origin>
         <length>0x20000</length>
         <used_space>0x0</used_space>
         <unused_space>0x20000</unused_space>
         <attributes>RWIX</attributes>
         <usage_details>
         </usage_details>
      </memory_area>
      <memory_area display="yes" color="green">
         <name>FLASH_BANK4</name>
         <page_id>0x0</page_id>
         <origin>0x100000</origin>
         <length>0x20000</length>
         <used_space>0x0</used_space>
         <unused_space>0x20000</unused_space>
         <attributes>RWIX</attributes>
         <usage_details>
         </usage_details>
      </memory_area>
      <memory_area display="no" color="green">
         <name>RESET</name>
         <page_id>0x0</page_id>
         <origin>0x3fffc0</origin>
         <length>0x2</length>
         <used_space>0x0</used_space>
         <unused_space>0x2</unused_space>
         <attributes>RWIX</attributes>
         <usage_details>
         </usage_details>
      </memory_area>
   </placement_map>
   <cptbl_list>
      <cptbl>
         <name>__TI_cinit_table</name>
         <cprec>
            <name>.data</name>
            <load_address>0x1b6</load_address>
            <load_size>0x17</load_size>
            <run_address>0xa89e</run_address>
            <run_size>0x46</run_size>
            <compression>lzss</compression>
         </cprec>
         <cprec>
            <name>.bss</name>
            <load_address>0x1d4</load_address>
            <load_size>0x4</load_size>
            <run_address>0xa800</run_address>
            <run_size>0x9e</run_size>
            <compression>zero_init</compression>
         </cprec>
      </cptbl>
   </cptbl_list>
   <handler_table>
      <handler_table_name>__TI_handler_table</handler_table_name>
      <handler>
         <index>0x0</index>
         <name>__TI_zero_init</name>
      </handler>
      <handler>
         <index>0x1</index>
         <name>__TI_decompress_lzss</name>
      </handler>
      <handler>
         <index>0x2</index>
         <name>__TI_decompress_none</name>
      </handler>
   </handler_table>
   <symbol_table>
      <symbol id="sm-1">
         <name>__TI_CINIT_Base</name>
         <value>0x1d8</value>
      </symbol>
      <symbol id="sm-2">
         <name>__TI_CINIT_Limit</name>
         <value>0x1e0</value>
      </symbol>
      <symbol id="sm-3">
         <name>__TI_CINIT_Warm</name>
         <value>0x1e0</value>
      </symbol>
      <symbol id="sm-4">
         <name>__TI_Handler_Table_Base</name>
         <value>0x1ce</value>
      </symbol>
      <symbol id="sm-5">
         <name>__TI_Handler_Table_Limit</name>
         <value>0x1d4</value>
      </symbol>
      <symbol id="sm-6">
         <name>__TI_STACK_SIZE</name>
         <value>0x3f8</value>
      </symbol>
      <symbol id="sm-7">
         <name>__TI_STACK_END</name>
         <value>0x7f8</value>
      </symbol>
      <symbol id="sm-8">
         <name>__TI_pprof_out_hndl</name>
         <value>0xffffffff</value>
      </symbol>
      <symbol id="sm-9">
         <name>__TI_prof_data_start</name>
         <value>0xffffffff</value>
      </symbol>
      <symbol id="sm-a">
         <name>__TI_prof_data_size</name>
         <value>0xffffffff</value>
      </symbol>
      <symbol id="sm-234">
         <name>INTERRUPT_init</name>
         <value>0xd796</value>
         <object_component_ref idref="oc-30"/>
      </symbol>
      <symbol id="sm-235">
         <name>PinMux_init</name>
         <value>0xc8dc</value>
         <object_component_ref idref="oc-248"/>
      </symbol>
      <symbol id="sm-236">
         <name>Board_init</name>
         <value>0xd756</value>
         <object_component_ref idref="oc-1e5"/>
      </symbol>
      <symbol id="sm-237">
         <name>ADC_Current_init</name>
         <value>0xcbdd</value>
         <object_component_ref idref="oc-2ec"/>
      </symbol>
      <symbol id="sm-238">
         <name>GPIO_init</name>
         <value>0xd875</value>
         <object_component_ref idref="oc-266"/>
      </symbol>
      <symbol id="sm-239">
         <name>ADC_init</name>
         <value>0xd870</value>
         <object_component_ref idref="oc-25a"/>
      </symbol>
      <symbol id="sm-23a">
         <name>myADC0_init</name>
         <value>0xc930</value>
         <object_component_ref idref="oc-2e6"/>
      </symbol>
      <symbol id="sm-23b">
         <name>SYNC_init</name>
         <value>0xd819</value>
         <object_component_ref idref="oc-24e"/>
      </symbol>
      <symbol id="sm-23c">
         <name>EPWM_init</name>
         <value>0xc000</value>
         <object_component_ref idref="oc-260"/>
      </symbol>
      <symbol id="sm-23d">
         <name>myGPIO1_init</name>
         <value>0xd6e5</value>
         <object_component_ref idref="oc-384"/>
      </symbol>
      <symbol id="sm-23e">
         <name>myGPIO0_init</name>
         <value>0xd6d1</value>
         <object_component_ref idref="oc-37e"/>
      </symbol>
      <symbol id="sm-23f">
         <name>ASYSCTL_init</name>
         <value>0xd823</value>
         <object_component_ref idref="oc-254"/>
      </symbol>
      <symbol id="sm-24c">
         <name>C2000Ware_libraries_init</name>
         <value>0xd880</value>
         <object_component_ref idref="oc-1eb"/>
      </symbol>
      <symbol id="sm-32f">
         <name>stringINV_RAMP_VAC</name>
         <value>0xc885</value>
         <object_component_ref idref="oc-ee"/>
      </symbol>
      <symbol id="sm-330">
         <name>stringINV_updateDutyDCAC</name>
         <value>0xa8c1</value>
         <object_component_ref idref="oc-eb"/>
      </symbol>
      <symbol id="sm-331">
         <name>stringINV_DCDC_vAC_loop_err</name>
         <value>0xa88c</value>
         <object_component_ref idref="oc-2c"/>
      </symbol>
      <symbol id="sm-332">
         <name>stringINV_globalVariablesInit</name>
         <value>0xcc63</value>
         <object_component_ref idref="oc-1f1"/>
      </symbol>
      <symbol id="sm-333">
         <name>stringINV_ACDC_iAC_sensed</name>
         <value>0xa88a</value>
         <object_component_ref idref="oc-2c"/>
      </symbol>
      <symbol id="sm-334">
         <name>ADC_Current</name>
         <value>0xa8c3</value>
         <object_component_ref idref="oc-eb"/>
      </symbol>
      <symbol id="sm-335">
         <name>stringINV_mains_L1</name>
         <value>0xa840</value>
         <object_component_ref idref="oc-e7"/>
      </symbol>
      <symbol id="sm-336">
         <name>Check_clock</name>
         <value>0xa8ca</value>
         <object_component_ref idref="oc-eb"/>
      </symbol>
      <symbol id="sm-337">
         <name>zero_sine</name>
         <value>0xa8c8</value>
         <object_component_ref idref="oc-eb"/>
      </symbol>
      <symbol id="sm-338">
         <name>stringINV_DCDC_vDC_Ref</name>
         <value>0xa894</value>
         <object_component_ref idref="oc-2c"/>
      </symbol>
      <symbol id="sm-339">
         <name>stringINV_ACDC_Index_Modulation</name>
         <value>0xa880</value>
         <object_component_ref idref="oc-2c"/>
      </symbol>
      <symbol id="sm-33a">
         <name>flag_table_sine</name>
         <value>0xa8c5</value>
         <object_component_ref idref="oc-eb"/>
      </symbol>
      <symbol id="sm-33b">
         <name>stringInverter_runISR1_lab_DCAC_OL</name>
         <value>0xcd22</value>
         <object_component_ref idref="oc-85"/>
      </symbol>
      <symbol id="sm-33c">
         <name>INT_myADC0_1_ISR</name>
         <value>0xc82a</value>
         <object_component_ref idref="oc-2f"/>
      </symbol>
      <symbol id="sm-33d">
         <name>val_table_sine</name>
         <value>0xa8c4</value>
         <object_component_ref idref="oc-eb"/>
      </symbol>
      <symbol id="sm-33e">
         <name>stringINV_ACDC_vAC_real_Ref_OUT_PI</name>
         <value>0xa88e</value>
         <object_component_ref idref="oc-2c"/>
      </symbol>
      <symbol id="sm-33f">
         <name>stringINV_DCDC_VDCext_Ref_Slewed</name>
         <value>0xa892</value>
         <object_component_ref idref="oc-2c"/>
      </symbol>
      <symbol id="sm-340">
         <name>stringINV_DCAC_Modulation</name>
         <value>0xcc21</value>
         <object_component_ref idref="oc-fa"/>
      </symbol>
      <symbol id="sm-341">
         <name>stringINV_ACDC_vAC_sensed_pu</name>
         <value>0xa882</value>
         <object_component_ref idref="oc-2c"/>
      </symbol>
      <symbol id="sm-342">
         <name>stringINV_DCDC_vDC_Ref_Slewed</name>
         <value>0xa896</value>
         <object_component_ref idref="oc-2c"/>
      </symbol>
      <symbol id="sm-343">
         <name>main</name>
         <value>0xd110</value>
         <object_component_ref idref="oc-198"/>
      </symbol>
      <symbol id="sm-344">
         <name>myADC0Results</name>
         <value>0xa8c2</value>
         <object_component_ref idref="oc-eb"/>
      </symbol>
      <symbol id="sm-345">
         <name>val_amp_sine</name>
         <value>0xa8cc</value>
         <object_component_ref idref="oc-eb"/>
      </symbol>
      <symbol id="sm-346">
         <name>stringINV_clearPWMTripDCAC</name>
         <value>0xa8c0</value>
         <object_component_ref idref="oc-eb"/>
      </symbol>
      <symbol id="sm-347">
         <name>gv_ACDC_pi</name>
         <value>0xa8ce</value>
         <object_component_ref idref="oc-eb"/>
      </symbol>
      <symbol id="sm-348">
         <name>stringINV_ACDC_Amplitude</name>
         <value>0xa800</value>
         <object_component_ref idref="oc-e7"/>
      </symbol>
      <symbol id="sm-349">
         <name>stringINV_DCDC_VDCext_Ref</name>
         <value>0xa890</value>
         <object_component_ref idref="oc-2c"/>
      </symbol>
      <symbol id="sm-34a">
         <name>stringINV_readCurrentAndVoltageSignals</name>
         <value>0xc7c9</value>
         <object_component_ref idref="oc-7f"/>
      </symbol>
      <symbol id="sm-34b">
         <name>stringINV_ACDC_vAC_RMS_FILTER</name>
         <value>0xa888</value>
         <object_component_ref idref="oc-2c"/>
      </symbol>
      <symbol id="sm-34c">
         <name>string_vACVoltageControl</name>
         <value>0xcfff</value>
         <object_component_ref idref="oc-f4"/>
      </symbol>
      <symbol id="sm-34d">
         <name>mesure_adc</name>
         <value>0xa8c6</value>
         <object_component_ref idref="oc-eb"/>
      </symbol>
      <symbol id="sm-34e">
         <name>stringINV_ACDC_rgen</name>
         <value>0xa898</value>
         <object_component_ref idref="oc-2c"/>
      </symbol>
      <symbol id="sm-34f">
         <name>stringINV_ACDC_vAC_sensed</name>
         <value>0xa884</value>
         <object_component_ref idref="oc-2c"/>
      </symbol>
      <symbol id="sm-350">
         <name>stringINV_ACDC_vAC_sensed_FILTER</name>
         <value>0xa886</value>
         <object_component_ref idref="oc-2c"/>
      </symbol>
      <symbol id="sm-3a0">
         <name>Device_enableAllPeripherals</name>
         <value>0xc1c1</value>
         <object_component_ref idref="oc-231"/>
      </symbol>
      <symbol id="sm-3a1">
         <name>Device_initGPIO</name>
         <value>0xd0c8</value>
         <object_component_ref idref="oc-1d9"/>
      </symbol>
      <symbol id="sm-3a2">
         <name>Device_init</name>
         <value>0xceb3</value>
         <object_component_ref idref="oc-1cd"/>
      </symbol>
      <symbol id="sm-3a3">
         <name>__error__</name>
         <value>0xd863</value>
         <object_component_ref idref="oc-da"/>
      </symbol>
      <symbol id="sm-3b2">
         <name>code_start</name>
         <value>0x0</value>
         <object_component_ref idref="oc-27"/>
      </symbol>
      <symbol id="sm-402">
         <name>ADC_setOffsetTrim</name>
         <value>0xd835</value>
         <object_component_ref idref="oc-4b6"/>
      </symbol>
      <symbol id="sm-403">
         <name>ADC_setMode</name>
         <value>0xd2cb</value>
         <object_component_ref idref="oc-402"/>
      </symbol>
      <symbol id="sm-404">
         <name>ADC_setVREF</name>
         <value>0xca7c</value>
         <object_component_ref idref="oc-3f6"/>
      </symbol>
      <symbol id="sm-405">
         <name>ADC_setINLTrim</name>
         <value>0xc765</value>
         <object_component_ref idref="oc-4b0"/>
      </symbol>
      <symbol id="sm-458">
         <name>GPIO_setQualificationMode</name>
         <value>0xce45</value>
         <object_component_ref idref="oc-2bf"/>
      </symbol>
      <symbol id="sm-459">
         <name>GPIO_setPadConfig</name>
         <value>0xca2a</value>
         <object_component_ref idref="oc-2b9"/>
      </symbol>
      <symbol id="sm-45a">
         <name>GPIO_setAnalogMode</name>
         <value>0xc68f</value>
         <object_component_ref idref="oc-2b3"/>
      </symbol>
      <symbol id="sm-45b">
         <name>GPIO_setDirectionMode</name>
         <value>0xcee7</value>
         <object_component_ref idref="oc-46f"/>
      </symbol>
      <symbol id="sm-45c">
         <name>GPIO_setPinConfig</name>
         <value>0xce0e</value>
         <object_component_ref idref="oc-2ad"/>
      </symbol>
      <symbol id="sm-45d">
         <name>GPIO_setControllerCore</name>
         <value>0xcdd7</value>
         <object_component_ref idref="oc-475"/>
      </symbol>
      <symbol id="sm-4ac">
         <name>Interrupt_defaultHandler</name>
         <value>0xd59e</value>
         <object_component_ref idref="oc-3b"/>
      </symbol>
      <symbol id="sm-4ad">
         <name>Interrupt_initModule</name>
         <value>0xcd60</value>
         <object_component_ref idref="oc-1df"/>
      </symbol>
      <symbol id="sm-4ae">
         <name>Interrupt_nmiHandler</name>
         <value>0xd80f</value>
         <object_component_ref idref="oc-53"/>
      </symbol>
      <symbol id="sm-4af">
         <name>Interrupt_enable</name>
         <value>0xce7c</value>
         <object_component_ref idref="oc-a9"/>
      </symbol>
      <symbol id="sm-4b0">
         <name>Interrupt_initVectorTable</name>
         <value>0xd290</value>
         <object_component_ref idref="oc-3f"/>
      </symbol>
      <symbol id="sm-4b1">
         <name>Interrupt_illegalOperationHandler</name>
         <value>0xd805</value>
         <object_component_ref idref="oc-4d"/>
      </symbol>
      <symbol id="sm-5d7">
         <name>SysCtl_isPLLValid</name>
         <value>0xc487</value>
         <object_component_ref idref="oc-297"/>
      </symbol>
      <symbol id="sm-5d8">
         <name>SysCtl_delay</name>
         <value>0x1b1</value>
         <object_component_ref idref="oc-1f7"/>
      </symbol>
      <symbol id="sm-5d9">
         <name>SysCtl_selectXTALSingleEnded</name>
         <value>0xd07f</value>
         <object_component_ref idref="oc-398"/>
      </symbol>
      <symbol id="sm-5da">
         <name>SysCtl_selectXTAL</name>
         <value>0xcb52</value>
         <object_component_ref idref="oc-392"/>
      </symbol>
      <symbol id="sm-5db">
         <name>SysCtl_selectOscSource</name>
         <value>0xcac5</value>
         <object_component_ref idref="oc-28b"/>
      </symbol>
      <symbol id="sm-5dc">
         <name>SysCtl_getLowSpeedClock</name>
         <value>0xd3e1</value>
         <object_component_ref idref="oc-225"/>
      </symbol>
      <symbol id="sm-5dd">
         <name>SysCtl_setClock</name>
         <value>0xc361</value>
         <object_component_ref idref="oc-218"/>
      </symbol>
      <symbol id="sm-5de">
         <name>SysCtl_getClock</name>
         <value>0xc700</value>
         <object_component_ref idref="oc-1d3"/>
      </symbol>
      <symbol id="sm-5e6">
         <name>__c28xabi_divf</name>
         <value>0xd42d</value>
         <object_component_ref idref="oc-153"/>
      </symbol>
      <symbol id="sm-5f0">
         <name>_c_int00</name>
         <value>0xd446</value>
         <object_component_ref idref="oc-ca"/>
      </symbol>
      <symbol id="sm-5f1">
         <name>__stack</name>
         <value>0x400</value>
         <object_component_ref idref="oc-59"/>
      </symbol>
      <symbol id="sm-5ff">
         <name>_system_pre_init</name>
         <value>0xd87e</value>
         <object_component_ref idref="oc-12a"/>
      </symbol>
      <symbol id="sm-60e">
         <name>__TI_auto_init_nobinit_nopinit</name>
         <value>0xd02b</value>
         <object_component_ref idref="oc-168"/>
      </symbol>
      <symbol id="sm-61d">
         <name>__TI_zero_init_nomemset</name>
         <value>0xd7ca</value>
         <object_component_ref idref="oc-64"/>
      </symbol>
      <symbol id="sm-62a">
         <name>__TI_decompress_none</name>
         <value>0xd845</value>
         <object_component_ref idref="oc-20"/>
      </symbol>
      <symbol id="sm-63e">
         <name>__TI_decompress_lzss</name>
         <value>0xcf18</value>
         <object_component_ref idref="oc-1a"/>
      </symbol>
      <symbol id="sm-654">
         <name>C$$EXIT</name>
         <value>0xd056</value>
         <object_component_ref idref="oc-137"/>
      </symbol>
      <symbol id="sm-655">
         <name>abort</name>
         <value>0xd056</value>
         <object_component_ref idref="oc-137"/>
      </symbol>
      <symbol id="sm-656">
         <name>exit</name>
         <value>0xd058</value>
         <object_component_ref idref="oc-137"/>
      </symbol>
      <symbol id="sm-657">
         <name>__TI_dtors_ptr</name>
         <value>0xa8a2</value>
         <object_component_ref idref="oc-1a0"/>
      </symbol>
      <symbol id="sm-658">
         <name>__TI_cleanup_ptr</name>
         <value>0xa8a0</value>
         <object_component_ref idref="oc-1a0"/>
      </symbol>
      <symbol id="sm-659">
         <name>__TI_enable_exit_profile_output</name>
         <value>0xa89e</value>
         <object_component_ref idref="oc-1a0"/>
      </symbol>
      <symbol id="sm-670">
         <name>_nop</name>
         <value>0xd834</value>
         <object_component_ref idref="oc-1fe"/>
      </symbol>
      <symbol id="sm-671">
         <name>_lock</name>
         <value>0xa8a4</value>
         <object_component_ref idref="oc-1a3"/>
      </symbol>
      <symbol id="sm-672">
         <name>_unlock</name>
         <value>0xa8a6</value>
         <object_component_ref idref="oc-27c"/>
      </symbol>
      <symbol id="sm-673">
         <name>_register_lock</name>
         <value>0xd830</value>
         <object_component_ref idref="oc-1fe"/>
      </symbol>
      <symbol id="sm-674">
         <name>_register_unlock</name>
         <value>0xd82c</value>
         <object_component_ref idref="oc-1fe"/>
      </symbol>
      <symbol id="sm-683">
         <name>_args_main</name>
         <value>0xd7e3</value>
         <object_component_ref idref="oc-131"/>
      </symbol>
      <symbol id="sm-697">
         <name>memcpy</name>
         <value>0xd322</value>
         <object_component_ref idref="oc-5c"/>
      </symbol>
      <symbol id="sm-6a4">
         <name>_system_post_cinit</name>
         <value>0xd881</value>
         <object_component_ref idref="oc-1b8"/>
      </symbol>
      <symbol id="sm-6a6">
         <name>__c_args__</name>
         <value>0x0</value>
      </symbol>
   </symbol_table>
   <title>Link successful</title>
</link_info>
