******************************************************************************
             TMS320C2000 Linker PC v22.6.1                     
******************************************************************************
>> Linked Fri Jun 13 16:26:28 2025

OUTPUT FILE NAME:   <sinv_F28P55x.out>
ENTRY POINT SYMBOL: "code_start"  address: 00080000


MEMORY CONFIGURATION

         name            origin    length      used     unused   attr    fill
----------------------  --------  ---------  --------  --------  ----  --------
  RAMM0                 00000128   000002d8  00000000  000002d8  RWIX
  RAMM1                 00000400   00000400  00000200  00000200  RWIX
  CLATOCPURAM           00001480   00000080  00000000  00000080  RWIX
  CPUTOCLARAM           00001500   00000080  00000000  00000080  RWIX
  CLATODMARAM           00001680   00000080  00000000  00000080  RWIX
  DMATOCLARAM           00001700   00000080  00000000  00000080  RWIX
  RAMLS8_CLA            00004000   00002000  00000000  00002000  RWIX
  RAMLS9_CLA            00006000   00002000  00000000  00002000  RWIX
  RAMLS0                00008000   00000800  0000047c  00000384  RWIX
  RAMLS1                00008800   00000800  00000000  00000800  RWIX
  RAMLS2                00009000   00000800  00000000  00000800  RWIX
  RAMLS3                00009800   00000800  00000000  00000800  RWIX
  RAMLS4                0000a000   00000800  00000000  00000800  RWIX
  RAMLS5                0000a800   00000800  000007b8  00000048  RWIX
  RAMLS6                0000b000   00000800  00000304  000004fc  RWIX
  RAMLS7                0000b800   00000800  00000000  00000800  RWIX
  RAMGS0                0000c000   00002000  00000000  00002000  RWIX
  RAMGS1                0000e000   00002000  00000000  00002000  RWIX
  RAMGS2                00010000   00002000  00000000  00002000  RWIX
  RAMGS3                00012000   00002000  00000000  00002000  RWIX
  RAMLS8                00014000   00002000  00000000  00002000  RWIX
  RAMLS9                00016000   00002000  00000000  00002000  RWIX
  FLASH_BANK0           00080000   00020000  00002efa  0001d106  RWIX
  FLASH_BANK1           000a0000   00020000  00000000  00020000  RWIX
  FLASH_BANK2           000c0000   00020000  00000000  00020000  RWIX
  FLASH_BANK3           000e0000   00020000  00000000  00020000  RWIX
  FLASH_BANK4           00100000   00007fff  00000000  00007fff  RWIX
  RESET                 003fffc0   00000002  00000000  00000002  RWIX


SECTION ALLOCATION MAP

 output                                  attributes/
section   page    origin      length       input sections
--------  ----  ----------  ----------   ----------------
.reset     0    003fffc0    00000000     DSECT

.stack     0    00000400    00000200     UNINITIALIZED
                  00000400    00000200     --HOLE--

codestart 
*          0    00080000    00000002     
                  00080000    00000002     f28p55x_codestartbranch.obj (codestart)

.TI.ramfunc 
*          0    00080008    0000047c     RUN ADDR = 00008000
                  00080008    00000478     stringINV_main.obj (.TI.ramfunc:INT_ADC_A_1_ISR)
                  00080480    00000004     driverlib.lib : sysctl.obj (.TI.ramfunc)

.text      0    00080488    0000297d     
                  00080488    000005f5     stringINV.obj (.text:stringINV_test)
                  00080a7d    00000449     board.obj (.text:EPWM_init)
                  00080ec6    0000043d     stringINV.obj (.text:stringINV_globalVariablesInit)
                  00081303    0000036d     board.obj (.text:SYSCTL_init)
                  00081670    000001db     stringINV_main.obj (.text:stringINV_Fault_Read)
                  0008184b    0000013e     board.obj (.text:PinMux_init)
                  00081989    0000011d     driverlib.lib : sysctl.obj (.text:SysCtl_setClock)
                  00081aa6    00000103     stringINV.obj (.text:stringINV_PeripheralInit)
                  00081ba9    000000e9     driverlib.lib : sysctl.obj (.text:SysCtl_isPLLValid)
                  00081c92    000000e7     board.obj (.text:GPIO_init)
                  00081d79    000000df     device.obj (.text:Device_enableAllPeripherals)
                  00081e58    000000c1     device.obj (.text:Device_init)
                  00081f19    000000b2     driverlib.lib : gpio.obj (.text:GPIO_setAnalogMode)
                  00081fcb    000000b1     board.obj (.text:ADC_A_init)
                  0008207c    000000a1     board.obj (.text:myCMPSS_Bidir1_init)
                  0008211d    000000a1     board.obj (.text:myCMPSS_Bidir2_init)
                  000821be    0000009e     board.obj (.text:myCMPSS_Boost_init)
                  0008225c    0000009e     board.obj (.text:myCMPSS_DCAC_init)
                  000822fa    0000008c     board.obj (.text:myECAP1_init)
                  00082386    0000008b     board.obj (.text:myECAP0_init)
                  00082411    00000088     rts2800_fpu32_eabi.lib : fs_div28.asm.obj (.text)
                  00082499    0000007f     board.obj (.text:Board_init)
                  00082518    0000007e     stringINV.obj (.text:computeDF22_PRcontrollerCoeff)
                  00082596    00000071     stringINV.obj (.text:computeDF22_NotchFltrCoeff)
                  00082607    0000006a     board.obj (.text:ADC_B_init)
                  00082671    0000006a     board.obj (.text:ADC_C_init)
                  000826db    00000060     rts2800_fpu32_eabi.lib : s_tanf.c.obj (.text)
                  0008273b    0000005a     board.obj (.text:ADC_D_init)
                  00082795    00000059     driverlib.lib : sysctl.obj (.text:SysCtl_getClock)
                  000827ee    00000045                   : sysctl.obj (.text:SysCtl_selectXTAL)
                  00082833    00000041                   : interrupt.obj (.text:Interrupt_initModule)
                  00082874    0000003f                   : gpio.obj (.text:GPIO_setPadConfig)
                  000828b3    0000003e                   : sysctl.obj (.text:SysCtl_pollX1Counter)
                  000828f1    00000037     board.obj (.text:EPWM_setActionQualifierAction$1)
                  00082928    00000037     stringINV_main.obj (.text:main)
                  0008295f    00000036     driverlib.lib : adc.obj (.text:ADC_setVREF)
                  00082995    00000036                   : interrupt.obj (.text:Interrupt_enable)
                  000829cb    00000034     rts2800_fpu32_eabi.lib : autoinit.c.obj (.text:__TI_auto_init_nopinit)
                  000829ff    00000030     driverlib.lib : gpio.obj (.text:GPIO_setPinConfig)
                  00082a2f    00000030     rts2800_fpu32_eabi.lib : copy_decompress_lzss.c.obj (.text:decompress:lzss)
                  00082a5f    00000030                            : cpy_tbl.c.obj (.text)
                  00082a8f    0000002b     driverlib.lib : sysctl.obj (.text:SysCtl_selectOscSource)
                  00082aba    0000002b                   : xbar.obj (.text:XBAR_setEPWMMuxConfig)
                  00082ae5    00000029     stringINV.obj (.text:ECAP_getEventTimeStamp$0)
                  00082b0e    00000029     rts2800_fpu32_eabi.lib : exit.c.obj (.text)
                  00082b37    00000028     driverlib.lib : cmpss.obj (.text:CMPSS_configRampLow)
                  00082b5f    00000025     stringINV_main.obj (.text:stringINV_Converter_Stop)
                  00082b84    00000024     driverlib.lib : cmpss.obj (.text:CMPSS_configRampHigh)
                  00082ba8    00000022                   : gpio.obj (.text:GPIO_setControllerCore)
                  00082bca    00000022                   : gpio.obj (.text:GPIO_setQualificationMode)
                  00082bec    00000022                   : pga.obj (.text:PGA_setOffsetTrimNMOS)
                  00082c0e    00000021                   : pga.obj (.text:PGA_setOffsetTrimPMOS)
                  00082c2f    00000021                   : sysctl.obj (.text:SysCtl_selectXTALSingleEnded)
                  00082c50    00000020                   : gpio.obj (.text:GPIO_setDirectionMode)
                  00082c70    0000001c                   : cmpss.obj (.text:CMPSS_configFilterHigh)
                  00082c8c    0000001c                   : cmpss.obj (.text:CMPSS_configFilterLow)
                  00082ca8    0000001c     rts2800_fpu32_eabi.lib : memcpy.c.obj (.text)
                  00082cc4    00000018     device.obj (.text:Device_initGPIO)
                  00082cdc    00000017     rts2800_fpu32_eabi.lib : boot28.asm.obj (.text)
                  00082cf3    00000015     driverlib.lib : cmpss.obj (.text:CMPSS_configLatchOnPWMSYNC)
                  00082d08    00000015     stringINV.obj (.text:GPIO_writePin$0)
                  00082d1d    00000015     driverlib.lib : interrupt.obj (.text:Interrupt_initVectorTable)
                  00082d32    00000015                   : sysctl.obj (.text:SysCtl_getLowSpeedClock)
                  00082d47    00000013                   : sysctl.obj (.text:SysCtl_configureType)
                  00082d5a    00000012     board.obj (.text:SysCtl_setPeripheralAccessControl$1)
                  00082d6c    0000000d     driverlib.lib : ecap.obj (.text:ECAP_setEmulationMode)
                  00082d79    0000000c                   : interrupt.obj (.text:Interrupt_defaultHandler)
                  00082d85    0000000c     rts2800_fpu32_eabi.lib : args_main.c.obj (.text)
                  00082d91    0000000a     stringINV_main.obj (.text:A0)
                  00082d9b    0000000a     driverlib.lib : asysctl.obj (.text:ASysCtl_setAnalogReferenceInternal)
                  00082da5    0000000a     stringINV_main.obj (.text:B0)
                  00082daf    0000000a     driverlib.lib : interrupt.obj (.text:Interrupt_illegalOperationHandler)
                  00082db9    0000000a                   : interrupt.obj (.text:Interrupt_nmiHandler)
                  00082dc3    00000009                   : epwm.obj (.text:EPWM_setEmulationMode)
                  00082dcc    00000008     stringINV_main.obj (.text:A1)
                  00082dd4    00000008     rts2800_fpu32_eabi.lib : copy_decompress_none.c.obj (.text:decompress:none)
                  00082ddc    00000008     f28p55x_codestartbranch.obj (.text)
                  00082de4    00000006     stringINV_main.obj (.text:B1)
                  00082dea    00000006     stringINV_main.obj (.text:B2)
                  00082df0    00000006     stringINV_main.obj (.text:B3)
                  00082df6    00000006     rts2800_fpu32_eabi.lib : copy_zero_init.c.obj (.text:decompress:ZI)
                  00082dfc    00000003     device.obj (.text:__error__)
                  00082dff    00000002     rts2800_fpu32_eabi.lib : pre_init.c.obj (.text)
                  00082e01    00000001     c2000ware_libraries.obj (.text:C2000Ware_libraries_init)
                  00082e02    00000001     device_cmd.obj (.text:CMD_init)
                  00082e03    00000001     rts2800_fpu32_eabi.lib : _lock.c.obj (.text)
                  00082e04    00000001                            : startup.c.obj (.text)

.binit     0    00082f00    00000008     
                  00082f00    00000008     (.binit)

.cinit     0    00082ec0    00000040     
                  00082ec0    0000001e     (.cinit..data.load) [load image, compression = lzss]
                  00082ede    00000006     (__TI_handler_table)
                  00082ee4    00000004     (.cinit..bss.1.load) [load image, compression = zero_init]
                  00082ee8    00000004     (.cinit..bss.2.load) [load image, compression = zero_init]
                  00082eec    00000004     (.cinit..bss.3.load) [load image, compression = zero_init]
                  00082ef0    00000010     (__TI_cinit_table)

.init_array 
*          0    00080000    00000000     UNINITIALIZED

.const     0    00082e08    000000b7     
                  00082e08    000000b7     <whole-program> (.const:.string)

.bss.1     0    0000a800    00000208     UNINITIALIZED
                  0000a800    00000202     stringINV.obj (.bss:retain)
                  0000aa02    00000006     stringINV_main.obj (.bss)

.bss.2     0    0000aa40    000005b0     UNINITIALIZED
                  0000aa40    00000100     stringINV.obj (.bss)
                  0000ab40    000000c8     stringINV.obj (.bss:stringINV_ACDC_dBuff1)
                  0000ac08    000000c8     stringINV.obj (.bss:stringINV_ACDC_dBuff2)
                  0000acd0    000000c8     stringINV.obj (.bss:stringINV_ACDC_dBuff3)
                  0000ad98    000000c8     stringINV.obj (.bss:stringINV_ACDC_dBuff4)
                  0000ae60    000000c8     stringINV.obj (.bss:stringINV_ACDC_dBuff5)
                  0000af28    000000c8     stringINV.obj (.bss:stringINV_ACDC_dBuff6)

.bss.3     0    0000b000    00000190     UNINITIALIZED
                  0000b000    000000c8     stringINV.obj (.bss:stringINV_ACDC_dBuff7)
                  0000b0c8    000000c8     stringINV.obj (.bss:stringINV_ACDC_dBuff8)

.data      0    0000b1c0    00000174     UNINITIALIZED
                  0000b1c0    0000016c     stringINV.obj (.data)
                  0000b32c    00000006     rts2800_fpu32_eabi.lib : exit.c.obj (.data)
                  0000b332    00000002                            : _lock.c.obj (.data:_lock)

MODULE SUMMARY

       Module                                   code    ro data   rw data
       ------                                   ----    -------   -------
    .\
       stringINV.obj                            3170    0         2734   
       stringINV_main.obj                       2901    0         6      
       f28p55x_codestartbranch.obj              10      0         0      
    +--+----------------------------------------+-------+---------+---------+
       Total:                                   6081    0         2740   
                                                                         
    .\syscfg\
       board.obj                                4119    0         0      
       device.obj                               443     0         0      
       c2000ware_libraries.obj                  1       0         0      
       device_cmd.obj                           1       0         0      
    +--+----------------------------------------+-------+---------+---------+
       Total:                                   4564    0         0      
                                                                         
    C:\Users\Admin\AppData\Local\Temp\
       {DBCADFF8-DC5B-4BF4-9D38-E0A048FCC62F}   0       183       0      
    +--+----------------------------------------+-------+---------+---------+
       Total:                                   0       183       0      
                                                                         
    C:\ti\ccs2011\ccs\tools\compiler\ti-cgt-c2000_22.6.1.LTS\lib\rts2800_fpu32_eabi.lib
       fs_div28.asm.obj                         136     0         0      
       s_tanf.c.obj                             96      0         0      
       autoinit.c.obj                           52      0         0      
       copy_decompress_lzss.c.obj               48      0         0      
       cpy_tbl.c.obj                            48      0         0      
       exit.c.obj                               41      0         6      
       memcpy.c.obj                             28      0         0      
       boot28.asm.obj                           23      0         0      
       args_main.c.obj                          12      0         0      
       copy_decompress_none.c.obj               8       0         0      
       copy_zero_init.c.obj                     6       0         0      
       _lock.c.obj                              1       0         2      
       pre_init.c.obj                           2       0         0      
       startup.c.obj                            1       0         0      
    +--+----------------------------------------+-------+---------+---------+
       Total:                                   502     0         8      
                                                                         
    D:/DTKH.INV.13.OFG/INV.5KW.OG.Design/firmware/exemple/sinv_F28P55x/device/driverlib/ccs/Release/driverlib.lib
       sysctl.obj                               862     0         0      
       gpio.obj                                 389     0         0      
       interrupt.obj                            172     0         0      
       cmpss.obj                                153     0         0      
       pga.obj                                  67      0         0      
       adc.obj                                  54      0         0      
       xbar.obj                                 43      0         0      
       ecap.obj                                 13      0         0      
       asysctl.obj                              10      0         0      
       epwm.obj                                 9       0         0      
    +--+----------------------------------------+-------+---------+---------+
       Total:                                   1772    0         0      
                                                                         
       Stack:                                   0       0         512    
       Linker Generated:                        0       72        0      
    +--+----------------------------------------+-------+---------+---------+
       Grand Total:                             12919   255       3260   


LINKER GENERATED COPY TABLES

__TI_cinit_table @ 00082ef0 records: 4, size/record: 4, table size: 16
	.data: load addr=00082ec0, load size=0000001e bytes, run addr=0000b1c0, run size=00000174 bytes, compression=lzss
	.bss.1: load addr=00082ee4, load size=00000004 bytes, run addr=0000a800, run size=00000208 bytes, compression=zero_init
	.bss.2: load addr=00082ee8, load size=00000004 bytes, run addr=0000aa40, run size=000005b0 bytes, compression=zero_init
	.bss.3: load addr=00082eec, load size=00000004 bytes, run addr=0000b000, run size=00000190 bytes, compression=zero_init
binit @ 00082f00 records: 1, size/record: 6, table size: 8
	.TI.ramfunc: load addr=00080008, load size=0000047c, run addr=00008000, run size=0000047c, compression=none


LINKER GENERATED HANDLER TABLE

__TI_handler_table @ 00082ede records: 3, size/record: 2, table size: 6
	index: 0, handler: __TI_zero_init
	index: 1, handler: __TI_decompress_lzss
	index: 2, handler: __TI_decompress_none


GLOBAL DATA SYMBOLS: SORTED BY DATA PAGE

address     data page           name
--------    ----------------    ----
00000400      10 (00000400)     __stack

0000a800     2a0 (0000a800)     stringINV_clearPWMTrip
0000a801     2a0 (0000a800)     stringINV_updateDuty
0000a802     2a0 (0000a800)     stringINV_clearPWMTripBoost
0000a803     2a0 (0000a800)     stringINV_updateDutyBoost
0000a804     2a0 (0000a800)     stringINV_clearPWMTripDCDC
0000a805     2a0 (0000a800)     stringINV_updateDutyDCDC
0000a806     2a0 (0000a800)     stringINV_clearPWMTripDCAC
0000a807     2a0 (0000a800)     stringINV_updateDutyDCAC
0000a808     2a0 (0000a800)     stringINV_enableUVFaults
0000a809     2a0 (0000a800)     stringINV_enableDCRelay
0000a80a     2a0 (0000a800)     stringINV_enableACRelay
0000a80b     2a0 (0000a800)     stringINV_Counter
0000a80c     2a0 (0000a800)     stringINV_ACDC_Index_Modulation
0000a80e     2a0 (0000a800)     Boost_S1_Duty_Cycle
0000a810     2a0 (0000a800)     Boost_S2_Duty_Cycle
0000a812     2a0 (0000a800)     Batt1_Duty_Cycle
0000a814     2a0 (0000a800)     Batt2_Duty_Cycle
0000a816     2a0 (0000a800)     TEMP_Boost1_Buff_Duty
0000a818     2a0 (0000a800)     TEMP_Boost2_Buff_Duty
0000a81a     2a0 (0000a800)     TEMP_Batt_H1_Buff_Duty
0000a81c     2a0 (0000a800)     TEMP_Batt_L1_Buff_Duty
0000a81e     2a0 (0000a800)     TEMP_Batt_H2_Buff_Duty
0000a820     2a0 (0000a800)     TEMP_Batt_L2_Buff_Duty
0000a822     2a0 (0000a800)     TEMP_Boost1_Buff
0000a824     2a0 (0000a800)     TEMP_Boost2_Buff
0000a826     2a0 (0000a800)     TEMP_Batt_H1_Buff
0000a828     2a0 (0000a800)     TEMP_Batt_L1_Buff
0000a82a     2a0 (0000a800)     TEMP_Batt_H2_Buff
0000a82c     2a0 (0000a800)     TEMP_Batt_L2_Buff
0000a82e     2a0 (0000a800)     stringINV_GaN_Temp_Counter
0000a830     2a0 (0000a800)     TEMP_Boost1_FILTER
0000a832     2a0 (0000a800)     TEMP_Boost2_FILTER
0000a834     2a0 (0000a800)     TEMP_Batt_H1_FILTER
0000a836     2a0 (0000a800)     TEMP_Batt_L1_FILTER
0000a838     2a0 (0000a800)     TEMP_Batt_H2_FILTER
0000a83a     2a0 (0000a800)     TEMP_Batt_L2_FILTER
0000a83c     2a0 (0000a800)     TEMP_S1_Duty
0000a83e     2a0 (0000a800)     TEMP_S2_Duty

0000a840     2a1 (0000a840)     TEMP_S3_Duty
0000a842     2a1 (0000a840)     TEMP_S4_Duty
0000a844     2a1 (0000a840)     TEMP_S5_Duty
0000a846     2a1 (0000a840)     TEMP_S6_Duty
0000a848     2a1 (0000a840)     TEMP_S1
0000a84a     2a1 (0000a840)     TEMP_S2
0000a84c     2a1 (0000a840)     TEMP_S3
0000a84e     2a1 (0000a840)     TEMP_S4
0000a850     2a1 (0000a840)     TEMP_S5
0000a852     2a1 (0000a840)     TEMP_S6
0000a854     2a1 (0000a840)     TEMP_S1_FILTER
0000a856     2a1 (0000a840)     TEMP_S2_FILTER
0000a858     2a1 (0000a840)     TEMP_S3_FILTER
0000a85a     2a1 (0000a840)     TEMP_S4_FILTER
0000a85c     2a1 (0000a840)     TEMP_S5_FILTER
0000a85e     2a1 (0000a840)     TEMP_S6_FILTER
0000a860     2a1 (0000a840)     stringINV_reset_PLL
0000a862     2a1 (0000a840)     stringINV_ACDC_iAC_sensed_pu
0000a864     2a1 (0000a840)     stringINV_ACDC_iAC_REF_sensed_pu
0000a866     2a1 (0000a840)     stringINV_ACDC_vAC_sensed_pu
0000a868     2a1 (0000a840)     stringINV_ACDC_vINV_sensed_pu
0000a86a     2a1 (0000a840)     stringINV_ACDC_vDC_sensed_pu
0000a86c     2a1 (0000a840)     stringINV_ACDC_iDC_sensed_pu
0000a86e     2a1 (0000a840)     stringINV_ACDC_iAC_sensed
0000a870     2a1 (0000a840)     stringINV_ACDC_vAC_sensed
0000a872     2a1 (0000a840)     stringINV_ACDC_vINV_sensed
0000a874     2a1 (0000a840)     stringINV_ACDC_vDC_sensed
0000a876     2a1 (0000a840)     stringINV_ACDC_iDC_sensed
0000a878     2a1 (0000a840)     stringINV_DCDC_CS_Boost1_sensed_pu
0000a87a     2a1 (0000a840)     stringINV_DCDC_VS_Boost1_sensed_pu
0000a87c     2a1 (0000a840)     stringINV_DCDC_CS_Boost2_sensed_pu
0000a87e     2a1 (0000a840)     stringINV_DCDC_VS_Boost2_sensed_pu

0000a880     2a2 (0000a880)     stringINV_DCDC_CS_Batt1_sensed_pu
0000a882     2a2 (0000a880)     stringINV_DCDC_VS_Batt_sensed_pu
0000a884     2a2 (0000a880)     stringINV_DCDC_CS_Batt2_sensed_pu
0000a886     2a2 (0000a880)     stringINV_DCDC_vDC_sensed_pu
0000a888     2a2 (0000a880)     stringINV_DCDC_CS_Boost1_sensed
0000a88a     2a2 (0000a880)     stringINV_DCDC_VS_Boost1_sensed
0000a88c     2a2 (0000a880)     stringINV_DCDC_CS_Boost2_sensed
0000a88e     2a2 (0000a880)     stringINV_DCDC_VS_Boost2_sensed
0000a890     2a2 (0000a880)     stringINV_DCDC_CS_Batt1_sensed
0000a892     2a2 (0000a880)     stringINV_DCDC_VS_Batt_sensed
0000a894     2a2 (0000a880)     stringINV_DCDC_CS_Batt2_sensed
0000a896     2a2 (0000a880)     stringINV_DCDC_vDC_sensed
0000a898     2a2 (0000a880)     stringINV_DCDC_CS_Boost1_sensed_FILTER
0000a89a     2a2 (0000a880)     stringINV_DCDC_VS_Boost1_sensed_FILTER
0000a89c     2a2 (0000a880)     stringINV_DCDC_CS_Boost2_sensed_FILTER
0000a89e     2a2 (0000a880)     stringINV_DCDC_VS_Boost2_sensed_FILTER
0000a8a0     2a2 (0000a880)     stringINV_DCDC_vDC_sensed_FILTER
0000a8a2     2a2 (0000a880)     stringINV_DCDC_b1_voltage_ref
0000a8a4     2a2 (0000a880)     stringINV_DCDC_b2_voltage_ref
0000a8a6     2a2 (0000a880)     stringINV_DCDC_mppt_counter
0000a8a8     2a2 (0000a880)     stringINV_DCDC_VS_Batt_sensed_FILTER
0000a8aa     2a2 (0000a880)     stringINV_ACDC_vDC_sensed_FILTER
0000a8ac     2a2 (0000a880)     stringINV_ACDC_vDC_sensed_NOTCH
0000a8ae     2a2 (0000a880)     stringINV_ACDC_vAC_sensed_FILTER
0000a8b0     2a2 (0000a880)     stringINV_ACDC_vAC_RMS_FILTER
0000a8b2     2a2 (0000a880)     stringINV_ADC_fault
0000a8b4     2a2 (0000a880)     stringINV_stop
0000a8b6     2a2 (0000a880)     stringINV_fault_read_start
0000a8b8     2a2 (0000a880)     stringINV_fault_read_completed
0000a8ba     2a2 (0000a880)     stringINV_DCDC_CS_Batt1_fault
0000a8bc     2a2 (0000a880)     stringINV_DCDC_CS_Batt2_fault
0000a8be     2a2 (0000a880)     stringINV_DCDC_VS_Batt_fault

0000a8c0     2a3 (0000a8c0)     stringINV_DCDC_CS_Boost1_fault
0000a8c2     2a3 (0000a8c0)     stringINV_DCDC_VS_Boost1_fault
0000a8c4     2a3 (0000a8c0)     stringINV_DCDC_CS_Boost2_fault
0000a8c6     2a3 (0000a8c0)     stringINV_DCDC_VS_Boost2_fault
0000a8c8     2a3 (0000a8c0)     stringINV_ACDC_iAC_fault
0000a8ca     2a3 (0000a8c0)     stringINV_ACDC_vAC_fault
0000a8cc     2a3 (0000a8c0)     stringINV_ACDC_vAC_RMS_fault
0000a8ce     2a3 (0000a8c0)     stringINV_ACDC_vDC_fault
0000a8d0     2a3 (0000a8c0)     stringINV_ACDC_iDC_fault
0000a8d2     2a3 (0000a8c0)     stringINV_Boost1_Duty_Ref_fault
0000a8d4     2a3 (0000a8c0)     stringINV_Boost2_Duty_Ref_fault
0000a8d6     2a3 (0000a8c0)     stringINV_Boost1_Duty_Ref_Slewed_fault
0000a8d8     2a3 (0000a8c0)     stringINV_Boost2_Duty_Ref_Slewed_fault
0000a8da     2a3 (0000a8c0)     Batt1_Duty_Cycle_fault
0000a8dc     2a3 (0000a8c0)     Batt2_Duty_Cycle_fault
0000a8de     2a3 (0000a8c0)     stringINV_ACDC_Index_Modulation_fault
0000a8e0     2a3 (0000a8c0)     TEMP_Boost1_FILTER_fault
0000a8e2     2a3 (0000a8c0)     TEMP_Boost2_FILTER_fault
0000a8e4     2a3 (0000a8c0)     TEMP_Batt_H1_FILTER_fault
0000a8e6     2a3 (0000a8c0)     TEMP_Batt_L1_FILTER_fault
0000a8e8     2a3 (0000a8c0)     TEMP_Batt_H2_FILTER_fault
0000a8ea     2a3 (0000a8c0)     TEMP_Batt_L2_FILTER_fault
0000a8ec     2a3 (0000a8c0)     TEMP_S1_FILTER_fault
0000a8ee     2a3 (0000a8c0)     TEMP_S2_FILTER_fault
0000a8f0     2a3 (0000a8c0)     TEMP_S3_FILTER_fault
0000a8f2     2a3 (0000a8c0)     TEMP_S4_FILTER_fault
0000a8f4     2a3 (0000a8c0)     TEMP_S5_FILTER_fault
0000a8f6     2a3 (0000a8c0)     TEMP_S6_FILTER_fault
0000a8f8     2a3 (0000a8c0)     stringINV_ACDC_iAC_real_Ref
0000a8fa     2a3 (0000a8c0)     stringINV_ACDC_iAC_imag_Ref
0000a8fc     2a3 (0000a8c0)     stringINV_ACDC_iAC_Ref
0000a8fe     2a3 (0000a8c0)     stringINV_ACDC_iAC_Ref_slewed

0000a900     2a4 (0000a900)     stringINV_ACDC_iAC_real_Ref_slewed
0000a902     2a4 (0000a900)     stringINV_ACDC_iAC_imag_Ref_slewed
0000a904     2a4 (0000a900)     stringINV_ACDC_iAC_amp_Ref
0000a906     2a4 (0000a900)     stringINV_DCDC_CS_Batt_Ref
0000a908     2a4 (0000a900)     stringINV_DCDC_CS_Batt_Ref_Slewed
0000a90a     2a4 (0000a900)     stringINV_DCDC_CS_Batt1_loop_err
0000a90c     2a4 (0000a900)     stringINV_DCDC_CS_Batt2_loop_err
0000a90e     2a4 (0000a900)     stringINV_DCDC_VDC_loop_err
0000a910     2a4 (0000a900)     stringINV_DCDC_VDCext_Ref
0000a912     2a4 (0000a900)     stringINV_DCDC_VDCext_Ref_Slewed
0000a914     2a4 (0000a900)     stringINV_DCDC_VBoost1_loop_err
0000a916     2a4 (0000a900)     stringINV_DCDC_VBoost2_loop_err
0000a918     2a4 (0000a900)     stringINV_DCDC_vDC_Ref
0000a91a     2a4 (0000a900)     stringINV_DCDC_vDC_Ref_Slewed
0000a91c     2a4 (0000a900)     stringINV_DCDC_BOOST1PWM_Ref
0000a91e     2a4 (0000a900)     stringINV_DCDC_BOOST1PWM_Ref_Slewed
0000a920     2a4 (0000a900)     stringINV_DCDC_BOOST2PWM_Ref
0000a922     2a4 (0000a900)     stringINV_DCDC_BOOST2PWM_Ref_Slewed
0000a924     2a4 (0000a900)     stringINV_DCDC_IDC_Ref
0000a926     2a4 (0000a900)     stringINV_DCDC_IDC_Ref_Slewed
0000a928     2a4 (0000a900)     stringINV_Boost1_Duty_Ref
0000a92a     2a4 (0000a900)     stringINV_Boost1_Duty_Ref_Slewed
0000a92c     2a4 (0000a900)     stringINV_Boost2_Duty_Ref
0000a92e     2a4 (0000a900)     stringINV_Boost2_Duty_Ref_Slewed
0000a930     2a4 (0000a900)     stringINV_IDCAC_Ref
0000a932     2a4 (0000a900)     stringINV_IDCAC_Ref_Slewed
0000a934     2a4 (0000a900)     stringINV_ACDC_iAC_loop_err
0000a936     2a4 (0000a900)     stringINV_ACDC_vDC_loop_err
0000a938     2a4 (0000a900)     stringINV_ACDC_iAC_real_Ref_OUT_PI
0000a93a     2a4 (0000a900)     stringINV_ACDC_iAC_loop_out_PI
0000a93c     2a4 (0000a900)     stringINV_ACDC_iAC_loop_out_PR1
0000a93e     2a4 (0000a900)     stringINV_ACDC_iAC_loop_out_PR3

0000a940     2a5 (0000a940)     stringINV_ACDC_iAC_loop_out_PR5
0000a942     2a5 (0000a940)     stringINV_ACDC_iAC_loop_out_PR7
0000a944     2a5 (0000a940)     stringINV_ACDC_iAC_loop_out_PR9
0000a946     2a5 (0000a940)     stringINV_ACDC_iAC_loop_out_PR11
0000a948     2a5 (0000a940)     stringINV_ACDC_iAC_loop_out_PR13
0000a94a     2a5 (0000a940)     stringINV_ACDC_iAC_loop_out_PR15
0000a94c     2a5 (0000a940)     stringINV_ACDC_iAC_loop_out_PR17
0000a94e     2a5 (0000a940)     stringINV_ACDC_iAC_loop_out_SUM
0000a950     2a5 (0000a940)     stringINV_ACDC_rgen
0000a956     2a5 (0000a940)     stringINV_DCDC_b1_mppt_incc

0000a980     2a6 (0000a980)     stringINV_DCDC_b2_mppt_incc
0000a996     2a6 (0000a980)     stringINV_FAULT_FLAGS

0000a9c0     2a7 (0000a9c0)     stringINV_spll_1ph

0000aa02     2a8 (0000aa00)     Alpha_State_Ptr
0000aa04     2a8 (0000aa00)     A_Task_Ptr
0000aa06     2a8 (0000aa00)     B_Task_Ptr

0000aa40     2a9 (0000aa40)     stringINV_ACDC_Amplitude
0000aa42     2a9 (0000aa40)     stringINV_ACDC_dVal1
0000aa44     2a9 (0000aa40)     stringINV_ACDC_dVal2
0000aa46     2a9 (0000aa40)     stringINV_ACDC_dVal3
0000aa48     2a9 (0000aa40)     stringINV_ACDC_dVal4
0000aa4a     2a9 (0000aa40)     stringINV_ACDC_dVal5
0000aa4c     2a9 (0000aa40)     stringINV_ACDC_dVal6
0000aa4e     2a9 (0000aa40)     stringINV_ACDC_dVal7
0000aa50     2a9 (0000aa40)     stringINV_ACDC_dVal8
0000aa52     2a9 (0000aa40)     stringINV_DCAC_Counter_Disable_FFW
0000aa54     2a9 (0000aa40)     stringINV_Counter_Faults
0000aa56     2a9 (0000aa40)     kpI_1H
0000aa58     2a9 (0000aa40)     kiI_1H
0000aa5a     2a9 (0000aa40)     kiI_3H
0000aa5c     2a9 (0000aa40)     kiI_5H
0000aa5e     2a9 (0000aa40)     kiI_7H
0000aa60     2a9 (0000aa40)     kiI_9H
0000aa62     2a9 (0000aa40)     kiI_11H
0000aa64     2a9 (0000aa40)     kiI_13H
0000aa66     2a9 (0000aa40)     kiI_15H
0000aa68     2a9 (0000aa40)     kiI_17H
0000aa6a     2a9 (0000aa40)     woI_1H
0000aa6c     2a9 (0000aa40)     woI_3H
0000aa6e     2a9 (0000aa40)     woI_5H
0000aa70     2a9 (0000aa40)     woI_7H
0000aa72     2a9 (0000aa40)     woI_9H
0000aa74     2a9 (0000aa40)     woI_11H
0000aa76     2a9 (0000aa40)     woI_13H
0000aa78     2a9 (0000aa40)     woI_15H
0000aa7a     2a9 (0000aa40)     woI_17H
0000aa7c     2a9 (0000aa40)     wrcI_1H
0000aa7e     2a9 (0000aa40)     wrcI_3H

0000aa80     2aa (0000aa80)     wrcI_5H
0000aa82     2aa (0000aa80)     wrcI_7H
0000aa84     2aa (0000aa80)     wrcI_9H
0000aa86     2aa (0000aa80)     wrcI_11H
0000aa88     2aa (0000aa80)     wrcI_13H
0000aa8a     2aa (0000aa80)     wrcI_15H
0000aa8c     2aa (0000aa80)     wrcI_17H
0000aa8e     2aa (0000aa80)     stringINV_ACDC_dLog1

0000aac0     2ab (0000aac0)     stringINV_ACDC_dLog2

0000ab00     2ac (0000ab00)     stringINV_mains_L1

0000ab40     2ad (0000ab40)     stringINV_ACDC_dBuff1

0000ac08     2b0 (0000ac00)     stringINV_ACDC_dBuff2

0000acd0     2b3 (0000acc0)     stringINV_ACDC_dBuff3

0000ad98     2b6 (0000ad80)     stringINV_ACDC_dBuff4

0000ae60     2b9 (0000ae40)     stringINV_ACDC_dBuff5

0000af28     2bc (0000af00)     stringINV_ACDC_dBuff6

0000b000     2c0 (0000b000)     stringINV_ACDC_dBuff7

0000b0c8     2c3 (0000b0c0)     stringINV_ACDC_dBuff8

0000b1c0     2c7 (0000b1c0)     gi_r1
0000b1d2     2c7 (0000b1c0)     gi_r3
0000b1e4     2c7 (0000b1c0)     gi_r5

0000b200     2c8 (0000b200)     gi_r7
0000b212     2c8 (0000b200)     gi_r9
0000b224     2c8 (0000b200)     gi_r11

0000b240     2c9 (0000b240)     gi_r13
0000b252     2c9 (0000b240)     gi_r15
0000b264     2c9 (0000b240)     gi_r17

0000b280     2ca (0000b280)     VDC_NOTCH_FILTER_2_Fe
0000b292     2ca (0000b280)     gi_Batt_pi_1
0000b2a8     2ca (0000b280)     gi_Batt_pi_2

0000b2c0     2cb (0000b2c0)     gv_VBoost_pi_1
0000b2d6     2cb (0000b2c0)     gv_VBoost_pi_2

0000b300     2cc (0000b300)     gi_ACDC_pi
0000b316     2cc (0000b300)     gv_ACDC_pi
0000b32c     2cc (0000b300)     __TI_enable_exit_profile_output
0000b32e     2cc (0000b300)     __TI_cleanup_ptr
0000b330     2cc (0000b300)     __TI_dtors_ptr
0000b332     2cc (0000b300)     _lock


GLOBAL SYMBOLS: SORTED ALPHABETICALLY BY Name 

page  address   name                                  
----  -------   ----                                  
0     00082d91  A0                                    
0     00082dcc  A1                                    
0     00081fcb  ADC_A_init                            
0     00082607  ADC_B_init                            
0     00082671  ADC_C_init                            
0     0008273b  ADC_D_init                            
0     0008295f  ADC_setVREF                           
0     00082d9b  ASysCtl_setAnalogReferenceInternal    
0     0000aa04  A_Task_Ptr                            
0     0000aa02  Alpha_State_Ptr                       
0     00082da5  B0                                    
0     00082de4  B1                                    
0     00082dea  B2                                    
0     00082df0  B3                                    
0     0000aa06  B_Task_Ptr                            
0     0000a812  Batt1_Duty_Cycle                      
0     0000a8da  Batt1_Duty_Cycle_fault                
0     0000a814  Batt2_Duty_Cycle                      
0     0000a8dc  Batt2_Duty_Cycle_fault                
0     00082499  Board_init                            
0     0000a80e  Boost_S1_Duty_Cycle                   
0     0000a810  Boost_S2_Duty_Cycle                   
0     00082b0e  C$$EXIT                               
0     00082e01  C2000Ware_libraries_init              
0     00082e02  CMD_init                              
0     00082c70  CMPSS_configFilterHigh                
0     00082c8c  CMPSS_configFilterLow                 
0     00082cf3  CMPSS_configLatchOnPWMSYNC            
0     00082b84  CMPSS_configRampHigh                  
0     00082b37  CMPSS_configRampLow                   
0     00081d79  Device_enableAllPeripherals           
0     00081e58  Device_init                           
0     00082cc4  Device_initGPIO                       
0     00082d6c  ECAP_setEmulationMode                 
0     00080a7d  EPWM_init                             
0     00082dc3  EPWM_setEmulationMode                 
0     00081c92  GPIO_init                             
0     00081f19  GPIO_setAnalogMode                    
0     00082ba8  GPIO_setControllerCore                
0     00082c50  GPIO_setDirectionMode                 
0     00082874  GPIO_setPadConfig                     
0     000829ff  GPIO_setPinConfig                     
0     00082bca  GPIO_setQualificationMode             
0     00008000  INT_ADC_A_1_ISR                       
0     00082d79  Interrupt_defaultHandler              
0     00082995  Interrupt_enable                      
0     00082daf  Interrupt_illegalOperationHandler     
0     00082833  Interrupt_initModule                  
0     00082d1d  Interrupt_initVectorTable             
0     00082db9  Interrupt_nmiHandler                  
0     00082bec  PGA_setOffsetTrimNMOS                 
0     00082c0e  PGA_setOffsetTrimPMOS                 
0     0008184b  PinMux_init                           
0     00081303  SYSCTL_init                           
0     00082d47  SysCtl_configureType                  
0     00008478  SysCtl_delay                          
0     00082795  SysCtl_getClock                       
0     00082d32  SysCtl_getLowSpeedClock               
0     00081ba9  SysCtl_isPLLValid                     
0     00082a8f  SysCtl_selectOscSource                
0     000827ee  SysCtl_selectXTAL                     
0     00082c2f  SysCtl_selectXTALSingleEnded          
0     00081989  SysCtl_setClock                       
0     0000a826  TEMP_Batt_H1_Buff                     
0     0000a81a  TEMP_Batt_H1_Buff_Duty                
0     0000a834  TEMP_Batt_H1_FILTER                   
0     0000a8e4  TEMP_Batt_H1_FILTER_fault             
0     0000a82a  TEMP_Batt_H2_Buff                     
0     0000a81e  TEMP_Batt_H2_Buff_Duty                
0     0000a838  TEMP_Batt_H2_FILTER                   
0     0000a8e8  TEMP_Batt_H2_FILTER_fault             
0     0000a828  TEMP_Batt_L1_Buff                     
0     0000a81c  TEMP_Batt_L1_Buff_Duty                
0     0000a836  TEMP_Batt_L1_FILTER                   
0     0000a8e6  TEMP_Batt_L1_FILTER_fault             
0     0000a82c  TEMP_Batt_L2_Buff                     
0     0000a820  TEMP_Batt_L2_Buff_Duty                
0     0000a83a  TEMP_Batt_L2_FILTER                   
0     0000a8ea  TEMP_Batt_L2_FILTER_fault             
0     0000a822  TEMP_Boost1_Buff                      
0     0000a816  TEMP_Boost1_Buff_Duty                 
0     0000a830  TEMP_Boost1_FILTER                    
0     0000a8e0  TEMP_Boost1_FILTER_fault              
0     0000a824  TEMP_Boost2_Buff                      
0     0000a818  TEMP_Boost2_Buff_Duty                 
0     0000a832  TEMP_Boost2_FILTER                    
0     0000a8e2  TEMP_Boost2_FILTER_fault              
0     0000a848  TEMP_S1                               
0     0000a83c  TEMP_S1_Duty                          
0     0000a854  TEMP_S1_FILTER                        
0     0000a8ec  TEMP_S1_FILTER_fault                  
0     0000a84a  TEMP_S2                               
0     0000a83e  TEMP_S2_Duty                          
0     0000a856  TEMP_S2_FILTER                        
0     0000a8ee  TEMP_S2_FILTER_fault                  
0     0000a84c  TEMP_S3                               
0     0000a840  TEMP_S3_Duty                          
0     0000a858  TEMP_S3_FILTER                        
0     0000a8f0  TEMP_S3_FILTER_fault                  
0     0000a84e  TEMP_S4                               
0     0000a842  TEMP_S4_Duty                          
0     0000a85a  TEMP_S4_FILTER                        
0     0000a8f2  TEMP_S4_FILTER_fault                  
0     0000a850  TEMP_S5                               
0     0000a844  TEMP_S5_Duty                          
0     0000a85c  TEMP_S5_FILTER                        
0     0000a8f4  TEMP_S5_FILTER_fault                  
0     0000a852  TEMP_S6                               
0     0000a846  TEMP_S6_Duty                          
0     0000a85e  TEMP_S6_FILTER                        
0     0000a8f6  TEMP_S6_FILTER_fault                  
0     0000b280  VDC_NOTCH_FILTER_2_Fe                 
0     00082aba  XBAR_setEPWMMuxConfig                 
0     00082f00  __TI_BINIT_Base                       
0     00082f08  __TI_BINIT_Limit                      
0     00082ef0  __TI_CINIT_Base                       
0     00082f00  __TI_CINIT_Limit                      
0     00082f00  __TI_CINIT_Warm                       
0     00082ede  __TI_Handler_Table_Base               
0     00082ee4  __TI_Handler_Table_Limit              
0     00000600  __TI_STACK_END                        
abs   00000200  __TI_STACK_SIZE                       
0     000829cb  __TI_auto_init_nopinit                
0     0000b32e  __TI_cleanup_ptr                      
0     00082a2f  __TI_decompress_lzss                  
0     00082dd4  __TI_decompress_none                  
0     0000b330  __TI_dtors_ptr                        
0     0000b32c  __TI_enable_exit_profile_output       
abs   ffffffff  __TI_pprof_out_hndl                   
abs   ffffffff  __TI_prof_data_size                   
abs   ffffffff  __TI_prof_data_start                  
0     00082f00  __TI_table_binit                      
0     00082df6  __TI_zero_init                        
0     00082411  __c28xabi_divf                        
n/a   UNDEFED   __c_args__                            
0     00082dfc  __error__                             
0     00000400  __stack                               
0     00082d85  _args_main                            
0     00082cdc  _c_int00                              
0     0000b332  _lock                                 
0     00082e03  _nop                                  
0     00082e04  _system_post_cinit                    
0     00082dff  _system_pre_init                      
0     00082b0e  abort                                 
0     00080000  code_start                            
0     00082596  computeDF22_NotchFltrCoeff            
0     00082518  computeDF22_PRcontrollerCoeff         
0     00082a5f  copy_in                               
0     00082b10  exit                                  
0     0000b300  gi_ACDC_pi                            
0     0000b292  gi_Batt_pi_1                          
0     0000b2a8  gi_Batt_pi_2                          
0     0000b1c0  gi_r1                                 
0     0000b224  gi_r11                                
0     0000b240  gi_r13                                
0     0000b252  gi_r15                                
0     0000b264  gi_r17                                
0     0000b1d2  gi_r3                                 
0     0000b1e4  gi_r5                                 
0     0000b200  gi_r7                                 
0     0000b212  gi_r9                                 
0     0000b316  gv_ACDC_pi                            
0     0000b2c0  gv_VBoost_pi_1                        
0     0000b2d6  gv_VBoost_pi_2                        
0     0000aa62  kiI_11H                               
0     0000aa64  kiI_13H                               
0     0000aa66  kiI_15H                               
0     0000aa68  kiI_17H                               
0     0000aa58  kiI_1H                                
0     0000aa5a  kiI_3H                                
0     0000aa5c  kiI_5H                                
0     0000aa5e  kiI_7H                                
0     0000aa60  kiI_9H                                
0     0000aa56  kpI_1H                                
0     00082928  main                                  
0     00082ca8  memcpy                                
0     0008207c  myCMPSS_Bidir1_init                   
0     0008211d  myCMPSS_Bidir2_init                   
0     000821be  myCMPSS_Boost_init                    
0     0008225c  myCMPSS_DCAC_init                     
0     00082386  myECAP0_init                          
0     000822fa  myECAP1_init                          
0     0000aa40  stringINV_ACDC_Amplitude              
0     0000a80c  stringINV_ACDC_Index_Modulation       
0     0000a8de  stringINV_ACDC_Index_Modulation_fault 
0     0000ab40  stringINV_ACDC_dBuff1                 
0     0000ac08  stringINV_ACDC_dBuff2                 
0     0000acd0  stringINV_ACDC_dBuff3                 
0     0000ad98  stringINV_ACDC_dBuff4                 
0     0000ae60  stringINV_ACDC_dBuff5                 
0     0000af28  stringINV_ACDC_dBuff6                 
0     0000b000  stringINV_ACDC_dBuff7                 
0     0000b0c8  stringINV_ACDC_dBuff8                 
0     0000aa8e  stringINV_ACDC_dLog1                  
0     0000aac0  stringINV_ACDC_dLog2                  
0     0000aa42  stringINV_ACDC_dVal1                  
0     0000aa44  stringINV_ACDC_dVal2                  
0     0000aa46  stringINV_ACDC_dVal3                  
0     0000aa48  stringINV_ACDC_dVal4                  
0     0000aa4a  stringINV_ACDC_dVal5                  
0     0000aa4c  stringINV_ACDC_dVal6                  
0     0000aa4e  stringINV_ACDC_dVal7                  
0     0000aa50  stringINV_ACDC_dVal8                  
0     0000a864  stringINV_ACDC_iAC_REF_sensed_pu      
0     0000a8fc  stringINV_ACDC_iAC_Ref                
0     0000a8fe  stringINV_ACDC_iAC_Ref_slewed         
0     0000a904  stringINV_ACDC_iAC_amp_Ref            
0     0000a8c8  stringINV_ACDC_iAC_fault              
0     0000a8fa  stringINV_ACDC_iAC_imag_Ref           
0     0000a902  stringINV_ACDC_iAC_imag_Ref_slewed    
0     0000a934  stringINV_ACDC_iAC_loop_err           
0     0000a93a  stringINV_ACDC_iAC_loop_out_PI        
0     0000a93c  stringINV_ACDC_iAC_loop_out_PR1       
0     0000a946  stringINV_ACDC_iAC_loop_out_PR11      
0     0000a948  stringINV_ACDC_iAC_loop_out_PR13      
0     0000a94a  stringINV_ACDC_iAC_loop_out_PR15      
0     0000a94c  stringINV_ACDC_iAC_loop_out_PR17      
0     0000a93e  stringINV_ACDC_iAC_loop_out_PR3       
0     0000a940  stringINV_ACDC_iAC_loop_out_PR5       
0     0000a942  stringINV_ACDC_iAC_loop_out_PR7       
0     0000a944  stringINV_ACDC_iAC_loop_out_PR9       
0     0000a94e  stringINV_ACDC_iAC_loop_out_SUM       
0     0000a8f8  stringINV_ACDC_iAC_real_Ref           
0     0000a938  stringINV_ACDC_iAC_real_Ref_OUT_PI    
0     0000a900  stringINV_ACDC_iAC_real_Ref_slewed    
0     0000a86e  stringINV_ACDC_iAC_sensed             
0     0000a862  stringINV_ACDC_iAC_sensed_pu          
0     0000a8d0  stringINV_ACDC_iDC_fault              
0     0000a876  stringINV_ACDC_iDC_sensed             
0     0000a86c  stringINV_ACDC_iDC_sensed_pu          
0     0000a950  stringINV_ACDC_rgen                   
0     0000a8b0  stringINV_ACDC_vAC_RMS_FILTER         
0     0000a8cc  stringINV_ACDC_vAC_RMS_fault          
0     0000a8ca  stringINV_ACDC_vAC_fault              
0     0000a870  stringINV_ACDC_vAC_sensed             
0     0000a8ae  stringINV_ACDC_vAC_sensed_FILTER      
0     0000a866  stringINV_ACDC_vAC_sensed_pu          
0     0000a8ce  stringINV_ACDC_vDC_fault              
0     0000a936  stringINV_ACDC_vDC_loop_err           
0     0000a874  stringINV_ACDC_vDC_sensed             
0     0000a8aa  stringINV_ACDC_vDC_sensed_FILTER      
0     0000a8ac  stringINV_ACDC_vDC_sensed_NOTCH       
0     0000a86a  stringINV_ACDC_vDC_sensed_pu          
0     0000a872  stringINV_ACDC_vINV_sensed            
0     0000a868  stringINV_ACDC_vINV_sensed_pu         
0     0000a8b2  stringINV_ADC_fault                   
0     0000a928  stringINV_Boost1_Duty_Ref             
0     0000a92a  stringINV_Boost1_Duty_Ref_Slewed      
0     0000a8d6  stringINV_Boost1_Duty_Ref_Slewed_fault
0     0000a8d2  stringINV_Boost1_Duty_Ref_fault       
0     0000a92c  stringINV_Boost2_Duty_Ref             
0     0000a92e  stringINV_Boost2_Duty_Ref_Slewed      
0     0000a8d8  stringINV_Boost2_Duty_Ref_Slewed_fault
0     0000a8d4  stringINV_Boost2_Duty_Ref_fault       
0     00082b5f  stringINV_Converter_Stop              
0     0000a80b  stringINV_Counter                     
0     0000aa54  stringINV_Counter_Faults              
0     0000aa52  stringINV_DCAC_Counter_Disable_FFW    
0     0000a91c  stringINV_DCDC_BOOST1PWM_Ref          
0     0000a91e  stringINV_DCDC_BOOST1PWM_Ref_Slewed   
0     0000a920  stringINV_DCDC_BOOST2PWM_Ref          
0     0000a922  stringINV_DCDC_BOOST2PWM_Ref_Slewed   
0     0000a8ba  stringINV_DCDC_CS_Batt1_fault         
0     0000a90a  stringINV_DCDC_CS_Batt1_loop_err      
0     0000a890  stringINV_DCDC_CS_Batt1_sensed        
0     0000a880  stringINV_DCDC_CS_Batt1_sensed_pu     
0     0000a8bc  stringINV_DCDC_CS_Batt2_fault         
0     0000a90c  stringINV_DCDC_CS_Batt2_loop_err      
0     0000a894  stringINV_DCDC_CS_Batt2_sensed        
0     0000a884  stringINV_DCDC_CS_Batt2_sensed_pu     
0     0000a906  stringINV_DCDC_CS_Batt_Ref            
0     0000a908  stringINV_DCDC_CS_Batt_Ref_Slewed     
0     0000a8c0  stringINV_DCDC_CS_Boost1_fault        
0     0000a888  stringINV_DCDC_CS_Boost1_sensed       
0     0000a898  stringINV_DCDC_CS_Boost1_sensed_FILTER
0     0000a878  stringINV_DCDC_CS_Boost1_sensed_pu    
0     0000a8c4  stringINV_DCDC_CS_Boost2_fault        
0     0000a88c  stringINV_DCDC_CS_Boost2_sensed       
0     0000a89c  stringINV_DCDC_CS_Boost2_sensed_FILTER
0     0000a87c  stringINV_DCDC_CS_Boost2_sensed_pu    
0     0000a924  stringINV_DCDC_IDC_Ref                
0     0000a926  stringINV_DCDC_IDC_Ref_Slewed         
0     0000a914  stringINV_DCDC_VBoost1_loop_err       
0     0000a916  stringINV_DCDC_VBoost2_loop_err       
0     0000a90e  stringINV_DCDC_VDC_loop_err           
0     0000a910  stringINV_DCDC_VDCext_Ref             
0     0000a912  stringINV_DCDC_VDCext_Ref_Slewed      
0     0000a8be  stringINV_DCDC_VS_Batt_fault          
0     0000a892  stringINV_DCDC_VS_Batt_sensed         
0     0000a8a8  stringINV_DCDC_VS_Batt_sensed_FILTER  
0     0000a882  stringINV_DCDC_VS_Batt_sensed_pu      
0     0000a8c2  stringINV_DCDC_VS_Boost1_fault        
0     0000a88a  stringINV_DCDC_VS_Boost1_sensed       
0     0000a89a  stringINV_DCDC_VS_Boost1_sensed_FILTER
0     0000a87a  stringINV_DCDC_VS_Boost1_sensed_pu    
0     0000a8c6  stringINV_DCDC_VS_Boost2_fault        
0     0000a88e  stringINV_DCDC_VS_Boost2_sensed       
0     0000a89e  stringINV_DCDC_VS_Boost2_sensed_FILTER
0     0000a87e  stringINV_DCDC_VS_Boost2_sensed_pu    
0     0000a956  stringINV_DCDC_b1_mppt_incc           
0     0000a8a2  stringINV_DCDC_b1_voltage_ref         
0     0000a980  stringINV_DCDC_b2_mppt_incc           
0     0000a8a4  stringINV_DCDC_b2_voltage_ref         
0     0000a8a6  stringINV_DCDC_mppt_counter           
0     0000a918  stringINV_DCDC_vDC_Ref                
0     0000a91a  stringINV_DCDC_vDC_Ref_Slewed         
0     0000a896  stringINV_DCDC_vDC_sensed             
0     0000a8a0  stringINV_DCDC_vDC_sensed_FILTER      
0     0000a886  stringINV_DCDC_vDC_sensed_pu          
0     0000a996  stringINV_FAULT_FLAGS                 
0     00081670  stringINV_Fault_Read                  
0     0000a82e  stringINV_GaN_Temp_Counter            
0     0000a930  stringINV_IDCAC_Ref                   
0     0000a932  stringINV_IDCAC_Ref_Slewed            
0     00081aa6  stringINV_PeripheralInit              
0     0000a800  stringINV_clearPWMTrip                
0     0000a802  stringINV_clearPWMTripBoost           
0     0000a806  stringINV_clearPWMTripDCAC            
0     0000a804  stringINV_clearPWMTripDCDC            
0     0000a80a  stringINV_enableACRelay               
0     0000a809  stringINV_enableDCRelay               
0     0000a808  stringINV_enableUVFaults              
0     0000a8b8  stringINV_fault_read_completed        
0     0000a8b6  stringINV_fault_read_start            
0     00080ec6  stringINV_globalVariablesInit         
0     0000ab00  stringINV_mains_L1                    
0     0000a860  stringINV_reset_PLL                   
0     0000a9c0  stringINV_spll_1ph                    
0     0000a8b4  stringINV_stop                        
0     00080488  stringINV_test                        
0     0000a801  stringINV_updateDuty                  
0     0000a803  stringINV_updateDutyBoost             
0     0000a807  stringINV_updateDutyDCAC              
0     0000a805  stringINV_updateDutyDCDC              
0     000826db  tanf                                  
0     0000aa74  woI_11H                               
0     0000aa76  woI_13H                               
0     0000aa78  woI_15H                               
0     0000aa7a  woI_17H                               
0     0000aa6a  woI_1H                                
0     0000aa6c  woI_3H                                
0     0000aa6e  woI_5H                                
0     0000aa70  woI_7H                                
0     0000aa72  woI_9H                                
0     0000aa86  wrcI_11H                              
0     0000aa88  wrcI_13H                              
0     0000aa8a  wrcI_15H                              
0     0000aa8c  wrcI_17H                              
0     0000aa7c  wrcI_1H                               
0     0000aa7e  wrcI_3H                               
0     0000aa80  wrcI_5H                               
0     0000aa82  wrcI_7H                               
0     0000aa84  wrcI_9H                               


GLOBAL SYMBOLS: SORTED BY Symbol Address 

page  address   name                                  
----  -------   ----                                  
0     00000400  __stack                               
0     00000600  __TI_STACK_END                        
0     00008000  INT_ADC_A_1_ISR                       
0     00008478  SysCtl_delay                          
0     0000a800  stringINV_clearPWMTrip                
0     0000a801  stringINV_updateDuty                  
0     0000a802  stringINV_clearPWMTripBoost           
0     0000a803  stringINV_updateDutyBoost             
0     0000a804  stringINV_clearPWMTripDCDC            
0     0000a805  stringINV_updateDutyDCDC              
0     0000a806  stringINV_clearPWMTripDCAC            
0     0000a807  stringINV_updateDutyDCAC              
0     0000a808  stringINV_enableUVFaults              
0     0000a809  stringINV_enableDCRelay               
0     0000a80a  stringINV_enableACRelay               
0     0000a80b  stringINV_Counter                     
0     0000a80c  stringINV_ACDC_Index_Modulation       
0     0000a80e  Boost_S1_Duty_Cycle                   
0     0000a810  Boost_S2_Duty_Cycle                   
0     0000a812  Batt1_Duty_Cycle                      
0     0000a814  Batt2_Duty_Cycle                      
0     0000a816  TEMP_Boost1_Buff_Duty                 
0     0000a818  TEMP_Boost2_Buff_Duty                 
0     0000a81a  TEMP_Batt_H1_Buff_Duty                
0     0000a81c  TEMP_Batt_L1_Buff_Duty                
0     0000a81e  TEMP_Batt_H2_Buff_Duty                
0     0000a820  TEMP_Batt_L2_Buff_Duty                
0     0000a822  TEMP_Boost1_Buff                      
0     0000a824  TEMP_Boost2_Buff                      
0     0000a826  TEMP_Batt_H1_Buff                     
0     0000a828  TEMP_Batt_L1_Buff                     
0     0000a82a  TEMP_Batt_H2_Buff                     
0     0000a82c  TEMP_Batt_L2_Buff                     
0     0000a82e  stringINV_GaN_Temp_Counter            
0     0000a830  TEMP_Boost1_FILTER                    
0     0000a832  TEMP_Boost2_FILTER                    
0     0000a834  TEMP_Batt_H1_FILTER                   
0     0000a836  TEMP_Batt_L1_FILTER                   
0     0000a838  TEMP_Batt_H2_FILTER                   
0     0000a83a  TEMP_Batt_L2_FILTER                   
0     0000a83c  TEMP_S1_Duty                          
0     0000a83e  TEMP_S2_Duty                          
0     0000a840  TEMP_S3_Duty                          
0     0000a842  TEMP_S4_Duty                          
0     0000a844  TEMP_S5_Duty                          
0     0000a846  TEMP_S6_Duty                          
0     0000a848  TEMP_S1                               
0     0000a84a  TEMP_S2                               
0     0000a84c  TEMP_S3                               
0     0000a84e  TEMP_S4                               
0     0000a850  TEMP_S5                               
0     0000a852  TEMP_S6                               
0     0000a854  TEMP_S1_FILTER                        
0     0000a856  TEMP_S2_FILTER                        
0     0000a858  TEMP_S3_FILTER                        
0     0000a85a  TEMP_S4_FILTER                        
0     0000a85c  TEMP_S5_FILTER                        
0     0000a85e  TEMP_S6_FILTER                        
0     0000a860  stringINV_reset_PLL                   
0     0000a862  stringINV_ACDC_iAC_sensed_pu          
0     0000a864  stringINV_ACDC_iAC_REF_sensed_pu      
0     0000a866  stringINV_ACDC_vAC_sensed_pu          
0     0000a868  stringINV_ACDC_vINV_sensed_pu         
0     0000a86a  stringINV_ACDC_vDC_sensed_pu          
0     0000a86c  stringINV_ACDC_iDC_sensed_pu          
0     0000a86e  stringINV_ACDC_iAC_sensed             
0     0000a870  stringINV_ACDC_vAC_sensed             
0     0000a872  stringINV_ACDC_vINV_sensed            
0     0000a874  stringINV_ACDC_vDC_sensed             
0     0000a876  stringINV_ACDC_iDC_sensed             
0     0000a878  stringINV_DCDC_CS_Boost1_sensed_pu    
0     0000a87a  stringINV_DCDC_VS_Boost1_sensed_pu    
0     0000a87c  stringINV_DCDC_CS_Boost2_sensed_pu    
0     0000a87e  stringINV_DCDC_VS_Boost2_sensed_pu    
0     0000a880  stringINV_DCDC_CS_Batt1_sensed_pu     
0     0000a882  stringINV_DCDC_VS_Batt_sensed_pu      
0     0000a884  stringINV_DCDC_CS_Batt2_sensed_pu     
0     0000a886  stringINV_DCDC_vDC_sensed_pu          
0     0000a888  stringINV_DCDC_CS_Boost1_sensed       
0     0000a88a  stringINV_DCDC_VS_Boost1_sensed       
0     0000a88c  stringINV_DCDC_CS_Boost2_sensed       
0     0000a88e  stringINV_DCDC_VS_Boost2_sensed       
0     0000a890  stringINV_DCDC_CS_Batt1_sensed        
0     0000a892  stringINV_DCDC_VS_Batt_sensed         
0     0000a894  stringINV_DCDC_CS_Batt2_sensed        
0     0000a896  stringINV_DCDC_vDC_sensed             
0     0000a898  stringINV_DCDC_CS_Boost1_sensed_FILTER
0     0000a89a  stringINV_DCDC_VS_Boost1_sensed_FILTER
0     0000a89c  stringINV_DCDC_CS_Boost2_sensed_FILTER
0     0000a89e  stringINV_DCDC_VS_Boost2_sensed_FILTER
0     0000a8a0  stringINV_DCDC_vDC_sensed_FILTER      
0     0000a8a2  stringINV_DCDC_b1_voltage_ref         
0     0000a8a4  stringINV_DCDC_b2_voltage_ref         
0     0000a8a6  stringINV_DCDC_mppt_counter           
0     0000a8a8  stringINV_DCDC_VS_Batt_sensed_FILTER  
0     0000a8aa  stringINV_ACDC_vDC_sensed_FILTER      
0     0000a8ac  stringINV_ACDC_vDC_sensed_NOTCH       
0     0000a8ae  stringINV_ACDC_vAC_sensed_FILTER      
0     0000a8b0  stringINV_ACDC_vAC_RMS_FILTER         
0     0000a8b2  stringINV_ADC_fault                   
0     0000a8b4  stringINV_stop                        
0     0000a8b6  stringINV_fault_read_start            
0     0000a8b8  stringINV_fault_read_completed        
0     0000a8ba  stringINV_DCDC_CS_Batt1_fault         
0     0000a8bc  stringINV_DCDC_CS_Batt2_fault         
0     0000a8be  stringINV_DCDC_VS_Batt_fault          
0     0000a8c0  stringINV_DCDC_CS_Boost1_fault        
0     0000a8c2  stringINV_DCDC_VS_Boost1_fault        
0     0000a8c4  stringINV_DCDC_CS_Boost2_fault        
0     0000a8c6  stringINV_DCDC_VS_Boost2_fault        
0     0000a8c8  stringINV_ACDC_iAC_fault              
0     0000a8ca  stringINV_ACDC_vAC_fault              
0     0000a8cc  stringINV_ACDC_vAC_RMS_fault          
0     0000a8ce  stringINV_ACDC_vDC_fault              
0     0000a8d0  stringINV_ACDC_iDC_fault              
0     0000a8d2  stringINV_Boost1_Duty_Ref_fault       
0     0000a8d4  stringINV_Boost2_Duty_Ref_fault       
0     0000a8d6  stringINV_Boost1_Duty_Ref_Slewed_fault
0     0000a8d8  stringINV_Boost2_Duty_Ref_Slewed_fault
0     0000a8da  Batt1_Duty_Cycle_fault                
0     0000a8dc  Batt2_Duty_Cycle_fault                
0     0000a8de  stringINV_ACDC_Index_Modulation_fault 
0     0000a8e0  TEMP_Boost1_FILTER_fault              
0     0000a8e2  TEMP_Boost2_FILTER_fault              
0     0000a8e4  TEMP_Batt_H1_FILTER_fault             
0     0000a8e6  TEMP_Batt_L1_FILTER_fault             
0     0000a8e8  TEMP_Batt_H2_FILTER_fault             
0     0000a8ea  TEMP_Batt_L2_FILTER_fault             
0     0000a8ec  TEMP_S1_FILTER_fault                  
0     0000a8ee  TEMP_S2_FILTER_fault                  
0     0000a8f0  TEMP_S3_FILTER_fault                  
0     0000a8f2  TEMP_S4_FILTER_fault                  
0     0000a8f4  TEMP_S5_FILTER_fault                  
0     0000a8f6  TEMP_S6_FILTER_fault                  
0     0000a8f8  stringINV_ACDC_iAC_real_Ref           
0     0000a8fa  stringINV_ACDC_iAC_imag_Ref           
0     0000a8fc  stringINV_ACDC_iAC_Ref                
0     0000a8fe  stringINV_ACDC_iAC_Ref_slewed         
0     0000a900  stringINV_ACDC_iAC_real_Ref_slewed    
0     0000a902  stringINV_ACDC_iAC_imag_Ref_slewed    
0     0000a904  stringINV_ACDC_iAC_amp_Ref            
0     0000a906  stringINV_DCDC_CS_Batt_Ref            
0     0000a908  stringINV_DCDC_CS_Batt_Ref_Slewed     
0     0000a90a  stringINV_DCDC_CS_Batt1_loop_err      
0     0000a90c  stringINV_DCDC_CS_Batt2_loop_err      
0     0000a90e  stringINV_DCDC_VDC_loop_err           
0     0000a910  stringINV_DCDC_VDCext_Ref             
0     0000a912  stringINV_DCDC_VDCext_Ref_Slewed      
0     0000a914  stringINV_DCDC_VBoost1_loop_err       
0     0000a916  stringINV_DCDC_VBoost2_loop_err       
0     0000a918  stringINV_DCDC_vDC_Ref                
0     0000a91a  stringINV_DCDC_vDC_Ref_Slewed         
0     0000a91c  stringINV_DCDC_BOOST1PWM_Ref          
0     0000a91e  stringINV_DCDC_BOOST1PWM_Ref_Slewed   
0     0000a920  stringINV_DCDC_BOOST2PWM_Ref          
0     0000a922  stringINV_DCDC_BOOST2PWM_Ref_Slewed   
0     0000a924  stringINV_DCDC_IDC_Ref                
0     0000a926  stringINV_DCDC_IDC_Ref_Slewed         
0     0000a928  stringINV_Boost1_Duty_Ref             
0     0000a92a  stringINV_Boost1_Duty_Ref_Slewed      
0     0000a92c  stringINV_Boost2_Duty_Ref             
0     0000a92e  stringINV_Boost2_Duty_Ref_Slewed      
0     0000a930  stringINV_IDCAC_Ref                   
0     0000a932  stringINV_IDCAC_Ref_Slewed            
0     0000a934  stringINV_ACDC_iAC_loop_err           
0     0000a936  stringINV_ACDC_vDC_loop_err           
0     0000a938  stringINV_ACDC_iAC_real_Ref_OUT_PI    
0     0000a93a  stringINV_ACDC_iAC_loop_out_PI        
0     0000a93c  stringINV_ACDC_iAC_loop_out_PR1       
0     0000a93e  stringINV_ACDC_iAC_loop_out_PR3       
0     0000a940  stringINV_ACDC_iAC_loop_out_PR5       
0     0000a942  stringINV_ACDC_iAC_loop_out_PR7       
0     0000a944  stringINV_ACDC_iAC_loop_out_PR9       
0     0000a946  stringINV_ACDC_iAC_loop_out_PR11      
0     0000a948  stringINV_ACDC_iAC_loop_out_PR13      
0     0000a94a  stringINV_ACDC_iAC_loop_out_PR15      
0     0000a94c  stringINV_ACDC_iAC_loop_out_PR17      
0     0000a94e  stringINV_ACDC_iAC_loop_out_SUM       
0     0000a950  stringINV_ACDC_rgen                   
0     0000a956  stringINV_DCDC_b1_mppt_incc           
0     0000a980  stringINV_DCDC_b2_mppt_incc           
0     0000a996  stringINV_FAULT_FLAGS                 
0     0000a9c0  stringINV_spll_1ph                    
0     0000aa02  Alpha_State_Ptr                       
0     0000aa04  A_Task_Ptr                            
0     0000aa06  B_Task_Ptr                            
0     0000aa40  stringINV_ACDC_Amplitude              
0     0000aa42  stringINV_ACDC_dVal1                  
0     0000aa44  stringINV_ACDC_dVal2                  
0     0000aa46  stringINV_ACDC_dVal3                  
0     0000aa48  stringINV_ACDC_dVal4                  
0     0000aa4a  stringINV_ACDC_dVal5                  
0     0000aa4c  stringINV_ACDC_dVal6                  
0     0000aa4e  stringINV_ACDC_dVal7                  
0     0000aa50  stringINV_ACDC_dVal8                  
0     0000aa52  stringINV_DCAC_Counter_Disable_FFW    
0     0000aa54  stringINV_Counter_Faults              
0     0000aa56  kpI_1H                                
0     0000aa58  kiI_1H                                
0     0000aa5a  kiI_3H                                
0     0000aa5c  kiI_5H                                
0     0000aa5e  kiI_7H                                
0     0000aa60  kiI_9H                                
0     0000aa62  kiI_11H                               
0     0000aa64  kiI_13H                               
0     0000aa66  kiI_15H                               
0     0000aa68  kiI_17H                               
0     0000aa6a  woI_1H                                
0     0000aa6c  woI_3H                                
0     0000aa6e  woI_5H                                
0     0000aa70  woI_7H                                
0     0000aa72  woI_9H                                
0     0000aa74  woI_11H                               
0     0000aa76  woI_13H                               
0     0000aa78  woI_15H                               
0     0000aa7a  woI_17H                               
0     0000aa7c  wrcI_1H                               
0     0000aa7e  wrcI_3H                               
0     0000aa80  wrcI_5H                               
0     0000aa82  wrcI_7H                               
0     0000aa84  wrcI_9H                               
0     0000aa86  wrcI_11H                              
0     0000aa88  wrcI_13H                              
0     0000aa8a  wrcI_15H                              
0     0000aa8c  wrcI_17H                              
0     0000aa8e  stringINV_ACDC_dLog1                  
0     0000aac0  stringINV_ACDC_dLog2                  
0     0000ab00  stringINV_mains_L1                    
0     0000ab40  stringINV_ACDC_dBuff1                 
0     0000ac08  stringINV_ACDC_dBuff2                 
0     0000acd0  stringINV_ACDC_dBuff3                 
0     0000ad98  stringINV_ACDC_dBuff4                 
0     0000ae60  stringINV_ACDC_dBuff5                 
0     0000af28  stringINV_ACDC_dBuff6                 
0     0000b000  stringINV_ACDC_dBuff7                 
0     0000b0c8  stringINV_ACDC_dBuff8                 
0     0000b1c0  gi_r1                                 
0     0000b1d2  gi_r3                                 
0     0000b1e4  gi_r5                                 
0     0000b200  gi_r7                                 
0     0000b212  gi_r9                                 
0     0000b224  gi_r11                                
0     0000b240  gi_r13                                
0     0000b252  gi_r15                                
0     0000b264  gi_r17                                
0     0000b280  VDC_NOTCH_FILTER_2_Fe                 
0     0000b292  gi_Batt_pi_1                          
0     0000b2a8  gi_Batt_pi_2                          
0     0000b2c0  gv_VBoost_pi_1                        
0     0000b2d6  gv_VBoost_pi_2                        
0     0000b300  gi_ACDC_pi                            
0     0000b316  gv_ACDC_pi                            
0     0000b32c  __TI_enable_exit_profile_output       
0     0000b32e  __TI_cleanup_ptr                      
0     0000b330  __TI_dtors_ptr                        
0     0000b332  _lock                                 
0     00080000  code_start                            
0     00080488  stringINV_test                        
0     00080a7d  EPWM_init                             
0     00080ec6  stringINV_globalVariablesInit         
0     00081303  SYSCTL_init                           
0     00081670  stringINV_Fault_Read                  
0     0008184b  PinMux_init                           
0     00081989  SysCtl_setClock                       
0     00081aa6  stringINV_PeripheralInit              
0     00081ba9  SysCtl_isPLLValid                     
0     00081c92  GPIO_init                             
0     00081d79  Device_enableAllPeripherals           
0     00081e58  Device_init                           
0     00081f19  GPIO_setAnalogMode                    
0     00081fcb  ADC_A_init                            
0     0008207c  myCMPSS_Bidir1_init                   
0     0008211d  myCMPSS_Bidir2_init                   
0     000821be  myCMPSS_Boost_init                    
0     0008225c  myCMPSS_DCAC_init                     
0     000822fa  myECAP1_init                          
0     00082386  myECAP0_init                          
0     00082411  __c28xabi_divf                        
0     00082499  Board_init                            
0     00082518  computeDF22_PRcontrollerCoeff         
0     00082596  computeDF22_NotchFltrCoeff            
0     00082607  ADC_B_init                            
0     00082671  ADC_C_init                            
0     000826db  tanf                                  
0     0008273b  ADC_D_init                            
0     00082795  SysCtl_getClock                       
0     000827ee  SysCtl_selectXTAL                     
0     00082833  Interrupt_initModule                  
0     00082874  GPIO_setPadConfig                     
0     00082928  main                                  
0     0008295f  ADC_setVREF                           
0     00082995  Interrupt_enable                      
0     000829cb  __TI_auto_init_nopinit                
0     000829ff  GPIO_setPinConfig                     
0     00082a2f  __TI_decompress_lzss                  
0     00082a5f  copy_in                               
0     00082a8f  SysCtl_selectOscSource                
0     00082aba  XBAR_setEPWMMuxConfig                 
0     00082b0e  C$$EXIT                               
0     00082b0e  abort                                 
0     00082b10  exit                                  
0     00082b37  CMPSS_configRampLow                   
0     00082b5f  stringINV_Converter_Stop              
0     00082b84  CMPSS_configRampHigh                  
0     00082ba8  GPIO_setControllerCore                
0     00082bca  GPIO_setQualificationMode             
0     00082bec  PGA_setOffsetTrimNMOS                 
0     00082c0e  PGA_setOffsetTrimPMOS                 
0     00082c2f  SysCtl_selectXTALSingleEnded          
0     00082c50  GPIO_setDirectionMode                 
0     00082c70  CMPSS_configFilterHigh                
0     00082c8c  CMPSS_configFilterLow                 
0     00082ca8  memcpy                                
0     00082cc4  Device_initGPIO                       
0     00082cdc  _c_int00                              
0     00082cf3  CMPSS_configLatchOnPWMSYNC            
0     00082d1d  Interrupt_initVectorTable             
0     00082d32  SysCtl_getLowSpeedClock               
0     00082d47  SysCtl_configureType                  
0     00082d6c  ECAP_setEmulationMode                 
0     00082d79  Interrupt_defaultHandler              
0     00082d85  _args_main                            
0     00082d91  A0                                    
0     00082d9b  ASysCtl_setAnalogReferenceInternal    
0     00082da5  B0                                    
0     00082daf  Interrupt_illegalOperationHandler     
0     00082db9  Interrupt_nmiHandler                  
0     00082dc3  EPWM_setEmulationMode                 
0     00082dcc  A1                                    
0     00082dd4  __TI_decompress_none                  
0     00082de4  B1                                    
0     00082dea  B2                                    
0     00082df0  B3                                    
0     00082df6  __TI_zero_init                        
0     00082dfc  __error__                             
0     00082dff  _system_pre_init                      
0     00082e01  C2000Ware_libraries_init              
0     00082e02  CMD_init                              
0     00082e03  _nop                                  
0     00082e04  _system_post_cinit                    
0     00082ede  __TI_Handler_Table_Base               
0     00082ee4  __TI_Handler_Table_Limit              
0     00082ef0  __TI_CINIT_Base                       
0     00082f00  __TI_BINIT_Base                       
0     00082f00  __TI_CINIT_Limit                      
0     00082f00  __TI_CINIT_Warm                       
0     00082f00  __TI_table_binit                      
0     00082f08  __TI_BINIT_Limit                      
abs   00000200  __TI_STACK_SIZE                       
abs   ffffffff  __TI_pprof_out_hndl                   
abs   ffffffff  __TI_prof_data_size                   
abs   ffffffff  __TI_prof_data_start                  
n/a   UNDEFED   __c_args__                            

[353 symbols]
