<?xml version="1.0" encoding="ISO-8859-1" ?>
<link_info>
   <banner>TMS320C2000 Linker PC v22.6.1.LTS</banner>
   <copyright>Copyright (c) 1996-2018 Texas Instruments Incorporated</copyright>
   <link_time>0x684258de</link_time>
   <link_errors>0x0</link_errors>
   <output_file>sinv_F28P55x.out</output_file>
   <entry_point>
      <name>code_start</name>
      <address>0x80000</address>
   </entry_point>
   <input_file_list>
      <input_file id="fl-2">
         <path>.\</path>
         <kind>object</kind>
         <file>stringINV.obj</file>
         <name>stringINV.obj</name>
      </input_file>
      <input_file id="fl-3">
         <path>.\syscfg\</path>
         <kind>object</kind>
         <file>board.obj</file>
         <name>board.obj</name>
      </input_file>
      <input_file id="fl-5">
         <path>.\syscfg\</path>
         <kind>object</kind>
         <file>device_cmd.obj</file>
         <name>device_cmd.obj</name>
      </input_file>
      <input_file id="fl-6">
         <path>.\syscfg\</path>
         <kind>object</kind>
         <file>c2000ware_libraries.obj</file>
         <name>c2000ware_libraries.obj</name>
      </input_file>
      <input_file id="fl-2a">
         <path>C:\ti\ccs2011\ccs\tools\compiler\ti-cgt-c2000_22.6.1.LTS\lib\</path>
         <kind>archive</kind>
         <file>rts2800_fpu32_eabi.lib</file>
         <name>s_tanf.c.obj</name>
      </input_file>
      <input_file id="fl-2e">
         <path>C:\ti\ccs2011\ccs\tools\compiler\ti-cgt-c2000_22.6.1.LTS\lib\</path>
         <kind>archive</kind>
         <file>rts2800_fpu32_eabi.lib</file>
         <name>pre_init.c.obj</name>
      </input_file>
      <input_file id="fl-30">
         <path>C:\ti\ccs2011\ccs\tools\compiler\ti-cgt-c2000_22.6.1.LTS\lib\</path>
         <kind>archive</kind>
         <file>rts2800_fpu32_eabi.lib</file>
         <name>copy_zero_init.c.obj</name>
      </input_file>
      <input_file id="fl-31">
         <path>C:\ti\ccs2011\ccs\tools\compiler\ti-cgt-c2000_22.6.1.LTS\lib\</path>
         <kind>archive</kind>
         <file>rts2800_fpu32_eabi.lib</file>
         <name>copy_decompress_none.c.obj</name>
      </input_file>
      <input_file id="fl-32">
         <path>C:\ti\ccs2011\ccs\tools\compiler\ti-cgt-c2000_22.6.1.LTS\lib\</path>
         <kind>archive</kind>
         <file>rts2800_fpu32_eabi.lib</file>
         <name>copy_decompress_lzss.c.obj</name>
      </input_file>
      <input_file id="fl-34">
         <path>C:\ti\ccs2011\ccs\tools\compiler\ti-cgt-c2000_22.6.1.LTS\lib\</path>
         <kind>archive</kind>
         <file>rts2800_fpu32_eabi.lib</file>
         <name>_lock.c.obj</name>
      </input_file>
      <input_file id="fl-36">
         <path>C:\ti\ccs2011\ccs\tools\compiler\ti-cgt-c2000_22.6.1.LTS\lib\</path>
         <kind>archive</kind>
         <file>rts2800_fpu32_eabi.lib</file>
         <name>memset.c.obj</name>
      </input_file>
      <input_file id="fl-37">
         <path>C:\ti\ccs2011\ccs\tools\compiler\ti-cgt-c2000_22.6.1.LTS\lib\</path>
         <kind>archive</kind>
         <file>rts2800_fpu32_eabi.lib</file>
         <name>cpy_tbl.c.obj</name>
      </input_file>
      <input_file id="fl-38">
         <path>C:\ti\ccs2011\ccs\tools\compiler\ti-cgt-c2000_22.6.1.LTS\lib\</path>
         <kind>archive</kind>
         <file>rts2800_fpu32_eabi.lib</file>
         <name>memcpy.c.obj</name>
      </input_file>
      <input_file id="fl-3a">
         <path>C:\Users\Admin\AppData\Local\Temp\</path>
         <kind>object</kind>
         <file>{78FD1673-AFF6-4EEA-A001-5DB3CD194268}</file>
         <name>{78FD1673-AFF6-4EEA-A001-5DB3CD194268}</name>
      </input_file>
      <input_file id="fl-4">
         <path>.\syscfg\</path>
         <kind>object</kind>
         <file>device.obj</file>
         <name>device.obj</name>
      </input_file>
      <input_file id="fl-7">
         <path>.\</path>
         <kind>object</kind>
         <file>f28p55x_codestartbranch.obj</file>
         <name>f28p55x_codestartbranch.obj</name>
      </input_file>
      <input_file id="fl-8">
         <path>.\</path>
         <kind>object</kind>
         <file>stringINV_main.obj</file>
         <name>stringINV_main.obj</name>
      </input_file>
      <input_file id="fl-9">
         <path>.\libraries\DCL\</path>
         <kind>object</kind>
         <file>DCL_DF22_C1.obj</file>
         <name>DCL_DF22_C1.obj</name>
      </input_file>
      <input_file id="fl-a">
         <path>.\libraries\sfra\</path>
         <kind>object</kind>
         <file>sfra_gui_scicomms_driverlib.obj</file>
         <name>sfra_gui_scicomms_driverlib.obj</name>
      </input_file>
      <input_file id="fl-12">
         <kind>object</kind>
         <file>&lt;internal&gt;</file>
         <name>&lt;internal&gt;</name>
      </input_file>
      <input_file id="fl-13">
         <path>C:\Users\Admin\Desktop\workspace_use\exemple\sinv_F28P55x\device\driverlib\ccs\Release\</path>
         <kind>archive</kind>
         <file>driverlib.lib</file>
         <name>adc.obj</name>
      </input_file>
      <input_file id="fl-14">
         <path>C:\Users\Admin\Desktop\workspace_use\exemple\sinv_F28P55x\device\driverlib\ccs\Release\</path>
         <kind>archive</kind>
         <file>driverlib.lib</file>
         <name>asysctl.obj</name>
      </input_file>
      <input_file id="fl-15">
         <path>C:\Users\Admin\Desktop\workspace_use\exemple\sinv_F28P55x\device\driverlib\ccs\Release\</path>
         <kind>archive</kind>
         <file>driverlib.lib</file>
         <name>cmpss.obj</name>
      </input_file>
      <input_file id="fl-16">
         <path>C:\Users\Admin\Desktop\workspace_use\exemple\sinv_F28P55x\device\driverlib\ccs\Release\</path>
         <kind>archive</kind>
         <file>driverlib.lib</file>
         <name>dcc.obj</name>
      </input_file>
      <input_file id="fl-17">
         <path>C:\Users\Admin\Desktop\workspace_use\exemple\sinv_F28P55x\device\driverlib\ccs\Release\</path>
         <kind>archive</kind>
         <file>driverlib.lib</file>
         <name>ecap.obj</name>
      </input_file>
      <input_file id="fl-18">
         <path>C:\Users\Admin\Desktop\workspace_use\exemple\sinv_F28P55x\device\driverlib\ccs\Release\</path>
         <kind>archive</kind>
         <file>driverlib.lib</file>
         <name>epwm.obj</name>
      </input_file>
      <input_file id="fl-19">
         <path>C:\Users\Admin\Desktop\workspace_use\exemple\sinv_F28P55x\device\driverlib\ccs\Release\</path>
         <kind>archive</kind>
         <file>driverlib.lib</file>
         <name>gpio.obj</name>
      </input_file>
      <input_file id="fl-1a">
         <path>C:\Users\Admin\Desktop\workspace_use\exemple\sinv_F28P55x\device\driverlib\ccs\Release\</path>
         <kind>archive</kind>
         <file>driverlib.lib</file>
         <name>interrupt.obj</name>
      </input_file>
      <input_file id="fl-1b">
         <path>C:\Users\Admin\Desktop\workspace_use\exemple\sinv_F28P55x\device\driverlib\ccs\Release\</path>
         <kind>archive</kind>
         <file>driverlib.lib</file>
         <name>pga.obj</name>
      </input_file>
      <input_file id="fl-1c">
         <path>C:\Users\Admin\Desktop\workspace_use\exemple\sinv_F28P55x\device\driverlib\ccs\Release\</path>
         <kind>archive</kind>
         <file>driverlib.lib</file>
         <name>sci.obj</name>
      </input_file>
      <input_file id="fl-1d">
         <path>C:\Users\Admin\Desktop\workspace_use\exemple\sinv_F28P55x\device\driverlib\ccs\Release\</path>
         <kind>archive</kind>
         <file>driverlib.lib</file>
         <name>sysctl.obj</name>
      </input_file>
      <input_file id="fl-1e">
         <path>C:\Users\Admin\Desktop\workspace_use\exemple\sinv_F28P55x\device\driverlib\ccs\Release\</path>
         <kind>archive</kind>
         <file>driverlib.lib</file>
         <name>xbar.obj</name>
      </input_file>
      <input_file id="fl-2b">
         <path>C:\ti\ccs2011\ccs\tools\compiler\ti-cgt-c2000_22.6.1.LTS\lib\</path>
         <kind>archive</kind>
         <file>rts2800_fpu32_eabi.lib</file>
         <name>boot28.asm.obj</name>
      </input_file>
      <input_file id="fl-2c">
         <path>C:\ti\ccs2011\ccs\tools\compiler\ti-cgt-c2000_22.6.1.LTS\lib\</path>
         <kind>archive</kind>
         <file>rts2800_fpu32_eabi.lib</file>
         <name>fs_div28.asm.obj</name>
      </input_file>
      <input_file id="fl-2d">
         <path>C:\ti\ccs2011\ccs\tools\compiler\ti-cgt-c2000_22.6.1.LTS\lib\</path>
         <kind>archive</kind>
         <file>rts2800_fpu32_eabi.lib</file>
         <name>ll_cmp28.asm.obj</name>
      </input_file>
      <input_file id="fl-2f">
         <path>C:\ti\ccs2011\ccs\tools\compiler\ti-cgt-c2000_22.6.1.LTS\lib\</path>
         <kind>archive</kind>
         <file>rts2800_fpu32_eabi.lib</file>
         <name>autoinit.c.obj</name>
      </input_file>
      <input_file id="fl-33">
         <path>C:\ti\ccs2011\ccs\tools\compiler\ti-cgt-c2000_22.6.1.LTS\lib\</path>
         <kind>archive</kind>
         <file>rts2800_fpu32_eabi.lib</file>
         <name>exit.c.obj</name>
      </input_file>
      <input_file id="fl-35">
         <path>C:\ti\ccs2011\ccs\tools\compiler\ti-cgt-c2000_22.6.1.LTS\lib\</path>
         <kind>archive</kind>
         <file>rts2800_fpu32_eabi.lib</file>
         <name>args_main.c.obj</name>
      </input_file>
      <input_file id="fl-39">
         <path>C:\ti\ccs2011\ccs\tools\compiler\ti-cgt-c2000_22.6.1.LTS\lib\</path>
         <kind>archive</kind>
         <file>rts2800_fpu32_eabi.lib</file>
         <name>startup.c.obj</name>
      </input_file>
   </input_file_list>
   <object_component_list>
      <object_component id="oc-22">
         <name>codestart</name>
         <load_address>0x80000</load_address>
         <run_address>0x80000</run_address>
         <size>0x2</size>
         <input_file_ref idref="fl-7"/>
      </object_component>
      <object_component id="oc-2ad">
         <name>.text:stringINV_test</name>
         <load_address>0x80548</load_address>
         <run_address>0x80548</run_address>
         <size>0x5f5</size>
         <input_file_ref idref="fl-2"/>
      </object_component>
      <object_component id="oc-cf">
         <name>.text:EPWM_init</name>
         <load_address>0x80b3d</load_address>
         <run_address>0x80b3d</run_address>
         <size>0x449</size>
         <input_file_ref idref="fl-3"/>
      </object_component>
      <object_component id="oc-24b">
         <name>.text:stringINV_globalVariablesInit</name>
         <load_address>0x80f86</load_address>
         <run_address>0x80f86</run_address>
         <size>0x43d</size>
         <input_file_ref idref="fl-2"/>
      </object_component>
      <object_component id="oc-86">
         <name>.text:SYSCTL_init</name>
         <load_address>0x813c3</load_address>
         <run_address>0x813c3</run_address>
         <size>0x36d</size>
         <input_file_ref idref="fl-3"/>
      </object_component>
      <object_component id="oc-72">
         <name>.text:stringINV_Fault_Read</name>
         <load_address>0x81730</load_address>
         <run_address>0x81730</run_address>
         <size>0x1db</size>
         <input_file_ref idref="fl-8"/>
      </object_component>
      <object_component id="oc-80">
         <name>.text:PinMux_init</name>
         <load_address>0x8190b</load_address>
         <run_address>0x8190b</run_address>
         <size>0x13e</size>
         <input_file_ref idref="fl-3"/>
      </object_component>
      <object_component id="oc-280">
         <name>.text:SysCtl_setClock</name>
         <load_address>0x81a49</load_address>
         <run_address>0x81a49</run_address>
         <size>0x11d</size>
         <input_file_ref idref="fl-1d"/>
      </object_component>
      <object_component id="oc-251">
         <name>.text:stringINV_PeripheralInit</name>
         <load_address>0x81b66</load_address>
         <run_address>0x81b66</run_address>
         <size>0x103</size>
         <input_file_ref idref="fl-2"/>
      </object_component>
      <object_component id="oc-2f6">
         <name>.text:SysCtl_isPLLValid</name>
         <load_address>0x81c69</load_address>
         <run_address>0x81c69</run_address>
         <size>0xe9</size>
         <input_file_ref idref="fl-1d"/>
      </object_component>
      <object_component id="oc-db">
         <name>.text:GPIO_init</name>
         <load_address>0x81d52</load_address>
         <run_address>0x81d52</run_address>
         <size>0xe7</size>
         <input_file_ref idref="fl-3"/>
      </object_component>
      <object_component id="oc-292">
         <name>.text:Device_enableAllPeripherals</name>
         <load_address>0x81e39</load_address>
         <run_address>0x81e39</run_address>
         <size>0xdf</size>
         <input_file_ref idref="fl-4"/>
      </object_component>
      <object_component id="oc-227">
         <name>.text:Device_init</name>
         <load_address>0x81f18</load_address>
         <run_address>0x81f18</run_address>
         <size>0xc1</size>
         <input_file_ref idref="fl-4"/>
      </object_component>
      <object_component id="oc-10e">
         <name>.text:GPIO_setAnalogMode</name>
         <load_address>0x81fd9</load_address>
         <run_address>0x81fd9</run_address>
         <size>0xb2</size>
         <input_file_ref idref="fl-19"/>
      </object_component>
      <object_component id="oc-93">
         <name>.text:ADC_A_init</name>
         <load_address>0x8208b</load_address>
         <run_address>0x8208b</run_address>
         <size>0xb1</size>
         <input_file_ref idref="fl-3"/>
      </object_component>
      <object_component id="oc-b7">
         <name>.text:myCMPSS_Bidir1_init</name>
         <load_address>0x8213c</load_address>
         <run_address>0x8213c</run_address>
         <size>0xa1</size>
         <input_file_ref idref="fl-3"/>
      </object_component>
      <object_component id="oc-bd">
         <name>.text:myCMPSS_Bidir2_init</name>
         <load_address>0x821dd</load_address>
         <run_address>0x821dd</run_address>
         <size>0xa1</size>
         <input_file_ref idref="fl-3"/>
      </object_component>
      <object_component id="oc-b1">
         <name>.text:myCMPSS_Boost_init</name>
         <load_address>0x8227e</load_address>
         <run_address>0x8227e</run_address>
         <size>0x9e</size>
         <input_file_ref idref="fl-3"/>
      </object_component>
      <object_component id="oc-ab">
         <name>.text:myCMPSS_DCAC_init</name>
         <load_address>0x8231c</load_address>
         <run_address>0x8231c</run_address>
         <size>0x9e</size>
         <input_file_ref idref="fl-3"/>
      </object_component>
      <object_component id="oc-c9">
         <name>.text:myECAP1_init</name>
         <load_address>0x823ba</load_address>
         <run_address>0x823ba</run_address>
         <size>0x8c</size>
         <input_file_ref idref="fl-3"/>
      </object_component>
      <object_component id="oc-c3">
         <name>.text:myECAP0_init</name>
         <load_address>0x82446</load_address>
         <run_address>0x82446</run_address>
         <size>0x8b</size>
         <input_file_ref idref="fl-3"/>
      </object_component>
      <object_component id="oc-338">
         <name>.text</name>
         <load_address>0x824d1</load_address>
         <run_address>0x824d1</run_address>
         <size>0x88</size>
         <input_file_ref idref="fl-2c"/>
      </object_component>
      <object_component id="oc-30">
         <name>.text:Board_init</name>
         <load_address>0x82559</load_address>
         <run_address>0x82559</run_address>
         <size>0x7f</size>
         <input_file_ref idref="fl-3"/>
      </object_component>
      <object_component id="oc-2bc">
         <name>.text:computeDF22_PRcontrollerCoeff</name>
         <load_address>0x825d8</load_address>
         <run_address>0x825d8</run_address>
         <size>0x7e</size>
         <input_file_ref idref="fl-2"/>
      </object_component>
      <object_component id="oc-2c2">
         <name>.text:computeDF22_NotchFltrCoeff</name>
         <load_address>0x82656</load_address>
         <run_address>0x82656</run_address>
         <size>0x71</size>
         <input_file_ref idref="fl-2"/>
      </object_component>
      <object_component id="oc-99">
         <name>.text:ADC_B_init</name>
         <load_address>0x826c7</load_address>
         <run_address>0x826c7</run_address>
         <size>0x6a</size>
         <input_file_ref idref="fl-3"/>
      </object_component>
      <object_component id="oc-9f">
         <name>.text:ADC_C_init</name>
         <load_address>0x82731</load_address>
         <run_address>0x82731</run_address>
         <size>0x6a</size>
         <input_file_ref idref="fl-3"/>
      </object_component>
      <object_component id="oc-312">
         <name>.text</name>
         <load_address>0x8279b</load_address>
         <run_address>0x8279b</run_address>
         <size>0x60</size>
         <input_file_ref idref="fl-2a"/>
      </object_component>
      <object_component id="oc-a5">
         <name>.text:ADC_D_init</name>
         <load_address>0x827fb</load_address>
         <run_address>0x827fb</run_address>
         <size>0x5a</size>
         <input_file_ref idref="fl-3"/>
      </object_component>
      <object_component id="oc-286">
         <name>.text:SysCtl_getClock</name>
         <load_address>0x82855</load_address>
         <run_address>0x82855</run_address>
         <size>0x59</size>
         <input_file_ref idref="fl-1d"/>
      </object_component>
      <object_component id="oc-78">
         <name>.text:stringINV_DCAC_Modulation</name>
         <load_address>0x828ae</load_address>
         <run_address>0x828ae</run_address>
         <size>0x4c</size>
         <input_file_ref idref="fl-8"/>
      </object_component>
      <object_component id="oc-331">
         <name>.text:SysCtl_selectXTAL</name>
         <load_address>0x828fa</load_address>
         <run_address>0x828fa</run_address>
         <size>0x45</size>
         <input_file_ref idref="fl-1d"/>
      </object_component>
      <object_component id="oc-245">
         <name>.text:Interrupt_initModule</name>
         <load_address>0x8293f</load_address>
         <run_address>0x8293f</run_address>
         <size>0x41</size>
         <input_file_ref idref="fl-1a"/>
      </object_component>
      <object_component id="oc-114">
         <name>.text:GPIO_setPadConfig</name>
         <load_address>0x82980</load_address>
         <run_address>0x82980</run_address>
         <size>0x3f</size>
         <input_file_ref idref="fl-19"/>
      </object_component>
      <object_component id="oc-344">
         <name>.text:SysCtl_pollX1Counter</name>
         <load_address>0x829bf</load_address>
         <run_address>0x829bf</run_address>
         <size>0x3e</size>
         <input_file_ref idref="fl-1d"/>
      </object_component>
      <object_component id="oc-16a">
         <name>.text:EPWM_setActionQualifierAction$1</name>
         <load_address>0x829fd</load_address>
         <run_address>0x829fd</run_address>
         <size>0x37</size>
         <input_file_ref idref="fl-3"/>
      </object_component>
      <object_component id="oc-1ee">
         <name>.text:main</name>
         <load_address>0x82a34</load_address>
         <run_address>0x82a34</run_address>
         <size>0x37</size>
         <input_file_ref idref="fl-8"/>
      </object_component>
      <object_component id="oc-130">
         <name>.text:ADC_setVREF</name>
         <load_address>0x82a6b</load_address>
         <run_address>0x82a6b</run_address>
         <size>0x36</size>
         <input_file_ref idref="fl-13"/>
      </object_component>
      <object_component id="oc-e1">
         <name>.text:Interrupt_enable</name>
         <load_address>0x82aa1</load_address>
         <run_address>0x82aa1</run_address>
         <size>0x36</size>
         <input_file_ref idref="fl-1a"/>
      </object_component>
      <object_component id="oc-1ca">
         <name>.text:__TI_auto_init_nopinit</name>
         <load_address>0x82ad7</load_address>
         <run_address>0x82ad7</run_address>
         <size>0x34</size>
         <input_file_ref idref="fl-2f"/>
      </object_component>
      <object_component id="oc-108">
         <name>.text:GPIO_setPinConfig</name>
         <load_address>0x82b0b</load_address>
         <run_address>0x82b0b</run_address>
         <size>0x30</size>
         <input_file_ref idref="fl-19"/>
      </object_component>
      <object_component id="oc-15">
         <name>.text:decompress:lzss</name>
         <load_address>0x82b3b</load_address>
         <run_address>0x82b3b</run_address>
         <size>0x30</size>
         <input_file_ref idref="fl-32"/>
      </object_component>
      <object_component id="oc-21b">
         <name>.text</name>
         <load_address>0x82b6b</load_address>
         <run_address>0x82b6b</run_address>
         <size>0x30</size>
         <input_file_ref idref="fl-37"/>
      </object_component>
      <object_component id="oc-2f0">
         <name>.text:SysCtl_selectOscSource</name>
         <load_address>0x82b9b</load_address>
         <run_address>0x82b9b</run_address>
         <size>0x2b</size>
         <input_file_ref idref="fl-1d"/>
      </object_component>
      <object_component id="oc-d5">
         <name>.text:XBAR_setEPWMMuxConfig</name>
         <load_address>0x82bc6</load_address>
         <run_address>0x82bc6</run_address>
         <size>0x2b</size>
         <input_file_ref idref="fl-1e"/>
      </object_component>
      <object_component id="oc-304">
         <name>.text:ECAP_getEventTimeStamp$0</name>
         <load_address>0x82bf1</load_address>
         <run_address>0x82bf1</run_address>
         <size>0x29</size>
         <input_file_ref idref="fl-2"/>
      </object_component>
      <object_component id="oc-191">
         <name>.text</name>
         <load_address>0x82c1a</load_address>
         <run_address>0x82c1a</run_address>
         <size>0x29</size>
         <input_file_ref idref="fl-33"/>
      </object_component>
      <object_component id="oc-14c">
         <name>.text:CMPSS_configRampLow</name>
         <load_address>0x82c43</load_address>
         <run_address>0x82c43</run_address>
         <size>0x28</size>
         <input_file_ref idref="fl-15"/>
      </object_component>
      <object_component id="oc-fd">
         <name>.text:stringINV_Converter_Stop</name>
         <load_address>0x82c6b</load_address>
         <run_address>0x82c6b</run_address>
         <size>0x25</size>
         <input_file_ref idref="fl-8"/>
      </object_component>
      <object_component id="oc-146">
         <name>.text:CMPSS_configRampHigh</name>
         <load_address>0x82c90</load_address>
         <run_address>0x82c90</run_address>
         <size>0x24</size>
         <input_file_ref idref="fl-15"/>
      </object_component>
      <object_component id="oc-179">
         <name>.text:GPIO_setControllerCore</name>
         <load_address>0x82cb4</load_address>
         <run_address>0x82cb4</run_address>
         <size>0x22</size>
         <input_file_ref idref="fl-19"/>
      </object_component>
      <object_component id="oc-11a">
         <name>.text:GPIO_setQualificationMode</name>
         <load_address>0x82cd6</load_address>
         <run_address>0x82cd6</run_address>
         <size>0x22</size>
         <input_file_ref idref="fl-19"/>
      </object_component>
      <object_component id="oc-298">
         <name>.text:PGA_setOffsetTrimNMOS</name>
         <load_address>0x82cf8</load_address>
         <run_address>0x82cf8</run_address>
         <size>0x22</size>
         <input_file_ref idref="fl-1b"/>
      </object_component>
      <object_component id="oc-29e">
         <name>.text:PGA_setOffsetTrimPMOS</name>
         <load_address>0x82d1a</load_address>
         <run_address>0x82d1a</run_address>
         <size>0x21</size>
         <input_file_ref idref="fl-1b"/>
      </object_component>
      <object_component id="oc-32b">
         <name>.text:SysCtl_selectXTALSingleEnded</name>
         <load_address>0x82d3b</load_address>
         <run_address>0x82d3b</run_address>
         <size>0x21</size>
         <input_file_ref idref="fl-1d"/>
      </object_component>
      <object_component id="oc-173">
         <name>.text:GPIO_setDirectionMode</name>
         <load_address>0x82d5c</load_address>
         <run_address>0x82d5c</run_address>
         <size>0x20</size>
         <input_file_ref idref="fl-19"/>
      </object_component>
      <object_component id="oc-13a">
         <name>.text:CMPSS_configFilterHigh</name>
         <load_address>0x82d7c</load_address>
         <run_address>0x82d7c</run_address>
         <size>0x1c</size>
         <input_file_ref idref="fl-15"/>
      </object_component>
      <object_component id="oc-140">
         <name>.text:CMPSS_configFilterLow</name>
         <load_address>0x82d98</load_address>
         <run_address>0x82d98</run_address>
         <size>0x1c</size>
         <input_file_ref idref="fl-15"/>
      </object_component>
      <object_component id="oc-51">
         <name>.text</name>
         <load_address>0x82db4</load_address>
         <run_address>0x82db4</run_address>
         <size>0x1c</size>
         <input_file_ref idref="fl-38"/>
      </object_component>
      <object_component id="oc-22d">
         <name>.text:Device_initGPIO</name>
         <load_address>0x82dd0</load_address>
         <run_address>0x82dd0</run_address>
         <size>0x18</size>
         <input_file_ref idref="fl-4"/>
      </object_component>
      <object_component id="oc-f3">
         <name>.text</name>
         <load_address>0x82de8</load_address>
         <run_address>0x82de8</run_address>
         <size>0x17</size>
         <input_file_ref idref="fl-2b"/>
      </object_component>
      <object_component id="oc-152">
         <name>.text:CMPSS_configLatchOnPWMSYNC</name>
         <load_address>0x82dff</load_address>
         <run_address>0x82dff</run_address>
         <size>0x15</size>
         <input_file_ref idref="fl-15"/>
      </object_component>
      <object_component id="oc-2e1">
         <name>.text:GPIO_writePin$0</name>
         <load_address>0x82e14</load_address>
         <run_address>0x82e14</run_address>
         <size>0x15</size>
         <input_file_ref idref="fl-2"/>
      </object_component>
      <object_component id="oc-37">
         <name>.text:Interrupt_initVectorTable</name>
         <load_address>0x82e29</load_address>
         <run_address>0x82e29</run_address>
         <size>0x15</size>
         <input_file_ref idref="fl-1a"/>
      </object_component>
      <object_component id="oc-28c">
         <name>.text:SysCtl_getLowSpeedClock</name>
         <load_address>0x82e3e</load_address>
         <run_address>0x82e3e</run_address>
         <size>0x15</size>
         <input_file_ref idref="fl-1d"/>
      </object_component>
      <object_component id="oc-121">
         <name>.text:SysCtl_configureType</name>
         <load_address>0x82e53</load_address>
         <run_address>0x82e53</run_address>
         <size>0x13</size>
         <input_file_ref idref="fl-1d"/>
      </object_component>
      <object_component id="oc-127">
         <name>.text:SysCtl_setPeripheralAccessControl$1</name>
         <load_address>0x82e66</load_address>
         <run_address>0x82e66</run_address>
         <size>0x12</size>
         <input_file_ref idref="fl-3"/>
      </object_component>
      <object_component id="oc-15c">
         <name>.text:ECAP_setEmulationMode</name>
         <load_address>0x82e78</load_address>
         <run_address>0x82e78</run_address>
         <size>0xd</size>
         <input_file_ref idref="fl-17"/>
      </object_component>
      <object_component id="oc-48">
         <name>.text:Interrupt_defaultHandler</name>
         <load_address>0x82e85</load_address>
         <run_address>0x82e85</run_address>
         <size>0xc</size>
         <input_file_ref idref="fl-1a"/>
      </object_component>
      <object_component id="oc-18b">
         <name>.text</name>
         <load_address>0x82e91</load_address>
         <run_address>0x82e91</run_address>
         <size>0xc</size>
         <input_file_ref idref="fl-35"/>
      </object_component>
      <object_component id="oc-233">
         <name>.text:A0</name>
         <load_address>0x82e9d</load_address>
         <run_address>0x82e9d</run_address>
         <size>0xa</size>
         <input_file_ref idref="fl-8"/>
      </object_component>
      <object_component id="oc-8d">
         <name>.text:ASysCtl_setAnalogReferenceInternal</name>
         <load_address>0x82ea7</load_address>
         <run_address>0x82ea7</run_address>
         <size>0xa</size>
         <input_file_ref idref="fl-14"/>
      </object_component>
      <object_component id="oc-2a6">
         <name>.text:B0</name>
         <load_address>0x82eb1</load_address>
         <run_address>0x82eb1</run_address>
         <size>0xa</size>
         <input_file_ref idref="fl-8"/>
      </object_component>
      <object_component id="oc-42">
         <name>.text:Interrupt_illegalOperationHandler</name>
         <load_address>0x82ebb</load_address>
         <run_address>0x82ebb</run_address>
         <size>0xa</size>
         <input_file_ref idref="fl-1a"/>
      </object_component>
      <object_component id="oc-36">
         <name>.text:Interrupt_nmiHandler</name>
         <load_address>0x82ec5</load_address>
         <run_address>0x82ec5</run_address>
         <size>0xa</size>
         <input_file_ref idref="fl-1a"/>
      </object_component>
      <object_component id="oc-164">
         <name>.text:EPWM_setEmulationMode</name>
         <load_address>0x82ecf</load_address>
         <run_address>0x82ecf</run_address>
         <size>0x9</size>
         <input_file_ref idref="fl-18"/>
      </object_component>
      <object_component id="oc-239">
         <name>.text:A1</name>
         <load_address>0x82ed8</load_address>
         <run_address>0x82ed8</run_address>
         <size>0x8</size>
         <input_file_ref idref="fl-8"/>
      </object_component>
      <object_component id="oc-1b">
         <name>.text:decompress:none</name>
         <load_address>0x82ee0</load_address>
         <run_address>0x82ee0</run_address>
         <size>0x8</size>
         <input_file_ref idref="fl-31"/>
      </object_component>
      <object_component id="oc-64">
         <name>.text</name>
         <load_address>0x82ee8</load_address>
         <run_address>0x82ee8</run_address>
         <size>0x8</size>
         <input_file_ref idref="fl-7"/>
      </object_component>
      <object_component id="oc-23f">
         <name>.text:B1</name>
         <load_address>0x82ef0</load_address>
         <run_address>0x82ef0</run_address>
         <size>0x6</size>
         <input_file_ref idref="fl-8"/>
      </object_component>
      <object_component id="oc-2b4">
         <name>.text:B2</name>
         <load_address>0x82ef6</load_address>
         <run_address>0x82ef6</run_address>
         <size>0x6</size>
         <input_file_ref idref="fl-8"/>
      </object_component>
      <object_component id="oc-30b">
         <name>.text:B3</name>
         <load_address>0x82efc</load_address>
         <run_address>0x82efc</run_address>
         <size>0x6</size>
         <input_file_ref idref="fl-8"/>
      </object_component>
      <object_component id="oc-5e">
         <name>.text:decompress:ZI</name>
         <load_address>0x82f02</load_address>
         <run_address>0x82f02</run_address>
         <size>0x6</size>
         <input_file_ref idref="fl-30"/>
      </object_component>
      <object_component id="oc-1b1">
         <name>.text:__error__</name>
         <load_address>0x82f08</load_address>
         <run_address>0x82f08</run_address>
         <size>0x3</size>
         <input_file_ref idref="fl-4"/>
      </object_component>
      <object_component id="oc-184">
         <name>.text</name>
         <load_address>0x82f0b</load_address>
         <run_address>0x82f0b</run_address>
         <size>0x2</size>
         <input_file_ref idref="fl-2e"/>
      </object_component>
      <object_component id="oc-257">
         <name>.text:C2000Ware_libraries_init</name>
         <load_address>0x82f0d</load_address>
         <run_address>0x82f0d</run_address>
         <size>0x1</size>
         <input_file_ref idref="fl-6"/>
      </object_component>
      <object_component id="oc-27a">
         <name>.text:CMD_init</name>
         <load_address>0x82f0e</load_address>
         <run_address>0x82f0e</run_address>
         <size>0x1</size>
         <input_file_ref idref="fl-5"/>
      </object_component>
      <object_component id="oc-266">
         <name>.text</name>
         <load_address>0x82f0f</load_address>
         <run_address>0x82f0f</run_address>
         <size>0x1</size>
         <input_file_ref idref="fl-34"/>
      </object_component>
      <object_component id="oc-212">
         <name>.text</name>
         <load_address>0x82f10</load_address>
         <run_address>0x82f10</run_address>
         <size>0x1</size>
         <input_file_ref idref="fl-39"/>
      </object_component>
      <object_component id="oc-2a">
         <name>.TI.ramfunc:INT_ADC_A_1_ISR</name>
         <load_address>0x80008</load_address>
         <run_address>0x8000</run_address>
         <size>0x537</size>
         <input_file_ref idref="fl-8"/>
      </object_component>
      <object_component id="oc-8c">
         <name>.TI.ramfunc</name>
         <load_address>0x8053f</load_address>
         <run_address>0x8537</run_address>
         <size>0x4</size>
         <input_file_ref idref="fl-1d"/>
      </object_component>
      <object_component id="oc-34e">
         <name>.binit</name>
         <load_address>0x83000</load_address>
         <run_address>0x83000</run_address>
         <size>0x8</size>
      </object_component>
      <object_component id="oc-377">
         <name>__TI_BINIT_Limit</name>
         <load_address>0x83008</load_address>
         <run_address>0x83008</run_address>
         <size>0x0</size>
      </object_component>
      <object_component id="oc-381">
         <name>.cinit..data.load</name>
         <load_address>0x82fc0</load_address>
         <run_address>0x82fc0</run_address>
         <size>0x1e</size>
      </object_component>
      <object_component id="oc-373">
         <name>__TI_handler_table</name>
         <load_address>0x82fde</load_address>
         <run_address>0x82fde</run_address>
         <size>0x6</size>
      </object_component>
      <object_component id="oc-37d">
         <name>.cinit..bss.1.load</name>
         <load_address>0x82fe4</load_address>
         <run_address>0x82fe4</run_address>
         <size>0x4</size>
      </object_component>
      <object_component id="oc-37e">
         <name>.cinit..bss.2.load</name>
         <load_address>0x82fe8</load_address>
         <run_address>0x82fe8</run_address>
         <size>0x4</size>
      </object_component>
      <object_component id="oc-37f">
         <name>.cinit..bss.3.load</name>
         <load_address>0x82fec</load_address>
         <run_address>0x82fec</run_address>
         <size>0x4</size>
      </object_component>
      <object_component id="oc-374">
         <name>__TI_cinit_table</name>
         <load_address>0x82ff0</load_address>
         <run_address>0x82ff0</run_address>
         <size>0x10</size>
      </object_component>
      <object_component id="oc-4e">
         <name>.stack</name>
         <uninitialized>true</uninitialized>
         <run_address>0x400</run_address>
         <size>0x0</size>
         <input_file_ref idref="fl-2b"/>
      </object_component>
      <object_component id="oc-378">
         <name>.stack</name>
         <uninitialized>true</uninitialized>
         <run_address>0x400</run_address>
         <size>0x0</size>
      </object_component>
      <object_component id="oc-27">
         <name>.bss:retain</name>
         <uninitialized>true</uninitialized>
         <run_address>0xa800</run_address>
         <size>0x202</size>
         <input_file_ref idref="fl-2"/>
      </object_component>
      <object_component id="oc-25d">
         <name>.bss</name>
         <uninitialized>true</uninitialized>
         <run_address>0xaa02</run_address>
         <size>0x6</size>
         <input_file_ref idref="fl-8"/>
      </object_component>
      <object_component id="oc-6c">
         <name>.bss</name>
         <uninitialized>true</uninitialized>
         <run_address>0xaa40</run_address>
         <size>0x100</size>
         <input_file_ref idref="fl-2"/>
      </object_component>
      <object_component id="oc-2c8">
         <name>.bss:stringINV_ACDC_dBuff1</name>
         <uninitialized>true</uninitialized>
         <run_address>0xab40</run_address>
         <size>0xc8</size>
         <input_file_ref idref="fl-2"/>
      </object_component>
      <object_component id="oc-2cb">
         <name>.bss:stringINV_ACDC_dBuff2</name>
         <uninitialized>true</uninitialized>
         <run_address>0xac08</run_address>
         <size>0xc8</size>
         <input_file_ref idref="fl-2"/>
      </object_component>
      <object_component id="oc-2ce">
         <name>.bss:stringINV_ACDC_dBuff3</name>
         <uninitialized>true</uninitialized>
         <run_address>0xacd0</run_address>
         <size>0xc8</size>
         <input_file_ref idref="fl-2"/>
      </object_component>
      <object_component id="oc-2d1">
         <name>.bss:stringINV_ACDC_dBuff4</name>
         <uninitialized>true</uninitialized>
         <run_address>0xad98</run_address>
         <size>0xc8</size>
         <input_file_ref idref="fl-2"/>
      </object_component>
      <object_component id="oc-2d4">
         <name>.bss:stringINV_ACDC_dBuff5</name>
         <uninitialized>true</uninitialized>
         <run_address>0xae60</run_address>
         <size>0xc8</size>
         <input_file_ref idref="fl-2"/>
      </object_component>
      <object_component id="oc-2d7">
         <name>.bss:stringINV_ACDC_dBuff6</name>
         <uninitialized>true</uninitialized>
         <run_address>0xaf28</run_address>
         <size>0xc8</size>
         <input_file_ref idref="fl-2"/>
      </object_component>
      <object_component id="oc-2da">
         <name>.bss:stringINV_ACDC_dBuff7</name>
         <uninitialized>true</uninitialized>
         <run_address>0xb000</run_address>
         <size>0xc8</size>
         <input_file_ref idref="fl-2"/>
      </object_component>
      <object_component id="oc-2dd">
         <name>.bss:stringINV_ACDC_dBuff8</name>
         <uninitialized>true</uninitialized>
         <run_address>0xb0c8</run_address>
         <size>0xc8</size>
         <input_file_ref idref="fl-2"/>
      </object_component>
      <object_component id="oc-1b0">
         <name>.const:.string</name>
         <load_address>0x82f18</load_address>
         <run_address>0x82f18</run_address>
         <size>0xa4</size>
         <input_file_ref idref="fl-3a"/>
      </object_component>
      <object_component id="oc-6f">
         <name>.data</name>
         <load_address>0xb1c0</load_address>
         <run_address>0xb1c0</run_address>
         <size>0x16c</size>
         <input_file_ref idref="fl-2"/>
      </object_component>
      <object_component id="oc-1f6">
         <name>.data</name>
         <load_address>0xb32c</load_address>
         <run_address>0xb32c</run_address>
         <size>0x6</size>
         <input_file_ref idref="fl-33"/>
      </object_component>
      <object_component id="oc-1f9">
         <name>.data:_lock</name>
         <load_address>0xb332</load_address>
         <run_address>0xb332</run_address>
         <size>0x2</size>
         <input_file_ref idref="fl-34"/>
      </object_component>
      <object_component id="oc-211">
         <name>.debug_types</name>
         <load_address>0x0</load_address>
         <run_address>0x0</run_address>
         <size>0x1174</size>
         <input_file_ref idref="fl-4"/>
      </object_component>
      <object_component id="oc-7f">
         <name>.debug_types</name>
         <load_address>0x1174</load_address>
         <run_address>0x1174</run_address>
         <size>0x1c4f</size>
         <input_file_ref idref="fl-8"/>
      </object_component>
      <object_component id="oc-1a5">
         <name>.debug_types</name>
         <load_address>0x2dc3</load_address>
         <run_address>0x2dc3</run_address>
         <size>0xbd3</size>
         <input_file_ref idref="fl-13"/>
      </object_component>
      <object_component id="oc-12f">
         <name>.debug_types</name>
         <load_address>0x0</load_address>
         <run_address>0x0</run_address>
         <size>0x0</size>
         <input_file_ref idref="fl-14"/>
      </object_component>
      <object_component id="oc-1a7">
         <name>.debug_types</name>
         <load_address>0x3996</load_address>
         <run_address>0x3996</run_address>
         <size>0xfb</size>
         <input_file_ref idref="fl-15"/>
      </object_component>
      <object_component id="oc-1ad">
         <name>.debug_types</name>
         <load_address>0x3a91</load_address>
         <run_address>0x3a91</run_address>
         <size>0xf0</size>
         <input_file_ref idref="fl-17"/>
      </object_component>
      <object_component id="oc-1af">
         <name>.debug_types</name>
         <load_address>0x3b81</load_address>
         <run_address>0x3b81</run_address>
         <size>0xb7a</size>
         <input_file_ref idref="fl-18"/>
      </object_component>
      <object_component id="oc-19a">
         <name>.debug_types</name>
         <load_address>0x46fb</load_address>
         <run_address>0x46fb</run_address>
         <size>0x581</size>
         <input_file_ref idref="fl-19"/>
      </object_component>
      <object_component id="oc-e9">
         <name>.debug_types</name>
         <load_address>0x0</load_address>
         <run_address>0x0</run_address>
         <size>0x0</size>
         <input_file_ref idref="fl-1a"/>
      </object_component>
      <object_component id="oc-301">
         <name>.debug_types</name>
         <load_address>0x0</load_address>
         <run_address>0x0</run_address>
         <size>0x0</size>
         <input_file_ref idref="fl-1b"/>
      </object_component>
      <object_component id="oc-19f">
         <name>.debug_types</name>
         <load_address>0x4c7c</load_address>
         <run_address>0x4c7c</run_address>
         <size>0xb34</size>
         <input_file_ref idref="fl-1d"/>
      </object_component>
      <object_component id="oc-172">
         <name>.debug_types</name>
         <load_address>0x57b0</load_address>
         <run_address>0x57b0</run_address>
         <size>0x2f1c</size>
         <input_file_ref idref="fl-1e"/>
      </object_component>
      <object_component id="oc-219">
         <name>.debug_types</name>
         <load_address>0x86cc</load_address>
         <run_address>0x86cc</run_address>
         <size>0x49b</size>
         <input_file_ref idref="fl-2f"/>
      </object_component>
      <object_component id="oc-1fd">
         <name>.debug_types</name>
         <load_address>0x8b67</load_address>
         <run_address>0x8b67</run_address>
         <size>0xbf</size>
         <input_file_ref idref="fl-33"/>
      </object_component>
      <object_component id="oc-1f5">
         <name>.debug_types</name>
         <load_address>0x8c26</load_address>
         <run_address>0x8c26</run_address>
         <size>0xe1</size>
         <input_file_ref idref="fl-35"/>
      </object_component>
      <object_component id="oc-275">
         <name>.debug_types</name>
         <load_address>0x0</load_address>
         <run_address>0x0</run_address>
         <size>0x0</size>
         <input_file_ref idref="fl-39"/>
      </object_component>
      <object_component id="oc-50">
         <name>.debug_types</name>
         <load_address>0x8d07</load_address>
         <run_address>0x8d07</run_address>
         <size>0x3d1c</size>
         <input_file_ref idref="fl-3a"/>
      </object_component>
      <object_component id="oc-1b5">
         <name>.debug_info</name>
         <load_address>0x0</load_address>
         <run_address>0x0</run_address>
         <size>0x136</size>
         <input_file_ref idref="fl-4"/>
      </object_component>
      <object_component id="oc-231">
         <name>.debug_info</name>
         <load_address>0x136</load_address>
         <run_address>0x136</run_address>
         <size>0x11e</size>
         <input_file_ref idref="fl-4"/>
      </object_component>
      <object_component id="oc-296">
         <name>.debug_info</name>
         <load_address>0x254</load_address>
         <run_address>0x254</run_address>
         <size>0x135</size>
         <input_file_ref idref="fl-4"/>
      </object_component>
      <object_component id="oc-229">
         <name>.debug_info</name>
         <load_address>0x389</load_address>
         <run_address>0x389</run_address>
         <size>0x2bb</size>
         <input_file_ref idref="fl-4"/>
      </object_component>
      <object_component id="oc-23">
         <name>.debug_info</name>
         <load_address>0x644</load_address>
         <run_address>0x644</run_address>
         <size>0x1b7</size>
         <input_file_ref idref="fl-7"/>
      </object_component>
      <object_component id="oc-67">
         <name>.debug_info</name>
         <load_address>0x7fb</load_address>
         <run_address>0x7fb</run_address>
         <size>0x1b8</size>
         <input_file_ref idref="fl-7"/>
      </object_component>
      <object_component id="oc-25e">
         <name>.debug_info</name>
         <load_address>0x9b3</load_address>
         <run_address>0x9b3</run_address>
         <size>0x151</size>
         <input_file_ref idref="fl-8"/>
      </object_component>
      <object_component id="oc-100">
         <name>.debug_info</name>
         <load_address>0xb04</load_address>
         <run_address>0xb04</run_address>
         <size>0x133</size>
         <input_file_ref idref="fl-8"/>
      </object_component>
      <object_component id="oc-74">
         <name>.debug_info</name>
         <load_address>0xc37</load_address>
         <run_address>0xc37</run_address>
         <size>0x149</size>
         <input_file_ref idref="fl-8"/>
      </object_component>
      <object_component id="oc-7b">
         <name>.debug_info</name>
         <load_address>0xd80</load_address>
         <run_address>0xd80</run_address>
         <size>0x153</size>
         <input_file_ref idref="fl-8"/>
      </object_component>
      <object_component id="oc-30d">
         <name>.debug_info</name>
         <load_address>0xed3</load_address>
         <run_address>0xed3</run_address>
         <size>0x10c</size>
         <input_file_ref idref="fl-8"/>
      </object_component>
      <object_component id="oc-2b6">
         <name>.debug_info</name>
         <load_address>0xfdf</load_address>
         <run_address>0xfdf</run_address>
         <size>0x10c</size>
         <input_file_ref idref="fl-8"/>
      </object_component>
      <object_component id="oc-241">
         <name>.debug_info</name>
         <load_address>0x10eb</load_address>
         <run_address>0x10eb</run_address>
         <size>0x10c</size>
         <input_file_ref idref="fl-8"/>
      </object_component>
      <object_component id="oc-23b">
         <name>.debug_info</name>
         <load_address>0x11f7</load_address>
         <run_address>0x11f7</run_address>
         <size>0x120</size>
         <input_file_ref idref="fl-8"/>
      </object_component>
      <object_component id="oc-235">
         <name>.debug_info</name>
         <load_address>0x1317</load_address>
         <run_address>0x1317</run_address>
         <size>0x10f</size>
         <input_file_ref idref="fl-8"/>
      </object_component>
      <object_component id="oc-2a9">
         <name>.debug_info</name>
         <load_address>0x1426</load_address>
         <run_address>0x1426</run_address>
         <size>0x10f</size>
         <input_file_ref idref="fl-8"/>
      </object_component>
      <object_component id="oc-1f0">
         <name>.debug_info</name>
         <load_address>0x1535</load_address>
         <run_address>0x1535</run_address>
         <size>0x1ee</size>
         <input_file_ref idref="fl-8"/>
      </object_component>
      <object_component id="oc-2d">
         <name>.debug_info</name>
         <load_address>0x1723</load_address>
         <run_address>0x1723</run_address>
         <size>0x196</size>
         <input_file_ref idref="fl-8"/>
      </object_component>
      <object_component id="oc-132">
         <name>.debug_info</name>
         <load_address>0x18b9</load_address>
         <run_address>0x18b9</run_address>
         <size>0x1fe</size>
         <input_file_ref idref="fl-13"/>
      </object_component>
      <object_component id="oc-91">
         <name>.debug_info</name>
         <load_address>0x1ab7</load_address>
         <run_address>0x1ab7</run_address>
         <size>0x1e6</size>
         <input_file_ref idref="fl-14"/>
      </object_component>
      <object_component id="oc-14d">
         <name>.debug_info</name>
         <load_address>0x1c9d</load_address>
         <run_address>0x1c9d</run_address>
         <size>0x2cf</size>
         <input_file_ref idref="fl-15"/>
      </object_component>
      <object_component id="oc-147">
         <name>.debug_info</name>
         <load_address>0x1f6c</load_address>
         <run_address>0x1f6c</run_address>
         <size>0x2cf</size>
         <input_file_ref idref="fl-15"/>
      </object_component>
      <object_component id="oc-153">
         <name>.debug_info</name>
         <load_address>0x223b</load_address>
         <run_address>0x223b</run_address>
         <size>0x233</size>
         <input_file_ref idref="fl-15"/>
      </object_component>
      <object_component id="oc-142">
         <name>.debug_info</name>
         <load_address>0x246e</load_address>
         <run_address>0x246e</run_address>
         <size>0x262</size>
         <input_file_ref idref="fl-15"/>
      </object_component>
      <object_component id="oc-13c">
         <name>.debug_info</name>
         <load_address>0x26d0</load_address>
         <run_address>0x26d0</run_address>
         <size>0x264</size>
         <input_file_ref idref="fl-15"/>
      </object_component>
      <object_component id="oc-160">
         <name>.debug_info</name>
         <load_address>0x2934</load_address>
         <run_address>0x2934</run_address>
         <size>0x1f1</size>
         <input_file_ref idref="fl-17"/>
      </object_component>
      <object_component id="oc-166">
         <name>.debug_info</name>
         <load_address>0x2b25</load_address>
         <run_address>0x2b25</run_address>
         <size>0x203</size>
         <input_file_ref idref="fl-18"/>
      </object_component>
      <object_component id="oc-11c">
         <name>.debug_info</name>
         <load_address>0x2d28</load_address>
         <run_address>0x2d28</run_address>
         <size>0x20a</size>
         <input_file_ref idref="fl-19"/>
      </object_component>
      <object_component id="oc-10a">
         <name>.debug_info</name>
         <load_address>0x2f32</load_address>
         <run_address>0x2f32</run_address>
         <size>0x1d5</size>
         <input_file_ref idref="fl-19"/>
      </object_component>
      <object_component id="oc-116">
         <name>.debug_info</name>
         <load_address>0x3107</load_address>
         <run_address>0x3107</run_address>
         <size>0x219</size>
         <input_file_ref idref="fl-19"/>
      </object_component>
      <object_component id="oc-175">
         <name>.debug_info</name>
         <load_address>0x3320</load_address>
         <run_address>0x3320</run_address>
         <size>0x21c</size>
         <input_file_ref idref="fl-19"/>
      </object_component>
      <object_component id="oc-17b">
         <name>.debug_info</name>
         <load_address>0x353c</load_address>
         <run_address>0x353c</run_address>
         <size>0x1f3</size>
         <input_file_ref idref="fl-19"/>
      </object_component>
      <object_component id="oc-10f">
         <name>.debug_info</name>
         <load_address>0x372f</load_address>
         <run_address>0x372f</run_address>
         <size>0x216</size>
         <input_file_ref idref="fl-19"/>
      </object_component>
      <object_component id="oc-3d">
         <name>.debug_info</name>
         <load_address>0x3945</load_address>
         <run_address>0x3945</run_address>
         <size>0x1af</size>
         <input_file_ref idref="fl-1a"/>
      </object_component>
      <object_component id="oc-39">
         <name>.debug_info</name>
         <load_address>0x3af4</load_address>
         <run_address>0x3af4</run_address>
         <size>0x1c3</size>
         <input_file_ref idref="fl-1a"/>
      </object_component>
      <object_component id="oc-246">
         <name>.debug_info</name>
         <load_address>0x3cb7</load_address>
         <run_address>0x3cb7</run_address>
         <size>0x1b9</size>
         <input_file_ref idref="fl-1a"/>
      </object_component>
      <object_component id="oc-43">
         <name>.debug_info</name>
         <load_address>0x3e70</load_address>
         <run_address>0x3e70</run_address>
         <size>0x1c9</size>
         <input_file_ref idref="fl-1a"/>
      </object_component>
      <object_component id="oc-e3">
         <name>.debug_info</name>
         <load_address>0x4039</load_address>
         <run_address>0x4039</run_address>
         <size>0x201</size>
         <input_file_ref idref="fl-1a"/>
      </object_component>
      <object_component id="oc-4a">
         <name>.debug_info</name>
         <load_address>0x423a</load_address>
         <run_address>0x423a</run_address>
         <size>0x1b7</size>
         <input_file_ref idref="fl-1a"/>
      </object_component>
      <object_component id="oc-2a1">
         <name>.debug_info</name>
         <load_address>0x43f1</load_address>
         <run_address>0x43f1</run_address>
         <size>0x1fc</size>
         <input_file_ref idref="fl-1b"/>
      </object_component>
      <object_component id="oc-29a">
         <name>.debug_info</name>
         <load_address>0x45ed</load_address>
         <run_address>0x45ed</run_address>
         <size>0x1fc</size>
         <input_file_ref idref="fl-1b"/>
      </object_component>
      <object_component id="oc-345">
         <name>.debug_info</name>
         <load_address>0x47e9</load_address>
         <run_address>0x47e9</run_address>
         <size>0x20c</size>
         <input_file_ref idref="fl-1d"/>
      </object_component>
      <object_component id="oc-32c">
         <name>.debug_info</name>
         <load_address>0x49f5</load_address>
         <run_address>0x49f5</run_address>
         <size>0x1f1</size>
         <input_file_ref idref="fl-1d"/>
      </object_component>
      <object_component id="oc-332">
         <name>.debug_info</name>
         <load_address>0x4be6</load_address>
         <run_address>0x4be6</run_address>
         <size>0x20a</size>
         <input_file_ref idref="fl-1d"/>
      </object_component>
      <object_component id="oc-2f1">
         <name>.debug_info</name>
         <load_address>0x4df0</load_address>
         <run_address>0x4df0</run_address>
         <size>0x207</size>
         <input_file_ref idref="fl-1d"/>
      </object_component>
      <object_component id="oc-2f7">
         <name>.debug_info</name>
         <load_address>0x4ff7</load_address>
         <run_address>0x4ff7</run_address>
         <size>0x30c</size>
         <input_file_ref idref="fl-1d"/>
      </object_component>
      <object_component id="oc-281">
         <name>.debug_info</name>
         <load_address>0x5303</load_address>
         <run_address>0x5303</run_address>
         <size>0x32b</size>
         <input_file_ref idref="fl-1d"/>
      </object_component>
      <object_component id="oc-287">
         <name>.debug_info</name>
         <load_address>0x562e</load_address>
         <run_address>0x562e</run_address>
         <size>0x212</size>
         <input_file_ref idref="fl-1d"/>
      </object_component>
      <object_component id="oc-28d">
         <name>.debug_info</name>
         <load_address>0x5840</load_address>
         <run_address>0x5840</run_address>
         <size>0x201</size>
         <input_file_ref idref="fl-1d"/>
      </object_component>
      <object_component id="oc-122">
         <name>.debug_info</name>
         <load_address>0x5a41</load_address>
         <run_address>0x5a41</run_address>
         <size>0x209</size>
         <input_file_ref idref="fl-1d"/>
      </object_component>
      <object_component id="oc-d7">
         <name>.debug_info</name>
         <load_address>0x5c4a</load_address>
         <run_address>0x5c4a</run_address>
         <size>0x20d</size>
         <input_file_ref idref="fl-1e"/>
      </object_component>
      <object_component id="oc-f6">
         <name>.debug_info</name>
         <load_address>0x5e57</load_address>
         <run_address>0x5e57</run_address>
         <size>0x158</size>
         <input_file_ref idref="fl-2b"/>
      </object_component>
      <object_component id="oc-33b">
         <name>.debug_info</name>
         <load_address>0x5faf</load_address>
         <run_address>0x5faf</run_address>
         <size>0x127</size>
         <input_file_ref idref="fl-2c"/>
      </object_component>
      <object_component id="oc-1cb">
         <name>.debug_info</name>
         <load_address>0x60d6</load_address>
         <run_address>0x60d6</run_address>
         <size>0x1bc</size>
         <input_file_ref idref="fl-2f"/>
      </object_component>
      <object_component id="oc-1f7">
         <name>.debug_info</name>
         <load_address>0x6292</load_address>
         <run_address>0x6292</run_address>
         <size>0x19e</size>
         <input_file_ref idref="fl-33"/>
      </object_component>
      <object_component id="oc-192">
         <name>.debug_info</name>
         <load_address>0x6430</load_address>
         <run_address>0x6430</run_address>
         <size>0x1a9</size>
         <input_file_ref idref="fl-33"/>
      </object_component>
      <object_component id="oc-18c">
         <name>.debug_info</name>
         <load_address>0x65d9</load_address>
         <run_address>0x65d9</run_address>
         <size>0x15d</size>
         <input_file_ref idref="fl-35"/>
      </object_component>
      <object_component id="oc-213">
         <name>.debug_info</name>
         <load_address>0x6736</load_address>
         <run_address>0x6736</run_address>
         <size>0x147</size>
         <input_file_ref idref="fl-39"/>
      </object_component>
      <object_component id="oc-28">
         <name>.debug_info</name>
         <load_address>0x687d</load_address>
         <run_address>0x687d</run_address>
         <size>0x3243</size>
         <input_file_ref idref="fl-3a"/>
      </object_component>
      <object_component id="oc-6d">
         <name>.debug_info</name>
         <load_address>0x9ac0</load_address>
         <run_address>0x9ac0</run_address>
         <size>0x7f3</size>
         <input_file_ref idref="fl-3a"/>
      </object_component>
      <object_component id="oc-1fa">
         <name>.debug_info</name>
         <load_address>0xa2b3</load_address>
         <run_address>0xa2b3</run_address>
         <size>0xd9</size>
         <input_file_ref idref="fl-3a"/>
      </object_component>
      <object_component id="oc-70">
         <name>.debug_info</name>
         <load_address>0xa38c</load_address>
         <run_address>0xa38c</run_address>
         <size>0x327</size>
         <input_file_ref idref="fl-3a"/>
      </object_component>
      <object_component id="oc-2c9">
         <name>.debug_info</name>
         <load_address>0xa6b3</load_address>
         <run_address>0xa6b3</run_address>
         <size>0xf9</size>
         <input_file_ref idref="fl-3a"/>
      </object_component>
      <object_component id="oc-2cc">
         <name>.debug_info</name>
         <load_address>0xa7ac</load_address>
         <run_address>0xa7ac</run_address>
         <size>0xf9</size>
         <input_file_ref idref="fl-3a"/>
      </object_component>
      <object_component id="oc-2cf">
         <name>.debug_info</name>
         <load_address>0xa8a5</load_address>
         <run_address>0xa8a5</run_address>
         <size>0xf9</size>
         <input_file_ref idref="fl-3a"/>
      </object_component>
      <object_component id="oc-2d2">
         <name>.debug_info</name>
         <load_address>0xa99e</load_address>
         <run_address>0xa99e</run_address>
         <size>0xf9</size>
         <input_file_ref idref="fl-3a"/>
      </object_component>
      <object_component id="oc-2d5">
         <name>.debug_info</name>
         <load_address>0xaa97</load_address>
         <run_address>0xaa97</run_address>
         <size>0xf9</size>
         <input_file_ref idref="fl-3a"/>
      </object_component>
      <object_component id="oc-2d8">
         <name>.debug_info</name>
         <load_address>0xab90</load_address>
         <run_address>0xab90</run_address>
         <size>0xf9</size>
         <input_file_ref idref="fl-3a"/>
      </object_component>
      <object_component id="oc-2db">
         <name>.debug_info</name>
         <load_address>0xac89</load_address>
         <run_address>0xac89</run_address>
         <size>0xf9</size>
         <input_file_ref idref="fl-3a"/>
      </object_component>
      <object_component id="oc-2de">
         <name>.debug_info</name>
         <load_address>0xad82</load_address>
         <run_address>0xad82</run_address>
         <size>0xf9</size>
         <input_file_ref idref="fl-3a"/>
      </object_component>
      <object_component id="oc-305">
         <name>.debug_info</name>
         <load_address>0xae7b</load_address>
         <run_address>0xae7b</run_address>
         <size>0x1ca</size>
         <input_file_ref idref="fl-3a"/>
      </object_component>
      <object_component id="oc-2e2">
         <name>.debug_info</name>
         <load_address>0xb045</load_address>
         <run_address>0xb045</run_address>
         <size>0x1c0</size>
         <input_file_ref idref="fl-3a"/>
      </object_component>
      <object_component id="oc-2ae">
         <name>.debug_info</name>
         <load_address>0xb205</load_address>
         <run_address>0xb205</run_address>
         <size>0x876</size>
         <input_file_ref idref="fl-3a"/>
      </object_component>
      <object_component id="oc-313">
         <name>.debug_info</name>
         <load_address>0xba7b</load_address>
         <run_address>0xba7b</run_address>
         <size>0x142</size>
         <input_file_ref idref="fl-3a"/>
      </object_component>
      <object_component id="oc-2bd">
         <name>.debug_info</name>
         <load_address>0xbbbd</load_address>
         <run_address>0xbbbd</run_address>
         <size>0x1df</size>
         <input_file_ref idref="fl-3a"/>
      </object_component>
      <object_component id="oc-2c3">
         <name>.debug_info</name>
         <load_address>0xbd9c</load_address>
         <run_address>0xbd9c</run_address>
         <size>0x13d</size>
         <input_file_ref idref="fl-3a"/>
      </object_component>
      <object_component id="oc-24c">
         <name>.debug_info</name>
         <load_address>0xbed9</load_address>
         <run_address>0xbed9</run_address>
         <size>0x2b5</size>
         <input_file_ref idref="fl-3a"/>
      </object_component>
      <object_component id="oc-252">
         <name>.debug_info</name>
         <load_address>0xc18e</load_address>
         <run_address>0xc18e</run_address>
         <size>0x173</size>
         <input_file_ref idref="fl-3a"/>
      </object_component>
      <object_component id="oc-52">
         <name>.debug_info</name>
         <load_address>0xc301</load_address>
         <run_address>0xc301</run_address>
         <size>0x161</size>
         <input_file_ref idref="fl-3a"/>
      </object_component>
      <object_component id="oc-267">
         <name>.debug_info</name>
         <load_address>0xc462</load_address>
         <run_address>0xc462</run_address>
         <size>0xee</size>
         <input_file_ref idref="fl-3a"/>
      </object_component>
      <object_component id="oc-21c">
         <name>.debug_info</name>
         <load_address>0xc550</load_address>
         <run_address>0xc550</run_address>
         <size>0x159</size>
         <input_file_ref idref="fl-3a"/>
      </object_component>
      <object_component id="oc-185">
         <name>.debug_info</name>
         <load_address>0xc6a9</load_address>
         <run_address>0xc6a9</run_address>
         <size>0x111</size>
         <input_file_ref idref="fl-3a"/>
      </object_component>
      <object_component id="oc-5f">
         <name>.debug_info</name>
         <load_address>0xc7ba</load_address>
         <run_address>0xc7ba</run_address>
         <size>0x15e</size>
         <input_file_ref idref="fl-3a"/>
      </object_component>
      <object_component id="oc-1c">
         <name>.debug_info</name>
         <load_address>0xc918</load_address>
         <run_address>0xc918</run_address>
         <size>0x16f</size>
         <input_file_ref idref="fl-3a"/>
      </object_component>
      <object_component id="oc-16">
         <name>.debug_info</name>
         <load_address>0xca87</load_address>
         <run_address>0xca87</run_address>
         <size>0x1d1</size>
         <input_file_ref idref="fl-3a"/>
      </object_component>
      <object_component id="oc-27b">
         <name>.debug_info</name>
         <load_address>0xcc58</load_address>
         <run_address>0xcc58</run_address>
         <size>0x102</size>
         <input_file_ref idref="fl-3a"/>
      </object_component>
      <object_component id="oc-258">
         <name>.debug_info</name>
         <load_address>0xcd5a</load_address>
         <run_address>0xcd5a</run_address>
         <size>0x12b</size>
         <input_file_ref idref="fl-3a"/>
      </object_component>
      <object_component id="oc-81">
         <name>.debug_info</name>
         <load_address>0xce85</load_address>
         <run_address>0xce85</run_address>
         <size>0x7c3</size>
         <input_file_ref idref="fl-3a"/>
      </object_component>
      <object_component id="oc-128">
         <name>.debug_info</name>
         <load_address>0xd648</load_address>
         <run_address>0xd648</run_address>
         <size>0x1d0</size>
         <input_file_ref idref="fl-3a"/>
      </object_component>
      <object_component id="oc-87">
         <name>.debug_info</name>
         <load_address>0xd818</load_address>
         <run_address>0xd818</run_address>
         <size>0x1849</size>
         <input_file_ref idref="fl-3a"/>
      </object_component>
      <object_component id="oc-94">
         <name>.debug_info</name>
         <load_address>0xf061</load_address>
         <run_address>0xf061</run_address>
         <size>0x125</size>
         <input_file_ref idref="fl-3a"/>
      </object_component>
      <object_component id="oc-9a">
         <name>.debug_info</name>
         <load_address>0xf186</load_address>
         <run_address>0xf186</run_address>
         <size>0x126</size>
         <input_file_ref idref="fl-3a"/>
      </object_component>
      <object_component id="oc-a0">
         <name>.debug_info</name>
         <load_address>0xf2ac</load_address>
         <run_address>0xf2ac</run_address>
         <size>0x126</size>
         <input_file_ref idref="fl-3a"/>
      </object_component>
      <object_component id="oc-a6">
         <name>.debug_info</name>
         <load_address>0xf3d2</load_address>
         <run_address>0xf3d2</run_address>
         <size>0x126</size>
         <input_file_ref idref="fl-3a"/>
      </object_component>
      <object_component id="oc-ac">
         <name>.debug_info</name>
         <load_address>0xf4f8</load_address>
         <run_address>0xf4f8</run_address>
         <size>0x1ad</size>
         <input_file_ref idref="fl-3a"/>
      </object_component>
      <object_component id="oc-b2">
         <name>.debug_info</name>
         <load_address>0xf6a5</load_address>
         <run_address>0xf6a5</run_address>
         <size>0x1af</size>
         <input_file_ref idref="fl-3a"/>
      </object_component>
      <object_component id="oc-b8">
         <name>.debug_info</name>
         <load_address>0xf854</load_address>
         <run_address>0xf854</run_address>
         <size>0x1b1</size>
         <input_file_ref idref="fl-3a"/>
      </object_component>
      <object_component id="oc-be">
         <name>.debug_info</name>
         <load_address>0xfa05</load_address>
         <run_address>0xfa05</run_address>
         <size>0x1b1</size>
         <input_file_ref idref="fl-3a"/>
      </object_component>
      <object_component id="oc-c4">
         <name>.debug_info</name>
         <load_address>0xfbb6</load_address>
         <run_address>0xfbb6</run_address>
         <size>0x122</size>
         <input_file_ref idref="fl-3a"/>
      </object_component>
      <object_component id="oc-ca">
         <name>.debug_info</name>
         <load_address>0xfcd8</load_address>
         <run_address>0xfcd8</run_address>
         <size>0x122</size>
         <input_file_ref idref="fl-3a"/>
      </object_component>
      <object_component id="oc-16b">
         <name>.debug_info</name>
         <load_address>0xfdfa</load_address>
         <run_address>0xfdfa</run_address>
         <size>0x211</size>
         <input_file_ref idref="fl-3a"/>
      </object_component>
      <object_component id="oc-d0">
         <name>.debug_info</name>
         <load_address>0x1000b</load_address>
         <run_address>0x1000b</run_address>
         <size>0xa34</size>
         <input_file_ref idref="fl-3a"/>
      </object_component>
      <object_component id="oc-dc">
         <name>.debug_info</name>
         <load_address>0x10a3f</load_address>
         <run_address>0x10a3f</run_address>
         <size>0x61d</size>
         <input_file_ref idref="fl-3a"/>
      </object_component>
      <object_component id="oc-31">
         <name>.debug_info</name>
         <load_address>0x1105c</load_address>
         <run_address>0x1105c</run_address>
         <size>0x2c2</size>
         <input_file_ref idref="fl-3a"/>
      </object_component>
      <object_component id="oc-382">
         <name>.debug_info</name>
         <load_address>0x1131e</load_address>
         <run_address>0x1131e</run_address>
         <size>0xb5</size>
      </object_component>
      <object_component id="oc-1b3">
         <name>.debug_line</name>
         <load_address>0x0</load_address>
         <run_address>0x0</run_address>
         <size>0x44</size>
         <input_file_ref idref="fl-4"/>
      </object_component>
      <object_component id="oc-230">
         <name>.debug_line</name>
         <load_address>0x44</load_address>
         <run_address>0x44</run_address>
         <size>0xa3</size>
         <input_file_ref idref="fl-4"/>
      </object_component>
      <object_component id="oc-293">
         <name>.debug_line</name>
         <load_address>0xe7</load_address>
         <run_address>0xe7</run_address>
         <size>0xaa</size>
         <input_file_ref idref="fl-4"/>
      </object_component>
      <object_component id="oc-22c">
         <name>.debug_line</name>
         <load_address>0x191</load_address>
         <run_address>0x191</run_address>
         <size>0x167</size>
         <input_file_ref idref="fl-4"/>
      </object_component>
      <object_component id="oc-272">
         <name>.debug_line</name>
         <load_address>0x2f8</load_address>
         <run_address>0x2f8</run_address>
         <size>0x138</size>
         <input_file_ref idref="fl-4"/>
      </object_component>
      <object_component id="oc-26">
         <name>.debug_line</name>
         <load_address>0x430</load_address>
         <run_address>0x430</run_address>
         <size>0xa6</size>
         <input_file_ref idref="fl-7"/>
      </object_component>
      <object_component id="oc-65">
         <name>.debug_line</name>
         <load_address>0x4d6</load_address>
         <run_address>0x4d6</run_address>
         <size>0xae</size>
         <input_file_ref idref="fl-7"/>
      </object_component>
      <object_component id="oc-2ea">
         <name>.debug_line</name>
         <load_address>0x584</load_address>
         <run_address>0x584</run_address>
         <size>0x38</size>
         <input_file_ref idref="fl-8"/>
      </object_component>
      <object_component id="oc-ff">
         <name>.debug_line</name>
         <load_address>0x5bc</load_address>
         <run_address>0x5bc</run_address>
         <size>0xff</size>
         <input_file_ref idref="fl-8"/>
      </object_component>
      <object_component id="oc-77">
         <name>.debug_line</name>
         <load_address>0x6bb</load_address>
         <run_address>0x6bb</run_address>
         <size>0x210</size>
         <input_file_ref idref="fl-8"/>
      </object_component>
      <object_component id="oc-7a">
         <name>.debug_line</name>
         <load_address>0x8cb</load_address>
         <run_address>0x8cb</run_address>
         <size>0xe9</size>
         <input_file_ref idref="fl-8"/>
      </object_component>
      <object_component id="oc-310">
         <name>.debug_line</name>
         <load_address>0x9b4</load_address>
         <run_address>0x9b4</run_address>
         <size>0x4b</size>
         <input_file_ref idref="fl-8"/>
      </object_component>
      <object_component id="oc-2b9">
         <name>.debug_line</name>
         <load_address>0x9ff</load_address>
         <run_address>0x9ff</run_address>
         <size>0x4b</size>
         <input_file_ref idref="fl-8"/>
      </object_component>
      <object_component id="oc-244">
         <name>.debug_line</name>
         <load_address>0xa4a</load_address>
         <run_address>0xa4a</run_address>
         <size>0x4b</size>
         <input_file_ref idref="fl-8"/>
      </object_component>
      <object_component id="oc-23e">
         <name>.debug_line</name>
         <load_address>0xa95</load_address>
         <run_address>0xa95</run_address>
         <size>0x4c</size>
         <input_file_ref idref="fl-8"/>
      </object_component>
      <object_component id="oc-238">
         <name>.debug_line</name>
         <load_address>0xae1</load_address>
         <run_address>0xae1</run_address>
         <size>0x4c</size>
         <input_file_ref idref="fl-8"/>
      </object_component>
      <object_component id="oc-2a8">
         <name>.debug_line</name>
         <load_address>0xb2d</load_address>
         <run_address>0xb2d</run_address>
         <size>0x4c</size>
         <input_file_ref idref="fl-8"/>
      </object_component>
      <object_component id="oc-1f3">
         <name>.debug_line</name>
         <load_address>0xb79</load_address>
         <run_address>0xb79</run_address>
         <size>0xcf</size>
         <input_file_ref idref="fl-8"/>
      </object_component>
      <object_component id="oc-2b">
         <name>.debug_line</name>
         <load_address>0xc48</load_address>
         <run_address>0xc48</run_address>
         <size>0x8a1</size>
         <input_file_ref idref="fl-8"/>
      </object_component>
      <object_component id="oc-106">
         <name>.debug_line</name>
         <load_address>0x14e9</load_address>
         <run_address>0x14e9</run_address>
         <size>0x498</size>
         <input_file_ref idref="fl-8"/>
      </object_component>
      <object_component id="oc-131">
         <name>.debug_line</name>
         <load_address>0x1981</load_address>
         <run_address>0x1981</run_address>
         <size>0xae</size>
         <input_file_ref idref="fl-13"/>
      </object_component>
      <object_component id="oc-205">
         <name>.debug_line</name>
         <load_address>0x1a2f</load_address>
         <run_address>0x1a2f</run_address>
         <size>0xbd</size>
         <input_file_ref idref="fl-13"/>
      </object_component>
      <object_component id="oc-90">
         <name>.debug_line</name>
         <load_address>0x1aec</load_address>
         <run_address>0x1aec</run_address>
         <size>0x86</size>
         <input_file_ref idref="fl-14"/>
      </object_component>
      <object_component id="oc-1a2">
         <name>.debug_line</name>
         <load_address>0x1b72</load_address>
         <run_address>0x1b72</run_address>
         <size>0x21</size>
         <input_file_ref idref="fl-14"/>
      </object_component>
      <object_component id="oc-150">
         <name>.debug_line</name>
         <load_address>0x1b93</load_address>
         <run_address>0x1b93</run_address>
         <size>0x108</size>
         <input_file_ref idref="fl-15"/>
      </object_component>
      <object_component id="oc-14a">
         <name>.debug_line</name>
         <load_address>0x1c9b</load_address>
         <run_address>0x1c9b</run_address>
         <size>0x108</size>
         <input_file_ref idref="fl-15"/>
      </object_component>
      <object_component id="oc-157">
         <name>.debug_line</name>
         <load_address>0x1da3</load_address>
         <run_address>0x1da3</run_address>
         <size>0x93</size>
         <input_file_ref idref="fl-15"/>
      </object_component>
      <object_component id="oc-141">
         <name>.debug_line</name>
         <load_address>0x1e36</load_address>
         <run_address>0x1e36</run_address>
         <size>0x90</size>
         <input_file_ref idref="fl-15"/>
      </object_component>
      <object_component id="oc-13b">
         <name>.debug_line</name>
         <load_address>0x1ec6</load_address>
         <run_address>0x1ec6</run_address>
         <size>0x8e</size>
         <input_file_ref idref="fl-15"/>
      </object_component>
      <object_component id="oc-208">
         <name>.debug_line</name>
         <load_address>0x1f54</load_address>
         <run_address>0x1f54</run_address>
         <size>0xc1</size>
         <input_file_ref idref="fl-15"/>
      </object_component>
      <object_component id="oc-15d">
         <name>.debug_line</name>
         <load_address>0x2015</load_address>
         <run_address>0x2015</run_address>
         <size>0x82</size>
         <input_file_ref idref="fl-17"/>
      </object_component>
      <object_component id="oc-20b">
         <name>.debug_line</name>
         <load_address>0x2097</load_address>
         <run_address>0x2097</run_address>
         <size>0xbf</size>
         <input_file_ref idref="fl-17"/>
      </object_component>
      <object_component id="oc-168">
         <name>.debug_line</name>
         <load_address>0x2156</load_address>
         <run_address>0x2156</run_address>
         <size>0x80</size>
         <input_file_ref idref="fl-18"/>
      </object_component>
      <object_component id="oc-20e">
         <name>.debug_line</name>
         <load_address>0x21d6</load_address>
         <run_address>0x21d6</run_address>
         <size>0xbf</size>
         <input_file_ref idref="fl-18"/>
      </object_component>
      <object_component id="oc-11b">
         <name>.debug_line</name>
         <load_address>0x2295</load_address>
         <run_address>0x2295</run_address>
         <size>0x8a</size>
         <input_file_ref idref="fl-19"/>
      </object_component>
      <object_component id="oc-109">
         <name>.debug_line</name>
         <load_address>0x231f</load_address>
         <run_address>0x231f</run_address>
         <size>0x8b</size>
         <input_file_ref idref="fl-19"/>
      </object_component>
      <object_component id="oc-115">
         <name>.debug_line</name>
         <load_address>0x23aa</load_address>
         <run_address>0x23aa</run_address>
         <size>0xa1</size>
         <input_file_ref idref="fl-19"/>
      </object_component>
      <object_component id="oc-174">
         <name>.debug_line</name>
[...]
         <value>0xa89c</value>
         <object_component_ref idref="oc-27"/>
      </symbol>
      <symbol id="sm-27a">
         <name>ADC_C_init</name>
         <value>0x82731</value>
         <object_component_ref idref="oc-9f"/>
      </symbol>
      <symbol id="sm-27b">
         <name>ADC_B_init</name>
         <value>0x826c7</value>
         <object_component_ref idref="oc-99"/>
      </symbol>
      <symbol id="sm-27c">
         <name>stringINV_Counter_Faults</name>
         <value>0xaa54</value>
         <object_component_ref idref="oc-6c"/>
      </symbol>
      <symbol id="sm-27d">
         <name>stringINV_ACDC_iAC_real_Ref_OUT_PI</name>
         <value>0xa938</value>
         <object_component_ref idref="oc-27"/>
      </symbol>
      <symbol id="sm-27e">
         <name>kiI_3H</name>
         <value>0xaa5a</value>
         <object_component_ref idref="oc-6c"/>
      </symbol>
      <symbol id="sm-27f">
         <name>stringINV_DCDC_VS_Boost1_sensed_FILTER</name>
         <value>0xa89a</value>
         <object_component_ref idref="oc-27"/>
      </symbol>
      <symbol id="sm-280">
         <name>stringINV_DCDC_VS_Boost2_sensed_FILTER</name>
         <value>0xa89e</value>
         <object_component_ref idref="oc-27"/>
      </symbol>
      <symbol id="sm-281">
         <name>stringINV_Boost2_Duty_Ref_Slewed_fault</name>
         <value>0xa8d8</value>
         <object_component_ref idref="oc-27"/>
      </symbol>
      <symbol id="sm-282">
         <name>wrcI_15H</name>
         <value>0xaa8a</value>
         <object_component_ref idref="oc-6c"/>
      </symbol>
      <symbol id="sm-283">
         <name>kpI_1H</name>
         <value>0xaa56</value>
         <object_component_ref idref="oc-6c"/>
      </symbol>
      <symbol id="sm-284">
         <name>TEMP_S4_FILTER_fault</name>
         <value>0xa8f2</value>
         <object_component_ref idref="oc-27"/>
      </symbol>
      <symbol id="sm-285">
         <name>kiI_5H</name>
         <value>0xaa5c</value>
         <object_component_ref idref="oc-6c"/>
      </symbol>
      <symbol id="sm-286">
         <name>TEMP_Boost2_FILTER_fault</name>
         <value>0xa8e2</value>
         <object_component_ref idref="oc-27"/>
      </symbol>
      <symbol id="sm-287">
         <name>Batt1_Duty_Cycle_fault</name>
         <value>0xa8da</value>
         <object_component_ref idref="oc-27"/>
      </symbol>
      <symbol id="sm-288">
         <name>TEMP_Batt_L2_Buff_Duty</name>
         <value>0xa820</value>
         <object_component_ref idref="oc-27"/>
      </symbol>
      <symbol id="sm-289">
         <name>myECAP1_init</name>
         <value>0x823ba</value>
         <object_component_ref idref="oc-c9"/>
      </symbol>
      <symbol id="sm-28a">
         <name>__TI_decompress_lzss</name>
         <value>0x82b3b</value>
         <object_component_ref idref="oc-15"/>
      </symbol>
      <symbol id="sm-28b">
         <name>myECAP0_init</name>
         <value>0x82446</value>
         <object_component_ref idref="oc-c3"/>
      </symbol>
      <symbol id="sm-28c">
         <name>TEMP_Batt_L1_Buff_Duty</name>
         <value>0xa81c</value>
         <object_component_ref idref="oc-27"/>
      </symbol>
      <symbol id="sm-28d">
         <name>stringINV_DCDC_VS_Batt_fault</name>
         <value>0xa8be</value>
         <object_component_ref idref="oc-27"/>
      </symbol>
      <symbol id="sm-28e">
         <name>stringINV_ACDC_iAC_loop_out_PI</name>
         <value>0xa93a</value>
         <object_component_ref idref="oc-27"/>
      </symbol>
      <symbol id="sm-28f">
         <name>wrcI_17H</name>
         <value>0xaa8c</value>
         <object_component_ref idref="oc-6c"/>
      </symbol>
      <symbol id="sm-290">
         <name>stringINV_ACDC_vDC_fault</name>
         <value>0xa8ce</value>
         <object_component_ref idref="oc-27"/>
      </symbol>
      <symbol id="sm-291">
         <name>stringINV_ACDC_vAC_fault</name>
         <value>0xa8ca</value>
         <object_component_ref idref="oc-27"/>
      </symbol>
      <symbol id="sm-292">
         <name>Batt1_Duty_Cycle</name>
         <value>0xa812</value>
         <object_component_ref idref="oc-27"/>
      </symbol>
      <symbol id="sm-293">
         <name>TEMP_S6_FILTER</name>
         <value>0xa85e</value>
         <object_component_ref idref="oc-27"/>
      </symbol>
      <symbol id="sm-294">
         <name>stringINV_DCDC_b2_voltage_ref</name>
         <value>0xa8a4</value>
         <object_component_ref idref="oc-27"/>
      </symbol>
      <symbol id="sm-295">
         <name>kiI_7H</name>
         <value>0xaa5e</value>
         <object_component_ref idref="oc-6c"/>
      </symbol>
      <symbol id="sm-296">
         <name>TEMP_S3_FILTER</name>
         <value>0xa858</value>
         <object_component_ref idref="oc-27"/>
      </symbol>
      <symbol id="sm-297">
         <name>computeDF22_NotchFltrCoeff</name>
         <value>0x82656</value>
         <object_component_ref idref="oc-2c2"/>
      </symbol>
      <symbol id="sm-298">
         <name>stringINV_ACDC_vAC_RMS_fault</name>
         <value>0xa8cc</value>
         <object_component_ref idref="oc-27"/>
      </symbol>
      <symbol id="sm-299">
         <name>stringINV_ACDC_iAC_REF_sensed_pu</name>
         <value>0xa864</value>
         <object_component_ref idref="oc-27"/>
      </symbol>
      <symbol id="sm-29a">
         <name>stringINV_DCDC_VS_Batt_sensed</name>
         <value>0xa892</value>
         <object_component_ref idref="oc-27"/>
      </symbol>
      <symbol id="sm-29b">
         <name>stringINV_PeripheralInit</name>
         <value>0x81b66</value>
         <object_component_ref idref="oc-251"/>
      </symbol>
      <symbol id="sm-29c">
         <name>CMD_init</name>
         <value>0x82f0e</value>
         <object_component_ref idref="oc-27a"/>
      </symbol>
      <symbol id="sm-29d">
         <name>stringINV_DCDC_VBoost2_loop_err</name>
         <value>0xa916</value>
         <object_component_ref idref="oc-27"/>
      </symbol>
      <symbol id="sm-29e">
         <name>TEMP_Batt_L1_FILTER</name>
         <value>0xa836</value>
         <object_component_ref idref="oc-27"/>
      </symbol>
      <symbol id="sm-29f">
         <name>stringINV_GaN_Temp_Counter</name>
         <value>0xa82e</value>
         <object_component_ref idref="oc-27"/>
      </symbol>
      <symbol id="sm-2a0">
         <name>stringINV_ACDC_rgen</name>
         <value>0xa950</value>
         <object_component_ref idref="oc-27"/>
      </symbol>
      <symbol id="sm-2a1">
         <name>stringINV_ACDC_vAC_sensed</name>
         <value>0xa870</value>
         <object_component_ref idref="oc-27"/>
      </symbol>
      <symbol id="sm-2a2">
         <name>TEMP_S3_FILTER_fault</name>
         <value>0xa8f0</value>
         <object_component_ref idref="oc-27"/>
      </symbol>
      <symbol id="sm-2a3">
         <name>stringINV_DCDC_IDC_Ref_Slewed</name>
         <value>0xa926</value>
         <object_component_ref idref="oc-27"/>
      </symbol>
      <symbol id="sm-2a4">
         <name>stringINV_Boost1_Duty_Ref_Slewed_fault</name>
         <value>0xa8d6</value>
         <object_component_ref idref="oc-27"/>
      </symbol>
      <symbol id="sm-2a5">
         <name>TEMP_Boost2_Buff_Duty</name>
         <value>0xa818</value>
         <object_component_ref idref="oc-27"/>
      </symbol>
      <symbol id="sm-2a6">
         <name>stringINV_updateDuty</name>
         <value>0xa801</value>
         <object_component_ref idref="oc-27"/>
      </symbol>
      <symbol id="sm-2a7">
         <name>stringINV_IDCAC_Ref_Slewed</name>
         <value>0xa932</value>
         <object_component_ref idref="oc-27"/>
      </symbol>
      <symbol id="sm-2a8">
         <name>stringINV_ACDC_vAC_sensed_FILTER</name>
         <value>0xa8ae</value>
         <object_component_ref idref="oc-27"/>
      </symbol>
      <symbol id="sm-2a9">
         <name>TEMP_Boost1_FILTER</name>
         <value>0xa830</value>
         <object_component_ref idref="oc-27"/>
      </symbol>
      <symbol id="sm-2aa">
         <name>__TI_decompress_none</name>
         <value>0x82ee0</value>
         <object_component_ref idref="oc-1b"/>
      </symbol>
      <symbol id="sm-2ab">
         <name>_system_pre_init</name>
         <value>0x82f0b</value>
         <object_component_ref idref="oc-184"/>
      </symbol>
      <symbol id="sm-2ac">
         <name>stringINV_DCDC_CS_Batt_Ref_Slewed</name>
         <value>0xa908</value>
         <object_component_ref idref="oc-27"/>
      </symbol>
      <symbol id="sm-2ad">
         <name>stringINV_clearPWMTripBoost</name>
         <value>0xa802</value>
         <object_component_ref idref="oc-27"/>
      </symbol>
      <symbol id="sm-2ae">
         <name>stringINV_ACDC_vINV_sensed_pu</name>
         <value>0xa868</value>
         <object_component_ref idref="oc-27"/>
      </symbol>
      <symbol id="sm-2af">
         <name>TEMP_Boost1_Buff_Duty</name>
         <value>0xa816</value>
         <object_component_ref idref="oc-27"/>
      </symbol>
      <symbol id="sm-2b0">
         <name>stringINV_ACDC_iAC_imag_Ref_slewed</name>
         <value>0xa902</value>
         <object_component_ref idref="oc-27"/>
      </symbol>
      <symbol id="sm-2b1">
         <name>__TI_zero_init</name>
         <value>0x82f02</value>
         <object_component_ref idref="oc-5e"/>
      </symbol>
      <symbol id="sm-2db">
         <name>Device_enableAllPeripherals</name>
         <value>0x81e39</value>
         <object_component_ref idref="oc-292"/>
      </symbol>
      <symbol id="sm-2dc">
         <name>Device_initGPIO</name>
         <value>0x82dd0</value>
         <object_component_ref idref="oc-22d"/>
      </symbol>
      <symbol id="sm-2dd">
         <name>Device_init</name>
         <value>0x81f18</value>
         <object_component_ref idref="oc-227"/>
      </symbol>
      <symbol id="sm-2de">
         <name>__error__</name>
         <value>0x82f08</value>
         <object_component_ref idref="oc-1b1"/>
      </symbol>
      <symbol id="sm-2ed">
         <name>code_start</name>
         <value>0x80000</value>
         <object_component_ref idref="oc-22"/>
      </symbol>
      <symbol id="sm-367">
         <name>B_Task_Ptr</name>
         <value>0xaa06</value>
         <object_component_ref idref="oc-25d"/>
      </symbol>
      <symbol id="sm-368">
         <name>INT_ADC_A_1_ISR</name>
         <value>0x8000</value>
         <object_component_ref idref="oc-2a"/>
      </symbol>
      <symbol id="sm-369">
         <name>stringINV_Converter_Stop</name>
         <value>0x82c6b</value>
         <object_component_ref idref="oc-fd"/>
      </symbol>
      <symbol id="sm-36a">
         <name>A_Task_Ptr</name>
         <value>0xaa04</value>
         <object_component_ref idref="oc-25d"/>
      </symbol>
      <symbol id="sm-36b">
         <name>Alpha_State_Ptr</name>
         <value>0xaa02</value>
         <object_component_ref idref="oc-25d"/>
      </symbol>
      <symbol id="sm-36c">
         <name>stringINV_DCAC_Modulation</name>
         <value>0x828ae</value>
         <object_component_ref idref="oc-78"/>
      </symbol>
      <symbol id="sm-36d">
         <name>main</name>
         <value>0x82a34</value>
         <object_component_ref idref="oc-1ee"/>
      </symbol>
      <symbol id="sm-36e">
         <name>B3</name>
         <value>0x82efc</value>
         <object_component_ref idref="oc-30b"/>
      </symbol>
      <symbol id="sm-36f">
         <name>B2</name>
         <value>0x82ef6</value>
         <object_component_ref idref="oc-2b4"/>
      </symbol>
      <symbol id="sm-370">
         <name>B1</name>
         <value>0x82ef0</value>
         <object_component_ref idref="oc-23f"/>
      </symbol>
      <symbol id="sm-371">
         <name>B0</name>
         <value>0x82eb1</value>
         <object_component_ref idref="oc-2a6"/>
      </symbol>
      <symbol id="sm-372">
         <name>stringINV_Fault_Read</name>
         <value>0x81730</value>
         <object_component_ref idref="oc-72"/>
      </symbol>
      <symbol id="sm-373">
         <name>A1</name>
         <value>0x82ed8</value>
         <object_component_ref idref="oc-239"/>
      </symbol>
      <symbol id="sm-374">
         <name>A0</name>
         <value>0x82e9d</value>
         <object_component_ref idref="oc-233"/>
      </symbol>
      <symbol id="sm-388">
         <name>ADC_setVREF</name>
         <value>0x82a6b</value>
         <object_component_ref idref="oc-130"/>
      </symbol>
      <symbol id="sm-395">
         <name>ASysCtl_setAnalogReferenceInternal</name>
         <value>0x82ea7</value>
         <object_component_ref idref="oc-8d"/>
      </symbol>
      <symbol id="sm-3c6">
         <name>CMPSS_configRampLow</name>
         <value>0x82c43</value>
         <object_component_ref idref="oc-14c"/>
      </symbol>
      <symbol id="sm-3c7">
         <name>CMPSS_configFilterHigh</name>
         <value>0x82d7c</value>
         <object_component_ref idref="oc-13a"/>
      </symbol>
      <symbol id="sm-3c8">
         <name>CMPSS_configRampHigh</name>
         <value>0x82c90</value>
         <object_component_ref idref="oc-146"/>
      </symbol>
      <symbol id="sm-3c9">
         <name>CMPSS_configFilterLow</name>
         <value>0x82d98</value>
         <object_component_ref idref="oc-140"/>
      </symbol>
      <symbol id="sm-3ca">
         <name>CMPSS_configLatchOnPWMSYNC</name>
         <value>0x82dff</value>
         <object_component_ref idref="oc-152"/>
      </symbol>
      <symbol id="sm-3d8">
         <name>ECAP_setEmulationMode</name>
         <value>0x82e78</value>
         <object_component_ref idref="oc-15c"/>
      </symbol>
      <symbol id="sm-3e5">
         <name>EPWM_setEmulationMode</name>
         <value>0x82ecf</value>
         <object_component_ref idref="oc-164"/>
      </symbol>
      <symbol id="sm-42b">
         <name>GPIO_setQualificationMode</name>
         <value>0x82cd6</value>
         <object_component_ref idref="oc-11a"/>
      </symbol>
      <symbol id="sm-42c">
         <name>GPIO_setPadConfig</name>
         <value>0x82980</value>
         <object_component_ref idref="oc-114"/>
      </symbol>
      <symbol id="sm-42d">
         <name>GPIO_setAnalogMode</name>
         <value>0x81fd9</value>
         <object_component_ref idref="oc-10e"/>
      </symbol>
      <symbol id="sm-42e">
         <name>GPIO_setDirectionMode</name>
         <value>0x82d5c</value>
         <object_component_ref idref="oc-173"/>
      </symbol>
      <symbol id="sm-42f">
         <name>GPIO_setPinConfig</name>
         <value>0x82b0b</value>
         <object_component_ref idref="oc-108"/>
      </symbol>
      <symbol id="sm-430">
         <name>GPIO_setControllerCore</name>
         <value>0x82cb4</value>
         <object_component_ref idref="oc-179"/>
      </symbol>
      <symbol id="sm-467">
         <name>Interrupt_defaultHandler</name>
         <value>0x82e85</value>
         <object_component_ref idref="oc-48"/>
      </symbol>
      <symbol id="sm-468">
         <name>Interrupt_initModule</name>
         <value>0x8293f</value>
         <object_component_ref idref="oc-245"/>
      </symbol>
      <symbol id="sm-469">
         <name>Interrupt_nmiHandler</name>
         <value>0x82ec5</value>
         <object_component_ref idref="oc-36"/>
      </symbol>
      <symbol id="sm-46a">
         <name>Interrupt_enable</name>
         <value>0x82aa1</value>
         <object_component_ref idref="oc-e1"/>
      </symbol>
      <symbol id="sm-46b">
         <name>Interrupt_initVectorTable</name>
         <value>0x82e29</value>
         <object_component_ref idref="oc-37"/>
      </symbol>
      <symbol id="sm-46c">
         <name>Interrupt_illegalOperationHandler</name>
         <value>0x82ebb</value>
         <object_component_ref idref="oc-42"/>
      </symbol>
      <symbol id="sm-486">
         <name>PGA_setOffsetTrimNMOS</name>
         <value>0x82cf8</value>
         <object_component_ref idref="oc-298"/>
      </symbol>
      <symbol id="sm-487">
         <name>PGA_setOffsetTrimPMOS</name>
         <value>0x82d1a</value>
         <object_component_ref idref="oc-29e"/>
      </symbol>
      <symbol id="sm-505">
         <name>SysCtl_isPLLValid</name>
         <value>0x81c69</value>
         <object_component_ref idref="oc-2f6"/>
      </symbol>
      <symbol id="sm-506">
         <name>SysCtl_delay</name>
         <value>0x8537</value>
         <object_component_ref idref="oc-8c"/>
      </symbol>
      <symbol id="sm-507">
         <name>SysCtl_selectXTALSingleEnded</name>
         <value>0x82d3b</value>
         <object_component_ref idref="oc-32b"/>
      </symbol>
      <symbol id="sm-508">
         <name>SysCtl_selectXTAL</name>
         <value>0x828fa</value>
         <object_component_ref idref="oc-331"/>
      </symbol>
      <symbol id="sm-509">
         <name>SysCtl_selectOscSource</name>
         <value>0x82b9b</value>
         <object_component_ref idref="oc-2f0"/>
      </symbol>
      <symbol id="sm-50a">
         <name>SysCtl_getLowSpeedClock</name>
         <value>0x82e3e</value>
         <object_component_ref idref="oc-28c"/>
      </symbol>
      <symbol id="sm-50b">
         <name>SysCtl_setClock</name>
         <value>0x81a49</value>
         <object_component_ref idref="oc-280"/>
      </symbol>
      <symbol id="sm-50c">
         <name>SysCtl_getClock</name>
         <value>0x82855</value>
         <object_component_ref idref="oc-286"/>
      </symbol>
      <symbol id="sm-50d">
         <name>SysCtl_configureType</name>
         <value>0x82e53</value>
         <object_component_ref idref="oc-121"/>
      </symbol>
      <symbol id="sm-51a">
         <name>XBAR_setEPWMMuxConfig</name>
         <value>0x82bc6</value>
         <object_component_ref idref="oc-d5"/>
      </symbol>
      <symbol id="sm-524">
         <name>_c_int00</name>
         <value>0x82de8</value>
         <object_component_ref idref="oc-f3"/>
      </symbol>
      <symbol id="sm-525">
         <name>__stack</name>
         <value>0x400</value>
         <object_component_ref idref="oc-4e"/>
      </symbol>
      <symbol id="sm-532">
         <name>__c28xabi_divf</name>
         <value>0x824d1</value>
         <object_component_ref idref="oc-338"/>
      </symbol>
      <symbol id="sm-543">
         <name>__TI_auto_init_nopinit</name>
         <value>0x82ad7</value>
         <object_component_ref idref="oc-1ca"/>
      </symbol>
      <symbol id="sm-559">
         <name>C$$EXIT</name>
         <value>0x82c1a</value>
         <object_component_ref idref="oc-191"/>
      </symbol>
      <symbol id="sm-55a">
         <name>abort</name>
         <value>0x82c1a</value>
         <object_component_ref idref="oc-191"/>
      </symbol>
      <symbol id="sm-55b">
         <name>exit</name>
         <value>0x82c1c</value>
         <object_component_ref idref="oc-191"/>
      </symbol>
      <symbol id="sm-55c">
         <name>__TI_dtors_ptr</name>
         <value>0xb330</value>
         <object_component_ref idref="oc-1f6"/>
      </symbol>
      <symbol id="sm-55d">
         <name>__TI_cleanup_ptr</name>
         <value>0xb32e</value>
         <object_component_ref idref="oc-1f6"/>
      </symbol>
      <symbol id="sm-55e">
         <name>__TI_enable_exit_profile_output</name>
         <value>0xb32c</value>
         <object_component_ref idref="oc-1f6"/>
      </symbol>
      <symbol id="sm-56d">
         <name>_args_main</name>
         <value>0x82e91</value>
         <object_component_ref idref="oc-18b"/>
      </symbol>
      <symbol id="sm-57a">
         <name>_system_post_cinit</name>
         <value>0x82f10</value>
         <object_component_ref idref="oc-212"/>
      </symbol>
      <symbol id="sm-57c">
         <name>__c_args__</name>
         <value>0x0</value>
      </symbol>
   </symbol_table>
   <title>Link successful</title>
</link_info>
