<?xml version="1.0" encoding="ISO-8859-1" ?>
<link_info>
   <banner>TMS320C2000 Linker PC v22.6.1.LTS</banner>
   <copyright>Copyright (c) 1996-2018 Texas Instruments Incorporated</copyright>
   <link_time>0x684fbe36</link_time>
   <link_errors>0x0</link_errors>
   <output_file>use.main.out</output_file>
   <entry_point>
      <name>code_start</name>
      <address>0x80000</address>
   </entry_point>
   <input_file_list>
      <input_file id="fl-2">
         <path>.\syscfg\</path>
         <kind>object</kind>
         <file>board.obj</file>
         <name>board.obj</name>
      </input_file>
      <input_file id="fl-3">
         <path>.\syscfg\</path>
         <kind>object</kind>
         <file>c2000ware_libraries.obj</file>
         <name>c2000ware_libraries.obj</name>
      </input_file>
      <input_file id="fl-4">
         <path>.\</path>
         <kind>object</kind>
         <file>controler_CL.obj</file>
         <name>controler_CL.obj</name>
      </input_file>
      <input_file id="fl-5">
         <path>.\</path>
         <kind>object</kind>
         <file>inv_hr_main.obj</file>
         <name>inv_hr_main.obj</name>
      </input_file>
      <input_file id="fl-6">
         <path>.\device\</path>
         <kind>object</kind>
         <file>device.obj</file>
         <name>device.obj</name>
      </input_file>
      <input_file id="fl-7">
         <path>.\device\</path>
         <kind>object</kind>
         <file>f28p65x_codestartbranch.obj</file>
         <name>f28p65x_codestartbranch.obj</name>
      </input_file>
      <input_file id="fl-8">
         <path>.\libraries\DCL\</path>
         <kind>object</kind>
         <file>DCL_DF22_C1.obj</file>
         <name>DCL_DF22_C1.obj</name>
      </input_file>
      <input_file id="fl-9">
         <path>.\libraries\sfra\</path>
         <kind>object</kind>
         <file>sfra_gui_scicomms_driverlib.obj</file>
         <name>sfra_gui_scicomms_driverlib.obj</name>
      </input_file>
      <input_file id="fl-13">
         <kind>object</kind>
         <file>&lt;internal&gt;</file>
         <name>&lt;internal&gt;</name>
      </input_file>
      <input_file id="fl-14">
         <path>C:\ti\C2000Ware_5_04_00_00\driverlib\f28p65x\driverlib\ccs\Debug\</path>
         <kind>archive</kind>
         <file>driverlib.lib</file>
         <name>adc.obj</name>
      </input_file>
      <input_file id="fl-15">
         <path>C:\ti\C2000Ware_5_04_00_00\driverlib\f28p65x\driverlib\ccs\Debug\</path>
         <kind>archive</kind>
         <file>driverlib.lib</file>
         <name>dcc.obj</name>
      </input_file>
      <input_file id="fl-16">
         <path>C:\ti\C2000Ware_5_04_00_00\driverlib\f28p65x\driverlib\ccs\Debug\</path>
         <kind>archive</kind>
         <file>driverlib.lib</file>
         <name>flash.obj</name>
      </input_file>
      <input_file id="fl-17">
         <path>C:\ti\C2000Ware_5_04_00_00\driverlib\f28p65x\driverlib\ccs\Debug\</path>
         <kind>archive</kind>
         <file>driverlib.lib</file>
         <name>gpio.obj</name>
      </input_file>
      <input_file id="fl-18">
         <path>C:\ti\C2000Ware_5_04_00_00\driverlib\f28p65x\driverlib\ccs\Debug\</path>
         <kind>archive</kind>
         <file>driverlib.lib</file>
         <name>interrupt.obj</name>
      </input_file>
      <input_file id="fl-19">
         <path>C:\ti\C2000Ware_5_04_00_00\driverlib\f28p65x\driverlib\ccs\Debug\</path>
         <kind>archive</kind>
         <file>driverlib.lib</file>
         <name>ipc.obj</name>
      </input_file>
      <input_file id="fl-1a">
         <path>C:\ti\C2000Ware_5_04_00_00\driverlib\f28p65x\driverlib\ccs\Debug\</path>
         <kind>archive</kind>
         <file>driverlib.lib</file>
         <name>sci.obj</name>
      </input_file>
      <input_file id="fl-1b">
         <path>C:\ti\C2000Ware_5_04_00_00\driverlib\f28p65x\driverlib\ccs\Debug\</path>
         <kind>archive</kind>
         <file>driverlib.lib</file>
         <name>sysctl.obj</name>
      </input_file>
      <input_file id="fl-1c">
         <path>..\libraries\FPUfastRTS\</path>
         <kind>archive</kind>
         <file>rts2800_fpu32_fast_supplement_eabi.lib</file>
         <name>cos_f32.obj</name>
      </input_file>
      <input_file id="fl-1d">
         <path>..\libraries\FPUfastRTS\</path>
         <kind>archive</kind>
         <file>rts2800_fpu32_fast_supplement_eabi.lib</file>
         <name>div_f32.obj</name>
      </input_file>
      <input_file id="fl-1e">
         <path>..\libraries\FPUfastRTS\</path>
         <kind>archive</kind>
         <file>rts2800_fpu32_fast_supplement_eabi.lib</file>
         <name>sin_f32.obj</name>
      </input_file>
      <input_file id="fl-1f">
         <path>..\libraries\FPUfastRTS\</path>
         <kind>archive</kind>
         <file>rts2800_fpu32_fast_supplement_eabi.lib</file>
         <name>sqrt_f32.obj</name>
      </input_file>
      <input_file id="fl-20">
         <path>..\libraries\FPUfastRTS\</path>
         <kind>archive</kind>
         <file>rts2800_fpu32_fast_supplement_eabi.lib</file>
         <name>FPUmathTables.obj</name>
      </input_file>
      <input_file id="fl-2c">
         <path>C:\ti\ccs2011\ccs\tools\compiler\ti-cgt-c2000_22.6.1.LTS\lib\</path>
         <kind>archive</kind>
         <file>rts2800_fpu64_eabi.lib</file>
         <name>boot28.asm.obj</name>
      </input_file>
      <input_file id="fl-2d">
         <path>C:\ti\ccs2011\ccs\tools\compiler\ti-cgt-c2000_22.6.1.LTS\lib\</path>
         <kind>archive</kind>
         <file>rts2800_fpu64_eabi.lib</file>
         <name>ll_cmp28.asm.obj</name>
      </input_file>
      <input_file id="fl-2e">
         <path>C:\ti\ccs2011\ccs\tools\compiler\ti-cgt-c2000_22.6.1.LTS\lib\</path>
         <kind>archive</kind>
         <file>rts2800_fpu64_eabi.lib</file>
         <name>memcpy.c.obj</name>
      </input_file>
      <input_file id="fl-2f">
         <path>C:\ti\ccs2011\ccs\tools\compiler\ti-cgt-c2000_22.6.1.LTS\lib\</path>
         <kind>archive</kind>
         <file>rts2800_fpu64_eabi.lib</file>
         <name>pre_init.c.obj</name>
      </input_file>
      <input_file id="fl-30">
         <path>C:\ti\ccs2011\ccs\tools\compiler\ti-cgt-c2000_22.6.1.LTS\lib\</path>
         <kind>archive</kind>
         <file>rts2800_fpu64_eabi.lib</file>
         <name>autoinit.c.obj</name>
      </input_file>
      <input_file id="fl-31">
         <path>C:\ti\ccs2011\ccs\tools\compiler\ti-cgt-c2000_22.6.1.LTS\lib\</path>
         <kind>archive</kind>
         <file>rts2800_fpu64_eabi.lib</file>
         <name>copy_zero_init.c.obj</name>
      </input_file>
      <input_file id="fl-32">
         <path>C:\ti\ccs2011\ccs\tools\compiler\ti-cgt-c2000_22.6.1.LTS\lib\</path>
         <kind>archive</kind>
         <file>rts2800_fpu64_eabi.lib</file>
         <name>copy_decompress_none.c.obj</name>
      </input_file>
      <input_file id="fl-33">
         <path>C:\ti\ccs2011\ccs\tools\compiler\ti-cgt-c2000_22.6.1.LTS\lib\</path>
         <kind>archive</kind>
         <file>rts2800_fpu64_eabi.lib</file>
         <name>copy_decompress_lzss.c.obj</name>
      </input_file>
      <input_file id="fl-34">
         <path>C:\ti\ccs2011\ccs\tools\compiler\ti-cgt-c2000_22.6.1.LTS\lib\</path>
         <kind>archive</kind>
         <file>rts2800_fpu64_eabi.lib</file>
         <name>exit.c.obj</name>
      </input_file>
      <input_file id="fl-35">
         <path>C:\ti\ccs2011\ccs\tools\compiler\ti-cgt-c2000_22.6.1.LTS\lib\</path>
         <kind>archive</kind>
         <file>rts2800_fpu64_eabi.lib</file>
         <name>_lock.c.obj</name>
      </input_file>
      <input_file id="fl-36">
         <path>C:\ti\ccs2011\ccs\tools\compiler\ti-cgt-c2000_22.6.1.LTS\lib\</path>
         <kind>archive</kind>
         <file>rts2800_fpu64_eabi.lib</file>
         <name>args_main.c.obj</name>
      </input_file>
      <input_file id="fl-37">
         <path>C:\ti\ccs2011\ccs\tools\compiler\ti-cgt-c2000_22.6.1.LTS\lib\</path>
         <kind>archive</kind>
         <file>rts2800_fpu64_eabi.lib</file>
         <name>memset.c.obj</name>
      </input_file>
      <input_file id="fl-38">
         <path>C:\ti\ccs2011\ccs\tools\compiler\ti-cgt-c2000_22.6.1.LTS\lib\</path>
         <kind>archive</kind>
         <file>rts2800_fpu64_eabi.lib</file>
         <name>cpy_tbl.c.obj</name>
      </input_file>
      <input_file id="fl-39">
         <path>C:\ti\ccs2011\ccs\tools\compiler\ti-cgt-c2000_22.6.1.LTS\lib\</path>
         <kind>archive</kind>
         <file>rts2800_fpu64_eabi.lib</file>
         <name>startup.c.obj</name>
      </input_file>
   </input_file_list>
   <object_component_list>
      <object_component id="oc-22">
         <name>codestart</name>
         <load_address>0x80000</load_address>
         <run_address>0x80000</run_address>
         <size>0x2</size>
         <input_file_ref idref="fl-7"/>
      </object_component>
      <object_component id="oc-9e">
         <name>.text:POWER_MEAS_SINE_ANALYZER_run</name>
         <load_address>0x805e8</load_address>
         <run_address>0x805e8</run_address>
         <size>0x296</size>
         <input_file_ref idref="fl-5"/>
      </object_component>
      <object_component id="oc-27b">
         <name>.text:EPWM_init</name>
         <load_address>0x8087e</load_address>
         <run_address>0x8087e</run_address>
         <size>0x1c1</size>
         <input_file_ref idref="fl-2"/>
      </object_component>
      <object_component id="oc-24c">
         <name>.text:Device_enableAllPeripherals</name>
         <load_address>0x80a3f</load_address>
         <run_address>0x80a3f</run_address>
         <size>0x1a0</size>
         <input_file_ref idref="fl-6"/>
      </object_component>
      <object_component id="oc-239">
         <name>.text:SysCtl_setClock</name>
         <load_address>0x80bdf</load_address>
         <run_address>0x80bdf</run_address>
         <size>0x126</size>
         <input_file_ref idref="fl-1b"/>
      </object_component>
      <object_component id="oc-30c">
         <name>.text:SysCtl_isPLLValid</name>
         <load_address>0x80d05</load_address>
         <run_address>0x80d05</run_address>
         <size>0x120</size>
         <input_file_ref idref="fl-1b"/>
      </object_component>
      <object_component id="oc-299">
         <name>.text:POWER_MEAS_SINE_ANALYZER_reset</name>
         <load_address>0x80e25</load_address>
         <run_address>0x80e25</run_address>
         <size>0xb4</size>
         <input_file_ref idref="fl-4"/>
      </object_component>
      <object_component id="oc-2b1">
         <name>.text:SPLL_1PH_SOGI_coeff_calc</name>
         <load_address>0x80ed9</load_address>
         <run_address>0x80ed9</run_address>
         <size>0xb1</size>
         <input_file_ref idref="fl-4"/>
      </object_component>
      <object_component id="oc-86">
         <name>.text:INV_readCurrentAndVoltageSignals</name>
         <load_address>0x80f8a</load_address>
         <run_address>0x80f8a</run_address>
         <size>0x98</size>
         <input_file_ref idref="fl-4"/>
      </object_component>
      <object_component id="oc-2a5">
         <name>.text:SPLL_1PH_SOGI_reset</name>
         <load_address>0x81022</load_address>
         <run_address>0x81022</run_address>
         <size>0x80</size>
         <input_file_ref idref="fl-4"/>
      </object_component>
      <object_component id="oc-3df">
         <name>.text:EPWM_setADCTriggerSource</name>
         <load_address>0x810a2</load_address>
         <run_address>0x810a2</run_address>
         <size>0x75</size>
         <input_file_ref idref="fl-2"/>
      </object_component>
      <object_component id="oc-457">
         <name>.text:DCC_setCounterSeeds</name>
         <load_address>0x81117</load_address>
         <run_address>0x81117</run_address>
         <size>0x73</size>
         <input_file_ref idref="fl-1b"/>
      </object_component>
      <object_component id="oc-20c">
         <name>.text:INV_globalVariablesInit</name>
         <load_address>0x8118a</load_address>
         <run_address>0x8118a</run_address>
         <size>0x73</size>
         <input_file_ref idref="fl-4"/>
      </object_component>
      <object_component id="oc-327">
         <name>.text:GPIO_setAnalogMode</name>
         <load_address>0x811fd</load_address>
         <run_address>0x811fd</run_address>
         <size>0x71</size>
         <input_file_ref idref="fl-17"/>
      </object_component>
      <object_component id="oc-1ee">
         <name>.text:SysCtl_getClock</name>
         <load_address>0x8126e</load_address>
         <run_address>0x8126e</run_address>
         <size>0x65</size>
         <input_file_ref idref="fl-1b"/>
      </object_component>
      <object_component id="oc-537">
         <name>.text:ADC_setINLTrim</name>
         <load_address>0x812d3</load_address>
         <run_address>0x812d3</run_address>
         <size>0x64</size>
         <input_file_ref idref="fl-14"/>
      </object_component>
      <object_component id="oc-11c">
         <name>.text:INV_DCAC_Modulation</name>
         <load_address>0x81337</load_address>
         <run_address>0x81337</run_address>
         <size>0x63</size>
         <input_file_ref idref="fl-4"/>
      </object_component>
      <object_component id="oc-33">
         <name>.text:INT_myADC0_1_ISR</name>
         <load_address>0x8139a</load_address>
         <run_address>0x8139a</run_address>
         <size>0x61</size>
         <input_file_ref idref="fl-5"/>
      </object_component>
      <object_component id="oc-116">
         <name>.text:INV_RAMP_VAC</name>
         <load_address>0x813fb</load_address>
         <run_address>0x813fb</run_address>
         <size>0x57</size>
         <input_file_ref idref="fl-4"/>
      </object_component>
      <object_component id="oc-35a">
         <name>.text:myADC0_init</name>
         <load_address>0x81452</load_address>
         <run_address>0x81452</run_address>
         <size>0x55</size>
         <input_file_ref idref="fl-2"/>
      </object_component>
      <object_component id="oc-263">
         <name>.text:PinMux_init</name>
         <load_address>0x814a7</load_address>
         <run_address>0x814a7</run_address>
         <size>0x54</size>
         <input_file_ref idref="fl-2"/>
      </object_component>
      <object_component id="oc-4d9">
         <name>.text:EPWM_isBaseValid</name>
         <load_address>0x814fb</load_address>
         <run_address>0x814fb</run_address>
         <size>0x53</size>
         <input_file_ref idref="fl-2"/>
      </object_component>
      <object_component id="oc-1c9">
         <name>.text:EPWM_isBaseValid</name>
         <load_address>0x8154e</load_address>
         <run_address>0x8154e</run_address>
         <size>0x53</size>
         <input_file_ref idref="fl-4"/>
      </object_component>
      <object_component id="oc-32d">
         <name>.text:GPIO_setPadConfig</name>
         <load_address>0x815a1</load_address>
         <run_address>0x815a1</run_address>
         <size>0x52</size>
         <input_file_ref idref="fl-17"/>
      </object_component>
      <object_component id="oc-92">
         <name>.text:INV_runISR1_lab_DCAC_CL</name>
         <load_address>0x815f3</load_address>
         <run_address>0x815f3</run_address>
         <size>0x4f</size>
         <input_file_ref idref="fl-4"/>
      </object_component>
      <object_component id="oc-47d">
         <name>.text:ADC_setVREF</name>
         <load_address>0x81642</load_address>
         <run_address>0x81642</run_address>
         <size>0x49</size>
         <input_file_ref idref="fl-14"/>
      </object_component>
      <object_component id="oc-1e8">
         <name>.text:Device_init</name>
         <load_address>0x8168b</load_address>
         <run_address>0x8168b</run_address>
         <size>0x47</size>
         <input_file_ref idref="fl-6"/>
      </object_component>
      <object_component id="oc-300">
         <name>.text:SysCtl_selectOscSource</name>
         <load_address>0x816d2</load_address>
         <run_address>0x816d2</run_address>
         <size>0x47</size>
         <input_file_ref idref="fl-1b"/>
      </object_component>
      <object_component id="oc-4ad">
         <name>.text:ADC_setupSOC</name>
         <load_address>0x81719</load_address>
         <run_address>0x81719</run_address>
         <size>0x46</size>
         <input_file_ref idref="fl-2"/>
      </object_component>
      <object_component id="oc-419">
         <name>.text:SysCtl_selectXTAL</name>
         <load_address>0x8175f</load_address>
         <run_address>0x8175f</run_address>
         <size>0x46</size>
         <input_file_ref idref="fl-1b"/>
      </object_component>
      <object_component id="oc-504">
         <name>.text:SysCtl_pollX1Counter</name>
         <load_address>0x817a5</load_address>
         <run_address>0x817a5</run_address>
         <size>0x45</size>
         <input_file_ref idref="fl-1b"/>
      </object_component>
      <object_component id="oc-360">
         <name>.text:ADC_Current_init</name>
         <load_address>0x817ea</load_address>
         <run_address>0x817ea</run_address>
         <size>0x44</size>
         <input_file_ref idref="fl-2"/>
      </object_component>
      <object_component id="oc-39d">
         <name>.text:EPWM_setActionQualifierAction</name>
         <load_address>0x8182e</load_address>
         <run_address>0x8182e</run_address>
         <size>0x40</size>
         <input_file_ref idref="fl-2"/>
      </object_component>
      <object_component id="oc-397">
         <name>.text:EPWM_setCounterCompareShadowLoadMode</name>
         <load_address>0x8186e</load_address>
         <run_address>0x8186e</run_address>
         <size>0x3e</size>
         <input_file_ref idref="fl-2"/>
      </object_component>
      <object_component id="oc-1fa">
         <name>.text:Interrupt_initModule</name>
         <load_address>0x818ac</load_address>
         <run_address>0x818ac</run_address>
         <size>0x3d</size>
         <input_file_ref idref="fl-18"/>
      </object_component>
      <object_component id="oc-3e5">
         <name>.text:EPWM_setADCTriggerEventPrescale</name>
         <load_address>0x818e9</load_address>
         <run_address>0x818e9</run_address>
         <size>0x3a</size>
         <input_file_ref idref="fl-2"/>
      </object_component>
      <object_component id="oc-4fc">
         <name>.text:GPIO_setControllerCore</name>
         <load_address>0x81923</load_address>
         <run_address>0x81923</run_address>
         <size>0x37</size>
         <input_file_ref idref="fl-17"/>
      </object_component>
      <object_component id="oc-321">
         <name>.text:GPIO_setPinConfig</name>
         <load_address>0x8195a</load_address>
         <run_address>0x8195a</run_address>
         <size>0x37</size>
         <input_file_ref idref="fl-17"/>
      </object_component>
      <object_component id="oc-333">
         <name>.text:GPIO_setQualificationMode</name>
         <load_address>0x81991</load_address>
         <run_address>0x81991</run_address>
         <size>0x37</size>
         <input_file_ref idref="fl-17"/>
      </object_component>
      <object_component id="oc-c2">
         <name>.text:Interrupt_enable</name>
         <load_address>0x819c8</load_address>
         <run_address>0x819c8</run_address>
         <size>0x37</size>
         <input_file_ref idref="fl-18"/>
      </object_component>
      <object_component id="oc-29f">
         <name>.text:POWER_MEAS_SINE_ANALYZER_config</name>
         <load_address>0x819ff</load_address>
         <run_address>0x819ff</run_address>
         <size>0x36</size>
         <input_file_ref idref="fl-4"/>
      </object_component>
      <object_component id="oc-8c">
         <name>.text:INV_vACVoltageControl_Basic</name>
         <load_address>0x81a35</load_address>
         <run_address>0x81a35</run_address>
         <size>0x35</size>
         <input_file_ref idref="fl-4"/>
      </object_component>
      <object_component id="oc-4f6">
         <name>.text:GPIO_setDirectionMode</name>
         <load_address>0x81a6a</load_address>
         <run_address>0x81a6a</run_address>
         <size>0x31</size>
         <input_file_ref idref="fl-17"/>
      </object_component>
      <object_component id="oc-15">
         <name>.text:decompress:lzss</name>
         <load_address>0x81a9b</load_address>
         <run_address>0x81a9b</run_address>
         <size>0x30</size>
         <input_file_ref idref="fl-33"/>
      </object_component>
      <object_component id="oc-4b9">
         <name>.text:ADC_setInterruptSource</name>
         <load_address>0x81acb</load_address>
         <run_address>0x81acb</run_address>
         <size>0x2f</size>
         <input_file_ref idref="fl-2"/>
      </object_component>
      <object_component id="oc-4b3">
         <name>.text:ADC_setInterruptSOCTrigger</name>
         <load_address>0x81afa</load_address>
         <run_address>0x81afa</run_address>
         <size>0x2e</size>
         <input_file_ref idref="fl-2"/>
      </object_component>
      <object_component id="oc-3d3">
         <name>.text:EPWM_setDeadBandOutputSwapMode</name>
         <load_address>0x81b28</load_address>
         <run_address>0x81b28</run_address>
         <size>0x2e</size>
         <input_file_ref idref="fl-2"/>
      </object_component>
      <object_component id="oc-3a9">
         <name>.text:EPWM_setDeadBandDelayMode</name>
         <load_address>0x81b56</load_address>
         <run_address>0x81b56</run_address>
         <size>0x2c</size>
         <input_file_ref idref="fl-2"/>
      </object_component>
      <object_component id="oc-186">
         <name>.text:__TI_auto_init_nobinit_nopinit</name>
         <load_address>0x81b82</load_address>
         <run_address>0x81b82</run_address>
         <size>0x2b</size>
         <input_file_ref idref="fl-30"/>
      </object_component>
      <object_component id="oc-2ab">
         <name>.text:SPLL_1PH_SOGI_config</name>
         <load_address>0x81bad</load_address>
         <run_address>0x81bad</run_address>
         <size>0x29</size>
         <input_file_ref idref="fl-4"/>
      </object_component>
      <object_component id="oc-163">
         <name>.text</name>
         <load_address>0x81bd6</load_address>
         <run_address>0x81bd6</run_address>
         <size>0x29</size>
         <input_file_ref idref="fl-34"/>
      </object_component>
      <object_component id="oc-41f">
         <name>.text:SysCtl_selectXTALSingleEnded</name>
         <load_address>0x81bff</load_address>
         <run_address>0x81bff</run_address>
         <size>0x25</size>
         <input_file_ref idref="fl-1b"/>
      </object_component>
      <object_component id="oc-45d">
         <name>.text:DCC_enableSingleShotMode</name>
         <load_address>0x81c24</load_address>
         <run_address>0x81c24</run_address>
         <size>0x24</size>
         <input_file_ref idref="fl-1b"/>
      </object_component>
      <object_component id="oc-1f4">
         <name>.text:Device_initGPIO</name>
         <load_address>0x81c48</load_address>
         <run_address>0x81c48</run_address>
         <size>0x24</size>
         <input_file_ref idref="fl-6"/>
      </object_component>
      <object_component id="oc-3a3">
         <name>.text:EPWM_setDeadBandDelayPolarity</name>
         <load_address>0x81c6c</load_address>
         <run_address>0x81c6c</run_address>
         <size>0x24</size>
         <input_file_ref idref="fl-2"/>
      </object_component>
      <object_component id="oc-1b6">
         <name>.text:main</name>
         <load_address>0x81c90</load_address>
         <run_address>0x81c90</run_address>
         <size>0x24</size>
         <input_file_ref idref="fl-5"/>
      </object_component>
      <object_component id="oc-391">
         <name>.text:EPWM_setCounterCompareValue</name>
         <load_address>0x81cb4</load_address>
         <run_address>0x81cb4</run_address>
         <size>0x22</size>
         <input_file_ref idref="fl-2"/>
      </object_component>
      <object_component id="oc-176">
         <name>.text:EPWM_setCounterCompareValue</name>
         <load_address>0x81cd6</load_address>
         <run_address>0x81cd6</run_address>
         <size>0x22</size>
         <input_file_ref idref="fl-4"/>
      </object_component>
      <object_component id="oc-110">
         <name>.text:RAMPGEN_run</name>
         <load_address>0x81cf8</load_address>
         <run_address>0x81cf8</run_address>
         <size>0x21</size>
         <input_file_ref idref="fl-4"/>
      </object_component>
      <object_component id="oc-127">
         <name>.text</name>
         <load_address>0x81d19</load_address>
         <run_address>0x81d19</run_address>
         <size>0x21</size>
         <input_file_ref idref="fl-1f"/>
      </object_component>
      <object_component id="oc-4c5">
         <name>.text:ADC_enableContinuousMode</name>
         <load_address>0x81d3a</load_address>
         <run_address>0x81d3a</run_address>
         <size>0x20</size>
         <input_file_ref idref="fl-2"/>
      </object_component>
      <object_component id="oc-4cb">
         <name>.text:ADC_enableInterrupt</name>
         <load_address>0x81d5a</load_address>
         <run_address>0x81d5a</run_address>
         <size>0x20</size>
         <input_file_ref idref="fl-2"/>
      </object_component>
      <object_component id="oc-3c1">
         <name>.text:EPWM_setFallingEdgeDelayCountShadowLoadMode</name>
         <load_address>0x81d7a</load_address>
         <run_address>0x81d7a</run_address>
         <size>0x1f</size>
         <input_file_ref idref="fl-2"/>
      </object_component>
      <object_component id="oc-3af">
         <name>.text:EPWM_setRisingEdgeDelayCountShadowLoadMode</name>
         <load_address>0x81d99</load_address>
         <run_address>0x81d99</run_address>
         <size>0x1f</size>
         <input_file_ref idref="fl-2"/>
      </object_component>
      <object_component id="oc-2e5">
         <name>.text:Flash_writeTrims</name>
         <load_address>0x81db8</load_address>
         <run_address>0x81db8</run_address>
         <size>0x1f</size>
         <input_file_ref idref="fl-16"/>
      </object_component>
      <object_component id="oc-80">
         <name>.text:GPIO_togglePin</name>
         <load_address>0x81dd7</load_address>
         <run_address>0x81dd7</run_address>
         <size>0x1f</size>
         <input_file_ref idref="fl-5"/>
      </object_component>
      <object_component id="oc-44b">
         <name>.text:DCC_setCounter0ClkSource</name>
         <load_address>0x81df6</load_address>
         <run_address>0x81df6</run_address>
         <size>0x1e</size>
         <input_file_ref idref="fl-1b"/>
      </object_component>
      <object_component id="oc-451">
         <name>.text:DCC_setCounter1ClkSource</name>
         <load_address>0x81e14</load_address>
         <run_address>0x81e14</run_address>
         <size>0x1e</size>
         <input_file_ref idref="fl-1b"/>
      </object_component>
      <object_component id="oc-385">
         <name>.text:EPWM_setPhaseShift</name>
         <load_address>0x81e32</load_address>
         <run_address>0x81e32</run_address>
         <size>0x1e</size>
         <input_file_ref idref="fl-2"/>
      </object_component>
      <object_component id="oc-43">
         <name>.text:Interrupt_initVectorTable</name>
         <load_address>0x81e50</load_address>
         <run_address>0x81e50</run_address>
         <size>0x1e</size>
         <input_file_ref idref="fl-18"/>
      </object_component>
      <object_component id="oc-aa">
         <name>.text:ADC_getInterruptOverflowStatus</name>
         <load_address>0x81e6e</load_address>
         <run_address>0x81e6e</run_address>
         <size>0x1d</size>
         <input_file_ref idref="fl-5"/>
      </object_component>
      <object_component id="oc-489">
         <name>.text:ADC_setMode</name>
         <load_address>0x81e8b</load_address>
         <run_address>0x81e8b</run_address>
         <size>0x1d</size>
         <input_file_ref idref="fl-14"/>
      </object_component>
      <object_component id="oc-3cd">
         <name>.text:EPWM_setFallingEdgeDelayCount</name>
         <load_address>0x81ea8</load_address>
         <run_address>0x81ea8</run_address>
         <size>0x1d</size>
         <input_file_ref idref="fl-2"/>
      </object_component>
      <object_component id="oc-3bb">
         <name>.text:EPWM_setRisingEdgeDelayCount</name>
         <load_address>0x81ec5</load_address>
         <run_address>0x81ec5</run_address>
         <size>0x1d</size>
         <input_file_ref idref="fl-2"/>
      </object_component>
      <object_component id="oc-60">
         <name>.text</name>
         <load_address>0x81ee2</load_address>
         <run_address>0x81ee2</run_address>
         <size>0x1d</size>
         <input_file_ref idref="fl-2e"/>
      </object_component>
      <object_component id="oc-4a7">
         <name>.text:ADC_setSOCPriority</name>
         <load_address>0x81eff</load_address>
         <run_address>0x81eff</run_address>
         <size>0x1c</size>
         <input_file_ref idref="fl-2"/>
      </object_component>
      <object_component id="oc-3d9">
         <name>.text:EPWM_enableADCTrigger</name>
         <load_address>0x81f1b</load_address>
         <run_address>0x81f1b</run_address>
         <size>0x1c</size>
         <input_file_ref idref="fl-2"/>
      </object_component>
      <object_component id="oc-367">
         <name>.text:EPWM_setClockPrescaler</name>
         <load_address>0x81f37</load_address>
         <run_address>0x81f37</run_address>
         <size>0x1c</size>
         <input_file_ref idref="fl-2"/>
      </object_component>
      <object_component id="oc-103">
         <name>.text:ADC_readResult</name>
         <load_address>0x81f53</load_address>
         <run_address>0x81f53</run_address>
         <size>0x1a</size>
         <input_file_ref idref="fl-4"/>
      </object_component>
      <object_component id="oc-353">
         <name>.text:ASysCtl_setAnalogReference1P65</name>
         <load_address>0x81f6d</load_address>
         <run_address>0x81f6d</run_address>
         <size>0x1a</size>
         <input_file_ref idref="fl-2"/>
      </object_component>
      <object_component id="oc-513">
         <name>.text:DCC_isBaseValid</name>
         <load_address>0x81f87</load_address>
         <run_address>0x81f87</run_address>
         <size>0x1a</size>
         <input_file_ref idref="fl-1b"/>
      </object_component>
      <object_component id="oc-246">
         <name>.text:SysCtl_getLowSpeedClock</name>
         <load_address>0x81fa1</load_address>
         <run_address>0x81fa1</run_address>
         <size>0x1a</size>
         <input_file_ref idref="fl-1b"/>
      </object_component>
      <object_component id="oc-34d">
         <name>.text:ASysCtl_setAnalogReferenceInternal</name>
         <load_address>0x81fbb</load_address>
         <run_address>0x81fbb</run_address>
         <size>0x19</size>
         <input_file_ref idref="fl-2"/>
      </object_component>
      <object_component id="oc-306">
         <name>.text:SysCtl_setPLLSysClk</name>
         <load_address>0x81fd4</load_address>
         <run_address>0x81fd4</run_address>
         <size>0x19</size>
         <input_file_ref idref="fl-1b"/>
      </object_component>
      <object_component id="oc-109">
         <name>.text</name>
         <load_address>0x81fed</load_address>
         <run_address>0x81fed</run_address>
         <size>0x19</size>
         <input_file_ref idref="fl-1d"/>
      </object_component>
      <object_component id="oc-e3">
         <name>.text</name>
         <load_address>0x82006</load_address>
         <run_address>0x82006</run_address>
         <size>0x19</size>
         <input_file_ref idref="fl-2c"/>
      </object_component>
      <object_component id="oc-3c7">
         <name>.text:EPWM_disableFallingEdgeDelayCountShadowLoadMode</name>
         <load_address>0x8201f</load_address>
         <run_address>0x8201f</run_address>
         <size>0x18</size>
         <input_file_ref idref="fl-2"/>
      </object_component>
      <object_component id="oc-3b5">
         <name>.text:EPWM_disableRisingEdgeDelayCountShadowLoadMode</name>
         <load_address>0x82037</load_address>
         <run_address>0x82037</run_address>
         <size>0x18</size>
         <input_file_ref idref="fl-2"/>
      </object_component>
      <object_component id="oc-3eb">
         <name>.text:EPWM_enableADCTriggerEventCountInit</name>
         <load_address>0x8204f</load_address>
         <run_address>0x8204f</run_address>
         <size>0x18</size>
         <input_file_ref idref="fl-2"/>
      </object_component>
      <object_component id="oc-530">
         <name>.text:ADC_isBaseValid</name>
         <load_address>0x82067</load_address>
         <run_address>0x82067</run_address>
         <size>0x17</size>
         <input_file_ref idref="fl-2"/>
      </object_component>
      <object_component id="oc-527">
         <name>.text:ADC_isBaseValid</name>
         <load_address>0x8207e</load_address>
         <run_address>0x8207e</run_address>
         <size>0x17</size>
         <input_file_ref idref="fl-14"/>
      </object_component>
      <object_component id="oc-12d">
         <name>.text:ADC_isBaseValid</name>
         <load_address>0x82095</load_address>
         <run_address>0x82095</run_address>
         <size>0x17</size>
         <input_file_ref idref="fl-5"/>
      </object_component>
      <object_component id="oc-315">
         <name>.text:SysCtl_enablePeripheral</name>
         <load_address>0x820ac</load_address>
         <run_address>0x820ac</run_address>
         <size>0x17</size>
         <input_file_ref idref="fl-6"/>
      </object_component>
      <object_component id="oc-427">
         <name>.text:SysCtl_enablePeripheral</name>
         <load_address>0x820c3</load_address>
         <run_address>0x820c3</run_address>
         <size>0x17</size>
         <input_file_ref idref="fl-1b"/>
      </object_component>
      <object_component id="oc-55c">
         <name>.text:ADC_selectOffsetTrimMode</name>
         <load_address>0x820da</load_address>
         <run_address>0x820da</run_address>
         <size>0x16</size>
         <input_file_ref idref="fl-14"/>
      </object_component>
      <object_component id="oc-4d2">
         <name>.text:ADC_setInterruptCycleOffset</name>
         <load_address>0x820f0</load_address>
         <run_address>0x820f0</run_address>
         <size>0x16</size>
         <input_file_ref idref="fl-2"/>
      </object_component>
      <object_component id="oc-48f">
         <name>.text:ADC_setInterruptPulseMode</name>
         <load_address>0x82106</load_address>
         <run_address>0x82106</run_address>
         <size>0x16</size>
         <input_file_ref idref="fl-2"/>
      </object_component>
      <object_component id="oc-483">
         <name>.text:ADC_setPrescaler</name>
         <load_address>0x8211c</load_address>
         <run_address>0x8211c</run_address>
         <size>0x16</size>
         <input_file_ref idref="fl-2"/>
      </object_component>
      <object_component id="oc-445">
         <name>.text:DCC_disableDoneSignal</name>
         <load_address>0x82132</load_address>
         <run_address>0x82132</run_address>
         <size>0x16</size>
         <input_file_ref idref="fl-1b"/>
      </object_component>
      <object_component id="oc-38b">
         <name>.text:EPWM_setSyncInPulseSource</name>
         <load_address>0x82148</load_address>
         <run_address>0x82148</run_address>
         <size>0x16</size>
         <input_file_ref idref="fl-2"/>
      </object_component>
      <object_component id="oc-3f">
         <name>.text:Interrupt_defaultHandler</name>
         <load_address>0x8215e</load_address>
         <run_address>0x8215e</run_address>
         <size>0x16</size>
         <input_file_ref idref="fl-18"/>
      </object_component>
      <object_component id="oc-4a1">
         <name>.text:ADC_disableBurstMode</name>
         <load_address>0x82174</load_address>
         <run_address>0x82174</run_address>
         <size>0x15</size>
         <input_file_ref idref="fl-2"/>
      </object_component>
      <object_component id="oc-433">
         <name>.text:DCC_clearDoneFlag</name>
         <load_address>0x82189</load_address>
         <run_address>0x82189</run_address>
         <size>0x15</size>
         <input_file_ref idref="fl-1b"/>
      </object_component>
      <object_component id="oc-42d">
         <name>.text:DCC_clearErrorFlag</name>
         <load_address>0x8219e</load_address>
         <run_address>0x8219e</run_address>
         <size>0x15</size>
         <input_file_ref idref="fl-1b"/>
      </object_component>
      <object_component id="oc-43f">
         <name>.text:DCC_disableErrorSignal</name>
         <load_address>0x821b3</load_address>
         <run_address>0x821b3</run_address>
         <size>0x15</size>
         <input_file_ref idref="fl-1b"/>
      </object_component>
      <object_component id="oc-25b">
         <name>.text:GPIO_unlockPortConfig</name>
         <load_address>0x821c8</load_address>
         <run_address>0x821c8</run_address>
         <size>0x15</size>
         <input_file_ref idref="fl-6"/>
      </object_component>
      <object_component id="oc-b0">
         <name>.text:ADC_clearInterruptOverflowStatus</name>
         <load_address>0x821dd</load_address>
         <run_address>0x821dd</run_address>
         <size>0x14</size>
         <input_file_ref idref="fl-5"/>
      </object_component>
      <object_component id="oc-4bf">
         <name>.text:ADC_clearInterruptStatus</name>
         <load_address>0x821f1</load_address>
         <run_address>0x821f1</run_address>
         <size>0x14</size>
         <input_file_ref idref="fl-2"/>
      </object_component>
      <object_component id="oc-a4">
         <name>.text:ADC_clearInterruptStatus</name>
         <load_address>0x82205</load_address>
         <run_address>0x82205</run_address>
         <size>0x14</size>
         <input_file_ref idref="fl-5"/>
      </object_component>
      <object_component id="oc-439">
         <name>.text:DCC_disableModule</name>
         <load_address>0x82219</load_address>
         <run_address>0x82219</run_address>
         <size>0x14</size>
         <input_file_ref idref="fl-1b"/>
      </object_component>
      <object_component id="oc-463">
         <name>.text:DCC_enableModule</name>
         <load_address>0x8222d</load_address>
         <run_address>0x8222d</run_address>
         <size>0x14</size>
         <input_file_ref idref="fl-1b"/>
      </object_component>
      <object_component id="oc-379">
         <name>.text:EPWM_setTimeBaseCounterMode</name>
         <load_address>0x82241</load_address>
         <run_address>0x82241</run_address>
         <size>0x14</size>
         <input_file_ref idref="fl-2"/>
      </object_component>
      <object_component id="oc-36d">
         <name>.text:EPWM_setTimeBasePeriod</name>
         <load_address>0x82255</load_address>
         <run_address>0x82255</run_address>
         <size>0x14</size>
         <input_file_ref idref="fl-2"/>
      </object_component>
      <object_component id="oc-46f">
         <name>.text:GPIO_isPinValid</name>
         <load_address>0x82269</load_address>
         <run_address>0x82269</run_address>
         <size>0x14</size>
         <input_file_ref idref="fl-17"/>
      </object_component>
      <object_component id="oc-ef">
         <name>.text:GPIO_isPinValid</name>
         <load_address>0x8227d</load_address>
         <run_address>0x8227d</run_address>
         <size>0x14</size>
         <input_file_ref idref="fl-5"/>
      </object_component>
      <object_component id="oc-3f2">
         <name>.text:myGPIO0_init</name>
         <load_address>0x82291</load_address>
         <run_address>0x82291</run_address>
         <size>0x14</size>
         <input_file_ref idref="fl-2"/>
      </object_component>
      <object_component id="oc-3f8">
         <name>.text:myGPIO1_init</name>
         <load_address>0x822a5</load_address>
         <run_address>0x822a5</run_address>
         <size>0x14</size>
         <input_file_ref idref="fl-2"/>
      </object_component>
      <object_component id="oc-49b">
         <name>.text:ADC_enableAltDMATiming</name>
         <load_address>0x822b9</load_address>
         <run_address>0x822b9</run_address>
         <size>0x13</size>
         <input_file_ref idref="fl-2"/>
      </object_component>
      <object_component id="oc-495">
         <name>.text:ADC_enableConverter</name>
         <load_address>0x822cc</load_address>
         <run_address>0x822cc</run_address>
         <size>0x13</size>
         <input_file_ref idref="fl-2"/>
      </object_component>
      <object_component id="oc-28d">
         <name>.text:RAMPGEN_config</name>
         <load_address>0x822df</load_address>
         <run_address>0x822df</run_address>
         <size>0x13</size>
         <input_file_ref idref="fl-4"/>
      </object_component>
      <object_component id="oc-373">
         <name>.text:EPWM_setTimeBaseCounter</name>
         <load_address>0x822f2</load_address>
         <run_address>0x822f2</run_address>
         <size>0x12</size>
         <input_file_ref idref="fl-2"/>
      </object_component>
      <object_component id="oc-33a">
         <name>.text:SysCtl_setSyncOutputConfig</name>
         <load_address>0x82304</load_address>
         <run_address>0x82304</run_address>
         <size>0x12</size>
         <input_file_ref idref="fl-2"/>
      </object_component>
      <object_component id="oc-200">
         <name>.text:Board_init</name>
         <load_address>0x82316</load_address>
         <run_address>0x82316</run_address>
         <size>0x11</size>
         <input_file_ref idref="fl-2"/>
      </object_component>
      <object_component id="oc-37f">
         <name>.text:EPWM_disablePhaseShiftLoad</name>
         <load_address>0x82327</load_address>
         <run_address>0x82327</run_address>
         <size>0x11</size>
         <input_file_ref idref="fl-2"/>
      </object_component>
      <object_component id="oc-2c6">
         <name>.text:Flash_isCtrlBaseValid</name>
         <load_address>0x82338</load_address>
         <run_address>0x82338</run_address>
         <size>0x10</size>
         <input_file_ref idref="fl-16"/>
      </object_component>
      <object_component id="oc-2cd">
         <name>.text:Flash_isECCBaseValid</name>
         <load_address>0x82348</load_address>
         <run_address>0x82348</run_address>
         <size>0x10</size>
         <input_file_ref idref="fl-16"/>
      </object_component>
      <object_component id="oc-bc">
         <name>.text:Interrupt_register</name>
         <load_address>0x82358</load_address>
         <run_address>0x82358</run_address>
         <size>0xf</size>
         <input_file_ref idref="fl-2"/>
      </object_component>
      <object_component id="oc-4b">
         <name>.text:Interrupt_unregister</name>
         <load_address>0x82367</load_address>
         <run_address>0x82367</run_address>
         <size>0xf</size>
         <input_file_ref idref="fl-19"/>
      </object_component>
      <object_component id="oc-34">
         <name>.text:INTERRUPT_init</name>
         <load_address>0x82376</load_address>
         <run_address>0x82376</run_address>
         <size>0xd</size>
         <input_file_ref idref="fl-2"/>
      </object_component>
      <object_component id="oc-138">
         <name>.text:Interrupt_disableGlobal</name>
         <load_address>0x82383</load_address>
         <run_address>0x82383</run_address>
         <size>0xd</size>
         <input_file_ref idref="fl-18"/>
      </object_component>
      <object_component id="oc-13e">
         <name>.text:Interrupt_enableGlobal</name>
         <load_address>0x82390</load_address>
         <run_address>0x82390</run_address>
         <size>0xd</size>
         <input_file_ref idref="fl-18"/>
      </object_component>
      <object_component id="oc-23f">
         <name>.text:SysCtl_setLowSpeedClock</name>
         <load_address>0x8239d</load_address>
         <run_address>0x8239d</run_address>
         <size>0xd</size>
         <input_file_ref idref="fl-6"/>
      </object_component>
      <object_component id="oc-68">
         <name>.text:decompress:ZI:__TI_zero_init_nomemset</name>
         <load_address>0x823aa</load_address>
         <run_address>0x823aa</run_address>
         <size>0xd</size>
         <input_file_ref idref="fl-31"/>
      </object_component>
      <object_component id="oc-340">
         <name>.text:SysCtl_enableExtADCSOCSource</name>
         <load_address>0x823b7</load_address>
         <run_address>0x823b7</run_address>
         <size>0xc</size>
         <input_file_ref idref="fl-2"/>
      </object_component>
      <object_component id="oc-15d">
         <name>.text</name>
         <load_address>0x823c3</load_address>
         <run_address>0x823c3</run_address>
         <size>0xc</size>
         <input_file_ref idref="fl-36"/>
      </object_component>
      <object_component id="oc-22d">
         <name>.text:SysCtl_disableWatchdog</name>
         <load_address>0x823cf</load_address>
         <run_address>0x823cf</run_address>
         <size>0xb</size>
         <input_file_ref idref="fl-6"/>
      </object_component>
      <object_component id="oc-253">
         <name>.text:SysCtl_isMCDClockFailureDetected</name>
         <load_address>0x823da</load_address>
         <run_address>0x823da</run_address>
         <size>0xb</size>
         <input_file_ref idref="fl-1b"/>
      </object_component>
      <object_component id="oc-51">
         <name>.text:Interrupt_illegalOperationHandler</name>
         <load_address>0x823e5</load_address>
         <run_address>0x823e5</run_address>
         <size>0xa</size>
         <input_file_ref idref="fl-18"/>
      </object_component>
      <object_component id="oc-57">
         <name>.text:Interrupt_nmiHandler</name>
         <load_address>0x823ef</load_address>
         <run_address>0x823ef</run_address>
         <size>0xa</size>
         <input_file_ref idref="fl-18"/>
      </object_component>
      <object_component id="oc-269">
         <name>.text:SYNC_init</name>
         <load_address>0x823f9</load_address>
         <run_address>0x823f9</run_address>
         <size>0xa</size>
         <input_file_ref idref="fl-2"/>
      </object_component>
      <object_component id="oc-26f">
         <name>.text:ASYSCTL_init</name>
         <load_address>0x82403</load_address>
         <run_address>0x82403</run_address>
         <size>0x9</size>
         <input_file_ref idref="fl-2"/>
      </object_component>
      <object_component id="oc-219">
         <name>.text</name>
         <load_address>0x8240c</load_address>
         <run_address>0x8240c</run_address>
         <size>0x9</size>
         <input_file_ref idref="fl-35"/>
      </object_component>
      <object_component id="oc-53d">
         <name>.text:ADC_setOffsetTrim</name>
         <load_address>0x82415</load_address>
         <run_address>0x82415</run_address>
         <size>0x8</size>
         <input_file_ref idref="fl-14"/>
      </object_component>
      <object_component id="oc-293">
         <name>.text:RAMPGEN_reset</name>
         <load_address>0x8241d</load_address>
         <run_address>0x8241d</run_address>
         <size>0x8</size>
         <input_file_ref idref="fl-4"/>
      </object_component>
      <object_component id="oc-1b">
         <name>.text:decompress:none</name>
         <load_address>0x82425</load_address>
         <run_address>0x82425</run_address>
         <size>0x8</size>
         <input_file_ref idref="fl-32"/>
      </object_component>
      <object_component id="oc-74">
         <name>.text</name>
         <load_address>0x8242d</load_address>
         <run_address>0x8242d</run_address>
         <size>0x8</size>
         <input_file_ref idref="fl-7"/>
      </object_component>
      <object_component id="oc-347">
         <name>.text:ASysCtl_disableTemperatureSensor</name>
         <load_address>0x82435</load_address>
         <run_address>0x82435</run_address>
         <size>0x7</size>
         <input_file_ref idref="fl-2"/>
      </object_component>
      <object_component id="oc-50a">
         <name>.text:SysCtl_resetMCD</name>
         <load_address>0x8243c</load_address>
         <run_address>0x8243c</run_address>
         <size>0x7</size>
         <input_file_ref idref="fl-1b"/>
      </object_component>
      <object_component id="oc-f6">
         <name>.text:__error__</name>
         <load_address>0x82443</load_address>
         <run_address>0x82443</run_address>
         <size>0x7</size>
         <input_file_ref idref="fl-6"/>
      </object_component>
      <object_component id="oc-b6">
         <name>.text:Interrupt_clearACKGroup</name>
         <load_address>0x8244a</load_address>
         <run_address>0x8244a</run_address>
         <size>0x6</size>
         <input_file_ref idref="fl-5"/>
      </object_component>
      <object_component id="oc-275">
         <name>.text:ADC_init</name>
         <load_address>0x82450</load_address>
         <run_address>0x82450</run_address>
         <size>0x5</size>
         <input_file_ref idref="fl-2"/>
      </object_component>
      <object_component id="oc-281">
         <name>.text:GPIO_init</name>
         <load_address>0x82455</load_address>
         <run_address>0x82455</run_address>
         <size>0x5</size>
         <input_file_ref idref="fl-2"/>
      </object_component>
      <object_component id="oc-156">
         <name>.text</name>
         <load_address>0x8245a</load_address>
         <run_address>0x8245a</run_address>
         <size>0x2</size>
         <input_file_ref idref="fl-2f"/>
      </object_component>
      <object_component id="oc-206">
         <name>.text:C2000Ware_libraries_init</name>
         <load_address>0x8245c</load_address>
         <run_address>0x8245c</run_address>
         <size>0x1</size>
         <input_file_ref idref="fl-3"/>
      </object_component>
      <object_component id="oc-1d3">
         <name>.text</name>
         <load_address>0x8245d</load_address>
         <run_address>0x8245d</run_address>
         <size>0x1</size>
         <input_file_ref idref="fl-39"/>
      </object_component>
      <object_component id="oc-58f">
         <name>.cinit..data.load</name>
         <load_address>0x82460</load_address>
         <run_address>0x82460</run_address>
         <size>0x1c</size>
      </object_component>
      <object_component id="oc-58c">
         <name>__TI_handler_table</name>
         <load_address>0x8247c</load_address>
         <run_address>0x8247c</run_address>
         <size>0x6</size>
      </object_component>
      <object_component id="oc-58e">
         <name>.cinit..bss.load</name>
         <load_address>0x82482</load_address>
         <run_address>0x82482</run_address>
         <size>0x4</size>
      </object_component>
      <object_component id="oc-58d">
         <name>__TI_cinit_table</name>
         <load_address>0x82486</load_address>
         <run_address>0x82486</run_address>
         <size>0x8</size>
      </object_component>
      <object_component id="oc-5d">
         <name>.stack</name>
         <uninitialized>true</uninitialized>
         <run_address>0x400</run_address>
         <size>0x0</size>
         <input_file_ref idref="fl-2c"/>
      </object_component>
      <object_component id="oc-590">
         <name>.stack</name>
         <uninitialized>true</uninitialized>
         <run_address>0x400</run_address>
         <size>0x0</size>
      </object_component>
      <object_component id="oc-2d">
         <name>.bss:retain</name>
         <uninitialized>true</uninitialized>
         <run_address>0xa800</run_address>
         <size>0x82</size>
         <input_file_ref idref="fl-4"/>
      </object_component>
      <object_component id="oc-98">
         <name>.bss</name>
         <uninitialized>true</uninitialized>
         <run_address>0xa8c0</run_address>
         <size>0x80</size>
         <input_file_ref idref="fl-4"/>
      </object_component>
      <object_component id="oc-30">
         <name>.bss:retain</name>
         <uninitialized>true</uninitialized>
         <run_address>0xa882</run_address>
         <size>0x8</size>
         <input_file_ref idref="fl-5"/>
      </object_component>
      <object_component id="oc-28a">
         <name>.bss</name>
         <uninitialized>true</uninitialized>
         <run_address>0xa88a</run_address>
         <size>0x2</size>
         <input_file_ref idref="fl-5"/>
      </object_component>
      <object_component id="oc-47a">
         <name>.const:.string</name>
         <load_address>0x80008</load_address>
         <run_address>0x80008</run_address>
         <size>0xbe</size>
         <input_file_ref idref="fl-2"/>
      </object_component>
      <object_component id="oc-f5">
         <name>.const:.string</name>
         <load_address>0x800c6</load_address>
         <run_address>0x800c6</run_address>
         <size>0xba</size>
         <input_file_ref idref="fl-5"/>
      </object_component>
      <object_component id="oc-2cc">
         <name>.const:.string</name>
         <load_address>0x80180</load_address>
         <run_address>0x80180</run_address>
         <size>0x9b</size>
         <input_file_ref idref="fl-16"/>
      </object_component>
      <object_component id="oc-2ff">
         <name>.const:.string</name>
         <load_address>0x8021c</load_address>
         <run_address>0x8021c</run_address>
         <size>0x9a</size>
         <input_file_ref idref="fl-1b"/>
      </object_component>
      <object_component id="oc-46d">
         <name>.const:.string</name>
         <load_address>0x802b6</load_address>
         <run_address>0x802b6</run_address>
         <size>0x98</size>
         <input_file_ref idref="fl-17"/>
      </object_component>
      <object_component id="oc-52d">
         <name>.const:.string</name>
         <load_address>0x8034e</load_address>
         <run_address>0x8034e</run_address>
         <size>0x97</size>
         <input_file_ref idref="fl-14"/>
      </object_component>
      <object_component id="oc-245">
         <name>.const:.string</name>
         <load_address>0x803e6</load_address>
         <run_address>0x803e6</run_address>
         <size>0x91</size>
         <input_file_ref idref="fl-6"/>
      </object_component>
      <object_component id="oc-171">
         <name>.const:.string</name>
         <load_address>0x80478</load_address>
         <run_address>0x80478</run_address>
         <size>0x7c</size>
         <input_file_ref idref="fl-4"/>
      </object_component>
      <object_component id="oc-fd">
         <name>.data</name>
         <load_address>0xa940</load_address>
         <run_address>0xa940</run_address>
         <size>0x56</size>
         <input_file_ref idref="fl-4"/>
      </object_component>
      <object_component id="oc-100">
         <name>.data</name>
         <load_address>0xa996</load_address>
         <run_address>0xa996</run_address>
         <size>0xc</size>
         <input_file_ref idref="fl-5"/>
      </object_component>
      <object_component id="oc-1be">
         <name>.data</name>
         <load_address>0xa9a2</load_address>
         <run_address>0xa9a2</run_address>
         <size>0x6</size>
         <input_file_ref idref="fl-34"/>
      </object_component>
      <object_component id="oc-1c1">
         <name>.data:_lock</name>
         <load_address>0xa9a8</load_address>
         <run_address>0xa9a8</run_address>
         <size>0x2</size>
         <input_file_ref idref="fl-35"/>
      </object_component>
      <object_component id="oc-2b8">
         <name>.data:_unlock</name>
         <load_address>0xa9aa</load_address>
         <run_address>0xa9aa</run_address>
         <size>0x2</size>
         <input_file_ref idref="fl-35"/>
      </object_component>
      <object_component id="oc-233">
         <name>.TI.ramfunc:Flash_initModule</name>
         <load_address>0x804f8</load_address>
         <run_address>0x8000</run_address>
         <size>0x51</size>
         <input_file_ref idref="fl-16"/>
      </object_component>
      <object_component id="oc-2df">
         <name>.TI.ramfunc:Flash_setWaitstates</name>
         <load_address>0x80549</load_address>
         <run_address>0x8051</run_address>
         <size>0x24</size>
         <input_file_ref idref="fl-16"/>
      </object_component>
      <object_component id="oc-2d3">
         <name>.TI.ramfunc:Flash_disableCache</name>
         <load_address>0x8056d</load_address>
         <run_address>0x8075</run_address>
         <size>0x18</size>
         <input_file_ref idref="fl-16"/>
      </object_component>
      <object_component id="oc-2d9">
         <name>.TI.ramfunc:Flash_disablePrefetch</name>
         <load_address>0x80585</load_address>
         <run_address>0x808d</run_address>
         <size>0x17</size>
         <input_file_ref idref="fl-16"/>
      </object_component>
      <object_component id="oc-2eb">
         <name>.TI.ramfunc:Flash_enableCache</name>
         <load_address>0x8059c</load_address>
         <run_address>0x80a4</run_address>
         <size>0x17</size>
         <input_file_ref idref="fl-16"/>
      </object_component>
      <object_component id="oc-2f7">
         <name>.TI.ramfunc:Flash_enableECC</name>
         <load_address>0x805b3</load_address>
         <run_address>0x80bb</run_address>
         <size>0x16</size>
         <input_file_ref idref="fl-16"/>
      </object_component>
      <object_component id="oc-2f1">
         <name>.TI.ramfunc:Flash_enablePrefetch</name>
         <load_address>0x805c9</load_address>
         <run_address>0x80d1</run_address>
         <size>0x16</size>
         <input_file_ref idref="fl-16"/>
      </object_component>
      <object_component id="oc-212">
         <name>.TI.ramfunc</name>
         <load_address>0x805df</load_address>
         <run_address>0x80e7</run_address>
         <size>0x4</size>
         <input_file_ref idref="fl-1b"/>
      </object_component>
      <object_component id="oc-c9">
         <name>.debug_types</name>
         <load_address>0x0</load_address>
         <run_address>0x0</run_address>
         <size>0x36d9</size>
         <input_file_ref idref="fl-2"/>
      </object_component>
      <object_component id="oc-289">
         <name>.debug_types</name>
         <load_address>0x0</load_address>
         <run_address>0x0</run_address>
         <size>0x0</size>
         <input_file_ref idref="fl-3"/>
      </object_component>
      <object_component id="oc-7c">
         <name>.debug_types</name>
         <load_address>0x36d9</load_address>
         <run_address>0x36d9</run_address>
         <size>0x109c</size>
         <input_file_ref idref="fl-4"/>
      </object_component>
      <object_component id="oc-7f">
         <name>.debug_types</name>
         <load_address>0x4775</load_address>
         <run_address>0x4775</run_address>
         <size>0xf2</size>
         <input_file_ref idref="fl-5"/>
      </object_component>
      <object_component id="oc-16c">
         <name>.debug_types</name>
         <load_address>0x4867</load_address>
         <run_address>0x4867</run_address>
         <size>0x1f1c</size>
         <input_file_ref idref="fl-6"/>
      </object_component>
      <object_component id="oc-52f">
         <name>.debug_types</name>
         <load_address>0x6783</load_address>
         <run_address>0x6783</run_address>
         <size>0x7fc</size>
         <input_file_ref idref="fl-14"/>
      </object_component>
      <object_component id="oc-2fe">
         <name>.debug_types</name>
         <load_address>0x0</load_address>
         <run_address>0x0</run_address>
         <size>0x0</size>
         <input_file_ref idref="fl-16"/>
      </object_component>
      <object_component id="oc-46c">
         <name>.debug_types</name>
         <load_address>0x6f7f</load_address>
         <run_address>0x6f7f</run_address>
         <size>0x25f</size>
         <input_file_ref idref="fl-17"/>
      </object_component>
      <object_component id="oc-cc">
         <name>.debug_types</name>
         <load_address>0x0</load_address>
         <run_address>0x0</run_address>
         <size>0x0</size>
         <input_file_ref idref="fl-18"/>
      </object_component>
      <object_component id="oc-cf">
         <name>.debug_types</name>
         <load_address>0x71de</load_address>
         <run_address>0x71de</run_address>
         <size>0x1e3</size>
         <input_file_ref idref="fl-19"/>
      </object_component>
      <object_component id="oc-25a">
         <name>.debug_types</name>
         <load_address>0x73c1</load_address>
         <run_address>0x73c1</run_address>
         <size>0xd4a</size>
         <input_file_ref idref="fl-1b"/>
      </object_component>
      <object_component id="oc-d6">
         <name>.debug_types</name>
         <load_address>0x810b</load_address>
         <run_address>0x810b</run_address>
         <size>0x142</size>
         <input_file_ref idref="fl-2e"/>
      </object_component>
      <object_component id="oc-185">
         <name>.debug_types</name>
         <load_address>0x0</load_address>
         <run_address>0x0</run_address>
         <size>0x0</size>
         <input_file_ref idref="fl-2f"/>
      </object_component>
      <object_component id="oc-1da">
         <name>.debug_types</name>
         <load_address>0x824d</load_address>
         <run_address>0x824d</run_address>
         <size>0x441</size>
         <input_file_ref idref="fl-30"/>
      </object_component>
      <object_component id="oc-db">
         <name>.debug_types</name>
         <load_address>0x868e</load_address>
         <run_address>0x868e</run_address>
         <size>0x194</size>
         <input_file_ref idref="fl-31"/>
      </object_component>
      <object_component id="oc-67">
         <name>.debug_types</name>
         <load_address>0x0</load_address>
         <run_address>0x0</run_address>
         <size>0x0</size>
         <input_file_ref idref="fl-32"/>
      </object_component>
      <object_component id="oc-5f">
         <name>.debug_types</name>
         <load_address>0x8822</load_address>
         <run_address>0x8822</run_address>
         <size>0x191</size>
         <input_file_ref idref="fl-33"/>
      </object_component>
      <object_component id="oc-1c5">
         <name>.debug_types</name>
         <load_address>0x89b3</load_address>
         <run_address>0x89b3</run_address>
         <size>0xbf</size>
         <input_file_ref idref="fl-34"/>
      </object_component>
      <object_component id="oc-221">
         <name>.debug_types</name>
         <load_address>0x8a72</load_address>
         <run_address>0x8a72</run_address>
         <size>0x2f</size>
         <input_file_ref idref="fl-35"/>
      </object_component>
      <object_component id="oc-1bd">
         <name>.debug_types</name>
         <load_address>0x8aa1</load_address>
         <run_address>0x8aa1</run_address>
         <size>0xe1</size>
         <input_file_ref idref="fl-36"/>
      </object_component>
      <object_component id="oc-227">
         <name>.debug_types</name>
         <load_address>0x0</load_address>
         <run_address>0x0</run_address>
         <size>0x0</size>
         <input_file_ref idref="fl-39"/>
      </object_component>
      <object_component id="oc-531">
         <name>.debug_info</name>
         <load_address>0x0</load_address>
         <run_address>0x0</run_address>
         <size>0x182</size>
         <input_file_ref idref="fl-2"/>
      </object_component>
      <object_component id="oc-484">
         <name>.debug_info</name>
         <load_address>0x182</load_address>
         <run_address>0x182</run_address>
         <size>0x1cf</size>
         <input_file_ref idref="fl-2"/>
      </object_component>
      <object_component id="oc-4ae">
         <name>.debug_info</name>
         <load_address>0x351</load_address>
         <run_address>0x351</run_address>
         <size>0x24e</size>
         <input_file_ref idref="fl-2"/>
      </object_component>
      <object_component id="oc-4b4">
         <name>.debug_info</name>
         <load_address>0x59f</load_address>
         <run_address>0x59f</run_address>
         <size>0x21b</size>
         <input_file_ref idref="fl-2"/>
      </object_component>
      <object_component id="oc-490">
         <name>.debug_info</name>
         <load_address>0x7ba</load_address>
         <run_address>0x7ba</run_address>
         <size>0x1dd</size>
         <input_file_ref idref="fl-2"/>
      </object_component>
      <object_component id="oc-4d3">
         <name>.debug_info</name>
         <load_address>0x997</load_address>
         <run_address>0x997</run_address>
         <size>0x1e5</size>
         <input_file_ref idref="fl-2"/>
      </object_component>
      <object_component id="oc-49c">
         <name>.debug_info</name>
         <load_address>0xb7c</load_address>
         <run_address>0xb7c</run_address>
         <size>0x1ac</size>
         <input_file_ref idref="fl-2"/>
      </object_component>
      <object_component id="oc-496">
         <name>.debug_info</name>
         <load_address>0xd28</load_address>
         <run_address>0xd28</run_address>
         <size>0x1a6</size>
         <input_file_ref idref="fl-2"/>
      </object_component>
      <object_component id="oc-4c0">
         <name>.debug_info</name>
         <load_address>0xece</load_address>
         <run_address>0xece</run_address>
         <size>0x1db</size>
         <input_file_ref idref="fl-2"/>
      </object_component>
      <object_component id="oc-4a2">
         <name>.debug_info</name>
         <load_address>0x10a9</load_address>
         <run_address>0x10a9</run_address>
         <size>0x1a8</size>
         <input_file_ref idref="fl-2"/>
      </object_component>
      <object_component id="oc-4a8">
         <name>.debug_info</name>
         <load_address>0x1251</load_address>
         <run_address>0x1251</run_address>
         <size>0x1cb</size>
         <input_file_ref idref="fl-2"/>
      </object_component>
      <object_component id="oc-4cc">
         <name>.debug_info</name>
         <load_address>0x141c</load_address>
         <run_address>0x141c</run_address>
         <size>0x1fd</size>
         <input_file_ref idref="fl-2"/>
      </object_component>
      <object_component id="oc-4ba">
         <name>.debug_info</name>
         <load_address>0x1619</load_address>
         <run_address>0x1619</run_address>
         <size>0x23f</size>
         <input_file_ref idref="fl-2"/>
      </object_component>
      <object_component id="oc-4c6">
         <name>.debug_info</name>
         <load_address>0x1858</load_address>
         <run_address>0x1858</run_address>
         <size>0x207</size>
         <input_file_ref idref="fl-2"/>
      </object_component>
      <object_component id="oc-bd">
         <name>.debug_info</name>
         <load_address>0x1a5f</load_address>
         <run_address>0x1a5f</run_address>
         <size>0x1d6</size>
         <input_file_ref idref="fl-2"/>
      </object_component>
      <object_component id="oc-348">
         <name>.debug_info</name>
         <load_address>0x1c35</load_address>
         <run_address>0x1c35</run_address>
         <size>0x17d</size>
         <input_file_ref idref="fl-2"/>
      </object_component>
      <object_component id="oc-34e">
         <name>.debug_info</name>
         <load_address>0x1db2</load_address>
         <run_address>0x1db2</run_address>
         <size>0x1bd</size>
         <input_file_ref idref="fl-2"/>
      </object_component>
      <object_component id="oc-354">
         <name>.debug_info</name>
         <load_address>0x1f6f</load_address>
         <run_address>0x1f6f</run_address>
         <size>0x1b5</size>
         <input_file_ref idref="fl-2"/>
      </object_component>
      <object_component id="oc-33b">
         <name>.debug_info</name>
         <load_address>0x2124</load_address>
         <run_address>0x2124</run_address>
         <size>0x199</size>
         <input_file_ref idref="fl-2"/>
      </object_component>
      <object_component id="oc-341">
         <name>.debug_info</name>
         <load_address>0x22bd</load_address>
         <run_address>0x22bd</run_address>
         <size>0x1a1</size>
         <input_file_ref idref="fl-2"/>
      </object_component>
      <object_component id="oc-4da">
         <name>.debug_info</name>
         <load_address>0x245e</load_address>
         <run_address>0x245e</run_address>
         <size>0x185</size>
         <input_file_ref idref="fl-2"/>
      </object_component>
      <object_component id="oc-374">
         <name>.debug_info</name>
         <load_address>0x25e3</load_address>
         <run_address>0x25e3</run_address>
         <size>0x1d3</size>
         <input_file_ref idref="fl-2"/>
      </object_component>
      <object_component id="oc-368">
         <name>.debug_info</name>
         <load_address>0x27b6</load_address>
         <run_address>0x27b6</run_address>
         <size>0x216</size>
         <input_file_ref idref="fl-2"/>
      </object_component>
      <object_component id="oc-38c">
         <name>.debug_info</name>
         <load_address>0x29cc</load_address>
         <run_address>0x29cc</run_address>
         <size>0x1d9</size>
         <input_file_ref idref="fl-2"/>
      </object_component>
      <object_component id="oc-380">
         <name>.debug_info</name>
         <load_address>0x2ba5</load_address>
         <run_address>0x2ba5</run_address>
         <size>0x1b6</size>
         <input_file_ref idref="fl-2"/>
      </object_component>
      <object_component id="oc-37a">
         <name>.debug_info</name>
         <load_address>0x2d5b</load_address>
         <run_address>0x2d5b</run_address>
         <size>0x1e7</size>
         <input_file_ref idref="fl-2"/>
      </object_component>
      <object_component id="oc-386">
         <name>.debug_info</name>
         <load_address>0x2f42</load_address>
         <run_address>0x2f42</run_address>
         <size>0x1d3</size>
         <input_file_ref idref="fl-2"/>
      </object_component>
      <object_component id="oc-36e">
         <name>.debug_info</name>
         <load_address>0x3115</load_address>
         <run_address>0x3115</run_address>
         <size>0x1dd</size>
         <input_file_ref idref="fl-2"/>
      </object_component>
      <object_component id="oc-398">
         <name>.debug_info</name>
         <load_address>0x32f2</load_address>
         <run_address>0x32f2</run_address>
         <size>0x28e</size>
         <input_file_ref idref="fl-2"/>
      </object_component>
      <object_component id="oc-392">
         <name>.debug_info</name>
         <load_address>0x3580</load_address>
         <run_address>0x3580</run_address>
         <size>0x22b</size>
         <input_file_ref idref="fl-2"/>
      </object_component>
      <object_component id="oc-39e">
         <name>.debug_info</name>
         <load_address>0x37ab</load_address>
         <run_address>0x37ab</run_address>
         <size>0x257</size>
         <input_file_ref idref="fl-2"/>
      </object_component>
      <object_component id="oc-3d4">
         <name>.debug_info</name>
         <load_address>0x3a02</load_address>
         <run_address>0x3a02</run_address>
         <size>0x229</size>
         <input_file_ref idref="fl-2"/>
      </object_component>
      <object_component id="oc-3aa">
         <name>.debug_info</name>
         <load_address>0x3c2b</load_address>
         <run_address>0x3c2b</run_address>
         <size>0x227</size>
         <input_file_ref idref="fl-2"/>
      </object_component>
      <object_component id="oc-3a4">
         <name>.debug_info</name>
         <load_address>0x3e52</load_address>
         <run_address>0x3e52</run_address>
         <size>0x222</size>
         <input_file_ref idref="fl-2"/>
      </object_component>
      <object_component id="oc-3b0">
         <name>.debug_info</name>
         <load_address>0x4074</load_address>
         <run_address>0x4074</run_address>
         <size>0x1ff</size>
         <input_file_ref idref="fl-2"/>
      </object_component>
      <object_component id="oc-3b6">
         <name>.debug_info</name>
         <load_address>0x4273</load_address>
         <run_address>0x4273</run_address>
         <size>0x1de</size>
         <input_file_ref idref="fl-2"/>
      </object_component>
      <object_component id="oc-3c2">
         <name>.debug_info</name>
         <load_address>0x4451</load_address>
         <run_address>0x4451</run_address>
         <size>0x201</size>
         <input_file_ref idref="fl-2"/>
      </object_component>
      <object_component id="oc-3c8">
         <name>.debug_info</name>
         <load_address>0x4652</load_address>
         <run_address>0x4652</run_address>
         <size>0x1e0</size>
         <input_file_ref idref="fl-2"/>
      </object_component>
      <object_component id="oc-3bc">
         <name>.debug_info</name>
         <load_address>0x4832</load_address>
         <run_address>0x4832</run_address>
         <size>0x1f2</size>
         <input_file_ref idref="fl-2"/>
      </object_component>
      <object_component id="oc-3ce">
         <name>.debug_info</name>
         <load_address>0x4a24</load_address>
         <run_address>0x4a24</run_address>
         <size>0x1f4</size>
         <input_file_ref idref="fl-2"/>
      </object_component>
      <object_component id="oc-3da">
         <name>.debug_info</name>
         <load_address>0x4c18</load_address>
         <run_address>0x4c18</run_address>
         <size>0x1d9</size>
         <input_file_ref idref="fl-2"/>
      </object_component>
      <object_component id="oc-3e0">
         <name>.debug_info</name>
         <load_address>0x4df1</load_address>
         <run_address>0x4df1</run_address>
         <size>0x21d</size>
         <input_file_ref idref="fl-2"/>
      </object_component>
      <object_component id="oc-3e6">
         <name>.debug_info</name>
         <load_address>0x500e</load_address>
         <run_address>0x500e</run_address>
         <size>0x22f</size>
         <input_file_ref idref="fl-2"/>
      </object_component>
      <object_component id="oc-3ec">
         <name>.debug_info</name>
         <load_address>0x523d</load_address>
         <run_address>0x523d</run_address>
         <size>0x1f5</size>
         <input_file_ref idref="fl-2"/>
      </object_component>
      <object_component id="oc-201">
         <name>.debug_info</name>
         <load_address>0x5432</load_address>
         <run_address>0x5432</run_address>
         <size>0x191</size>
         <input_file_ref idref="fl-2"/>
      </object_component>
      <object_component id="oc-264">
         <name>.debug_info</name>
         <load_address>0x55c3</load_address>
         <run_address>0x55c3</run_address>
         <size>0x2e1</size>
         <input_file_ref idref="fl-2"/>
      </object_component>
      <object_component id="oc-277">
         <name>.debug_info</name>
         <load_address>0x58a4</load_address>
         <run_address>0x58a4</run_address>
         <size>0x142</size>
         <input_file_ref idref="fl-2"/>
      </object_component>
      <object_component id="oc-35b">
         <name>.debug_info</name>
         <load_address>0x59e6</load_address>
         <run_address>0x59e6</run_address>
         <size>0x294</size>
         <input_file_ref idref="fl-2"/>
      </object_component>
      <object_component id="oc-362">
         <name>.debug_info</name>
         <load_address>0x5c7a</load_address>
         <run_address>0x5c7a</run_address>
         <size>0x24e</size>
         <input_file_ref idref="fl-2"/>
      </object_component>
      <object_component id="oc-270">
         <name>.debug_info</name>
         <load_address>0x5ec8</load_address>
         <run_address>0x5ec8</run_address>
         <size>0x197</size>
         <input_file_ref idref="fl-2"/>
      </object_component>
      <object_component id="oc-27d">
         <name>.debug_info</name>
         <load_address>0x605f</load_address>
         <run_address>0x605f</run_address>
         <size>0xb24</size>
         <input_file_ref idref="fl-2"/>
      </object_component>
      <object_component id="oc-282">
         <name>.debug_info</name>
         <load_address>0x6b83</load_address>
         <run_address>0x6b83</run_address>
         <size>0x143</size>
         <input_file_ref idref="fl-2"/>
      </object_component>
      <object_component id="oc-3f3">
         <name>.debug_info</name>
         <load_address>0x6cc6</load_address>
         <run_address>0x6cc6</run_address>
         <size>0x192</size>
         <input_file_ref idref="fl-2"/>
      </object_component>
      <object_component id="oc-3f9">
         <name>.debug_info</name>
         <load_address>0x6e58</load_address>
         <run_address>0x6e58</run_address>
         <size>0x192</size>
         <input_file_ref idref="fl-2"/>
      </object_component>
      <object_component id="oc-35">
         <name>.debug_info</name>
         <load_address>0x6fea</load_address>
         <run_address>0x6fea</run_address>
         <size>0x157</size>
         <input_file_ref idref="fl-2"/>
      </object_component>
      <object_component id="oc-26a">
         <name>.debug_info</name>
         <load_address>0x7141</load_address>
         <run_address>0x7141</run_address>
         <size>0x183</size>
         <input_file_ref idref="fl-2"/>
      </object_component>
      <object_component id="oc-20a">
         <name>.debug_info</name>
         <load_address>0x72c4</load_address>
         <run_address>0x72c4</run_address>
         <size>0x157</size>
         <input_file_ref idref="fl-3"/>
      </object_component>
      <object_component id="oc-fe">
         <name>.debug_info</name>
         <load_address>0x741b</load_address>
         <run_address>0x741b</run_address>
         <size>0x2f4</size>
         <input_file_ref idref="fl-4"/>
      </object_component>
      <object_component id="oc-2e">
         <name>.debug_info</name>
         <load_address>0x770f</load_address>
         <run_address>0x770f</run_address>
         <size>0x43c</size>
         <input_file_ref idref="fl-4"/>
      </object_component>
      <object_component id="oc-9c">
         <name>.debug_info</name>
         <load_address>0x7b4b</load_address>
         <run_address>0x7b4b</run_address>
         <size>0x108</size>
         <input_file_ref idref="fl-4"/>
      </object_component>
      <object_component id="oc-106">
         <name>.debug_info</name>
         <load_address>0x7c53</load_address>
         <run_address>0x7c53</run_address>
         <size>0x1c9</size>
         <input_file_ref idref="fl-4"/>
      </object_component>
      <object_component id="oc-1cc">
         <name>.debug_info</name>
         <load_address>0x7e1c</load_address>
         <run_address>0x7e1c</run_address>
         <size>0x188</size>
         <input_file_ref idref="fl-4"/>
      </object_component>
      <object_component id="oc-179">
         <name>.debug_info</name>
         <load_address>0x7fa4</load_address>
         <run_address>0x7fa4</run_address>
         <size>0x22e</size>
         <input_file_ref idref="fl-4"/>
      </object_component>
      <object_component id="oc-295">
         <name>.debug_info</name>
         <load_address>0x81d2</load_address>
         <run_address>0x81d2</run_address>
         <size>0x1a0</size>
         <input_file_ref idref="fl-4"/>
      </object_component>
      <object_component id="oc-28f">
         <name>.debug_info</name>
         <load_address>0x8372</load_address>
         <run_address>0x8372</run_address>
         <size>0x21c</size>
         <input_file_ref idref="fl-4"/>
      </object_component>
      <object_component id="oc-112">
         <name>.debug_info</name>
         <load_address>0x858e</load_address>
         <run_address>0x858e</run_address>
         <size>0x19c</size>
[...]
      </handler>
   </handler_table>
   <symbol_table>
      <symbol id="sm-1">
         <name>RamfuncsLoadStart</name>
         <value>0x804f8</value>
      </symbol>
      <symbol id="sm-2">
         <name>RamfuncsLoadSize</name>
         <value>0xeb</value>
      </symbol>
      <symbol id="sm-3">
         <name>RamfuncsLoadEnd</name>
         <value>0x805e3</value>
      </symbol>
      <symbol id="sm-4">
         <name>RamfuncsRunStart</name>
         <value>0x8000</value>
      </symbol>
      <symbol id="sm-5">
         <name>RamfuncsRunSize</name>
         <value>0xeb</value>
      </symbol>
      <symbol id="sm-6">
         <name>RamfuncsRunEnd</name>
         <value>0x80eb</value>
      </symbol>
      <symbol id="sm-7">
         <name>__TI_CINIT_Base</name>
         <value>0x82486</value>
      </symbol>
      <symbol id="sm-8">
         <name>__TI_CINIT_Limit</name>
         <value>0x8248e</value>
      </symbol>
      <symbol id="sm-9">
         <name>__TI_CINIT_Warm</name>
         <value>0x8248e</value>
      </symbol>
      <symbol id="sm-a">
         <name>__TI_Handler_Table_Base</name>
         <value>0x8247c</value>
      </symbol>
      <symbol id="sm-b">
         <name>__TI_Handler_Table_Limit</name>
         <value>0x82482</value>
      </symbol>
      <symbol id="sm-c">
         <name>__TI_STACK_SIZE</name>
         <value>0x3f8</value>
      </symbol>
      <symbol id="sm-d">
         <name>__TI_STACK_END</name>
         <value>0x7f8</value>
      </symbol>
      <symbol id="sm-e">
         <name>__TI_pprof_out_hndl</name>
         <value>0xffffffff</value>
      </symbol>
      <symbol id="sm-f">
         <name>__TI_prof_data_start</name>
         <value>0xffffffff</value>
      </symbol>
      <symbol id="sm-10">
         <name>__TI_prof_data_size</name>
         <value>0xffffffff</value>
      </symbol>
      <symbol id="sm-234">
         <name>INTERRUPT_init</name>
         <value>0x82376</value>
         <object_component_ref idref="oc-34"/>
      </symbol>
      <symbol id="sm-235">
         <name>PinMux_init</name>
         <value>0x814a7</value>
         <object_component_ref idref="oc-263"/>
      </symbol>
      <symbol id="sm-236">
         <name>Board_init</name>
         <value>0x82316</value>
         <object_component_ref idref="oc-200"/>
      </symbol>
      <symbol id="sm-237">
         <name>ADC_Current_init</name>
         <value>0x817ea</value>
         <object_component_ref idref="oc-360"/>
      </symbol>
      <symbol id="sm-238">
         <name>GPIO_init</name>
         <value>0x82455</value>
         <object_component_ref idref="oc-281"/>
      </symbol>
      <symbol id="sm-239">
         <name>ADC_init</name>
         <value>0x82450</value>
         <object_component_ref idref="oc-275"/>
      </symbol>
      <symbol id="sm-23a">
         <name>myADC0_init</name>
         <value>0x81452</value>
         <object_component_ref idref="oc-35a"/>
      </symbol>
      <symbol id="sm-23b">
         <name>SYNC_init</name>
         <value>0x823f9</value>
         <object_component_ref idref="oc-269"/>
      </symbol>
      <symbol id="sm-23c">
         <name>EPWM_init</name>
         <value>0x8087e</value>
         <object_component_ref idref="oc-27b"/>
      </symbol>
      <symbol id="sm-23d">
         <name>myGPIO1_init</name>
         <value>0x822a5</value>
         <object_component_ref idref="oc-3f8"/>
      </symbol>
      <symbol id="sm-23e">
         <name>myGPIO0_init</name>
         <value>0x82291</value>
         <object_component_ref idref="oc-3f2"/>
      </symbol>
      <symbol id="sm-23f">
         <name>ASYSCTL_init</name>
         <value>0x82403</value>
         <object_component_ref idref="oc-26f"/>
      </symbol>
      <symbol id="sm-24c">
         <name>C2000Ware_libraries_init</name>
         <value>0x8245c</value>
         <object_component_ref idref="oc-206"/>
      </symbol>
      <symbol id="sm-306">
         <name>Check_Old_Adc</name>
         <value>0xa94a</value>
         <object_component_ref idref="oc-fd"/>
      </symbol>
      <symbol id="sm-307">
         <name>INV_DCAC_vDC_sensed_NOTCH</name>
         <value>0xa816</value>
         <object_component_ref idref="oc-2d"/>
      </symbol>
      <symbol id="sm-308">
         <name>vAC_Sum_Value</name>
         <value>0xa942</value>
         <object_component_ref idref="oc-fd"/>
      </symbol>
      <symbol id="sm-309">
         <name>INV_DCAC_vAC_sensed_pu</name>
         <value>0xa800</value>
         <object_component_ref idref="oc-2d"/>
      </symbol>
      <symbol id="sm-30a">
         <name>INV_globalVariablesInit</name>
         <value>0x8118a</value>
         <object_component_ref idref="oc-20c"/>
      </symbol>
      <symbol id="sm-30b">
         <name>INV_DCAC_vAC_sensed_FILTER</name>
         <value>0xa804</value>
         <object_component_ref idref="oc-2d"/>
      </symbol>
      <symbol id="sm-30c">
         <name>zero_sine</name>
         <value>0xa944</value>
         <object_component_ref idref="oc-fd"/>
      </symbol>
      <symbol id="sm-30d">
         <name>INV_reset_PLL</name>
         <value>0xa818</value>
         <object_component_ref idref="oc-2d"/>
      </symbol>
      <symbol id="sm-30e">
         <name>INV_runISR1_lab_DCAC_CL</name>
         <value>0x815f3</value>
         <object_component_ref idref="oc-92"/>
      </symbol>
      <symbol id="sm-30f">
         <name>INV_DCDC_VDCext_Ref_Slewed</name>
         <value>0xa810</value>
         <object_component_ref idref="oc-2d"/>
      </symbol>
      <symbol id="sm-310">
         <name>INV_Sum_vAC_pu</name>
         <value>0xa946</value>
         <object_component_ref idref="oc-fd"/>
      </symbol>
      <symbol id="sm-311">
         <name>INV_DCAC_iAC_sensed_pu</name>
         <value>0xa808</value>
         <object_component_ref idref="oc-2d"/>
      </symbol>
      <symbol id="sm-312">
         <name>INV_DCDC_VDCext_Ref</name>
         <value>0xa80e</value>
         <object_component_ref idref="oc-2d"/>
      </symbol>
      <symbol id="sm-313">
         <name>INV_DCDC_vDC_Ref_Slewed</name>
         <value>0xa814</value>
         <object_component_ref idref="oc-2d"/>
      </symbol>
      <symbol id="sm-314">
         <name>INV_spll_1ph</name>
         <value>0xa840</value>
         <object_component_ref idref="oc-2d"/>
      </symbol>
      <symbol id="sm-315">
         <name>VDC_NOTCH_FILTER_2_Fe</name>
         <value>0xa95a</value>
         <object_component_ref idref="oc-fd"/>
      </symbol>
      <symbol id="sm-316">
         <name>INV_mains_L1</name>
         <value>0xa900</value>
         <object_component_ref idref="oc-98"/>
      </symbol>
      <symbol id="sm-317">
         <name>INV_vACVoltageControl_Basic</name>
         <value>0x81a35</value>
         <object_component_ref idref="oc-8c"/>
      </symbol>
      <symbol id="sm-318">
         <name>INV_DCAC_vAC_sensed</name>
         <value>0xa802</value>
         <object_component_ref idref="oc-2d"/>
      </symbol>
      <symbol id="sm-319">
         <name>gv_ACDC_pi</name>
         <value>0xa980</value>
         <object_component_ref idref="oc-fd"/>
      </symbol>
      <symbol id="sm-31a">
         <name>INV_updateDutyDCAC</name>
         <value>0xa941</value>
         <object_component_ref idref="oc-fd"/>
      </symbol>
      <symbol id="sm-31b">
         <name>INV_DCAC_Modulation</name>
         <value>0x81337</value>
         <object_component_ref idref="oc-11c"/>
      </symbol>
      <symbol id="sm-31c">
         <name>INV_RAMP_VAC</name>
         <value>0x813fb</value>
         <object_component_ref idref="oc-116"/>
      </symbol>
      <symbol id="sm-31d">
         <name>INV_DCDC_vDC_Ref</name>
         <value>0xa812</value>
         <object_component_ref idref="oc-2d"/>
      </symbol>
      <symbol id="sm-31e">
         <name>INV_DCAC_iAC_sensed_pu</name>
         <value>0xa94e</value>
         <object_component_ref idref="oc-fd"/>
      </symbol>
      <symbol id="sm-31f">
         <name>INV_DCAC_iAC_Heric_Sensor</name>
         <value>0xa94c</value>
         <object_component_ref idref="oc-fd"/>
      </symbol>
      <symbol id="sm-320">
         <name>INV_DCAC_vAC_OUT_Err</name>
         <value>0xa80c</value>
         <object_component_ref idref="oc-2d"/>
      </symbol>
      <symbol id="sm-321">
         <name>INV_clearPWMTripDCAC</name>
         <value>0xa940</value>
         <object_component_ref idref="oc-fd"/>
      </symbol>
      <symbol id="sm-322">
         <name>INV_readCurrentAndVoltageSignals</name>
         <value>0x80f8a</value>
         <object_component_ref idref="oc-86"/>
      </symbol>
      <symbol id="sm-323">
         <name>INV_DCAC_vAC_RMS_FILTER</name>
         <value>0xa806</value>
         <object_component_ref idref="oc-2d"/>
      </symbol>
      <symbol id="sm-324">
         <name>INV_DCAC_vAC_loop_err</name>
         <value>0xa80a</value>
         <object_component_ref idref="oc-2d"/>
      </symbol>
      <symbol id="sm-325">
         <name>INV_Average_vAC_pu</name>
         <value>0xa948</value>
         <object_component_ref idref="oc-fd"/>
      </symbol>
      <symbol id="sm-3a1">
         <name>INV_DCAC_rgen</name>
         <value>0xa884</value>
         <object_component_ref idref="oc-30"/>
      </symbol>
      <symbol id="sm-3a2">
         <name>ADC_Current</name>
         <value>0xa996</value>
         <object_component_ref idref="oc-100"/>
      </symbol>
      <symbol id="sm-3a3">
         <name>Check_clock</name>
         <value>0xa99e</value>
         <object_component_ref idref="oc-100"/>
      </symbol>
      <symbol id="sm-3a4">
         <name>flag_table_sine</name>
         <value>0xa998</value>
         <object_component_ref idref="oc-100"/>
      </symbol>
      <symbol id="sm-3a5">
         <name>INT_myADC0_1_ISR</name>
         <value>0x8139a</value>
         <object_component_ref idref="oc-33"/>
      </symbol>
      <symbol id="sm-3a6">
         <name>val_table_sine</name>
         <value>0xa997</value>
         <object_component_ref idref="oc-100"/>
      </symbol>
      <symbol id="sm-3a7">
         <name>INV_DCAC_Amplitude</name>
         <value>0xa88a</value>
         <object_component_ref idref="oc-28a"/>
      </symbol>
      <symbol id="sm-3a8">
         <name>main</name>
         <value>0x81c90</value>
         <object_component_ref idref="oc-1b6"/>
      </symbol>
      <symbol id="sm-3a9">
         <name>val_amp_sine</name>
         <value>0xa9a0</value>
         <object_component_ref idref="oc-100"/>
      </symbol>
      <symbol id="sm-3aa">
         <name>INV_DCAC_Index_Modulation</name>
         <value>0xa882</value>
         <object_component_ref idref="oc-30"/>
      </symbol>
      <symbol id="sm-3ab">
         <name>INV_DCAC_vAC_Heric_Sensor</name>
         <value>0xa99a</value>
         <object_component_ref idref="oc-100"/>
      </symbol>
      <symbol id="sm-3ac">
         <name>INV_DCAC_vAC_Heric_Sensor_1</name>
         <value>0xa99c</value>
         <object_component_ref idref="oc-100"/>
      </symbol>
      <symbol id="sm-3ad">
         <name>mesure_adc</name>
         <value>0xa999</value>
         <object_component_ref idref="oc-100"/>
      </symbol>
      <symbol id="sm-3f5">
         <name>Device_enableAllPeripherals</name>
         <value>0x80a3f</value>
         <object_component_ref idref="oc-24c"/>
      </symbol>
      <symbol id="sm-3f6">
         <name>Device_initGPIO</name>
         <value>0x81c48</value>
         <object_component_ref idref="oc-1f4"/>
      </symbol>
      <symbol id="sm-3f7">
         <name>Device_init</name>
         <value>0x8168b</value>
         <object_component_ref idref="oc-1e8"/>
      </symbol>
      <symbol id="sm-3f8">
         <name>__error__</name>
         <value>0x82443</value>
         <object_component_ref idref="oc-f6"/>
      </symbol>
      <symbol id="sm-407">
         <name>code_start</name>
         <value>0x80000</value>
         <object_component_ref idref="oc-22"/>
      </symbol>
      <symbol id="sm-457">
         <name>ADC_setOffsetTrim</name>
         <value>0x82415</value>
         <object_component_ref idref="oc-53d"/>
      </symbol>
      <symbol id="sm-458">
         <name>ADC_setMode</name>
         <value>0x81e8b</value>
         <object_component_ref idref="oc-489"/>
      </symbol>
      <symbol id="sm-459">
         <name>ADC_setVREF</name>
         <value>0x81642</value>
         <object_component_ref idref="oc-47d"/>
      </symbol>
      <symbol id="sm-45a">
         <name>ADC_setINLTrim</name>
         <value>0x812d3</value>
         <object_component_ref idref="oc-537"/>
      </symbol>
      <symbol id="sm-4c2">
         <name>Flash_initModule</name>
         <value>0x8000</value>
         <object_component_ref idref="oc-233"/>
      </symbol>
      <symbol id="sm-514">
         <name>GPIO_setQualificationMode</name>
         <value>0x81991</value>
         <object_component_ref idref="oc-333"/>
      </symbol>
      <symbol id="sm-515">
         <name>GPIO_setPadConfig</name>
         <value>0x815a1</value>
         <object_component_ref idref="oc-32d"/>
      </symbol>
      <symbol id="sm-516">
         <name>GPIO_setAnalogMode</name>
         <value>0x811fd</value>
         <object_component_ref idref="oc-327"/>
      </symbol>
      <symbol id="sm-517">
         <name>GPIO_setDirectionMode</name>
         <value>0x81a6a</value>
         <object_component_ref idref="oc-4f6"/>
      </symbol>
      <symbol id="sm-518">
         <name>GPIO_setPinConfig</name>
         <value>0x8195a</value>
         <object_component_ref idref="oc-321"/>
      </symbol>
      <symbol id="sm-519">
         <name>GPIO_setControllerCore</name>
         <value>0x81923</value>
         <object_component_ref idref="oc-4fc"/>
      </symbol>
      <symbol id="sm-568">
         <name>Interrupt_defaultHandler</name>
         <value>0x8215e</value>
         <object_component_ref idref="oc-3f"/>
      </symbol>
      <symbol id="sm-569">
         <name>Interrupt_initModule</name>
         <value>0x818ac</value>
         <object_component_ref idref="oc-1fa"/>
      </symbol>
      <symbol id="sm-56a">
         <name>Interrupt_nmiHandler</name>
         <value>0x823ef</value>
         <object_component_ref idref="oc-57"/>
      </symbol>
      <symbol id="sm-56b">
         <name>Interrupt_enable</name>
         <value>0x819c8</value>
         <object_component_ref idref="oc-c2"/>
      </symbol>
      <symbol id="sm-56c">
         <name>Interrupt_initVectorTable</name>
         <value>0x81e50</value>
         <object_component_ref idref="oc-43"/>
      </symbol>
      <symbol id="sm-56d">
         <name>Interrupt_illegalOperationHandler</name>
         <value>0x823e5</value>
         <object_component_ref idref="oc-51"/>
      </symbol>
      <symbol id="sm-693">
         <name>SysCtl_isPLLValid</name>
         <value>0x80d05</value>
         <object_component_ref idref="oc-30c"/>
      </symbol>
      <symbol id="sm-694">
         <name>SysCtl_delay</name>
         <value>0x80e7</value>
         <object_component_ref idref="oc-212"/>
      </symbol>
      <symbol id="sm-695">
         <name>SysCtl_selectXTALSingleEnded</name>
         <value>0x81bff</value>
         <object_component_ref idref="oc-41f"/>
      </symbol>
      <symbol id="sm-696">
         <name>SysCtl_selectXTAL</name>
         <value>0x8175f</value>
         <object_component_ref idref="oc-419"/>
      </symbol>
      <symbol id="sm-697">
         <name>SysCtl_selectOscSource</name>
         <value>0x816d2</value>
         <object_component_ref idref="oc-300"/>
      </symbol>
      <symbol id="sm-698">
         <name>SysCtl_getLowSpeedClock</name>
         <value>0x81fa1</value>
         <object_component_ref idref="oc-246"/>
      </symbol>
      <symbol id="sm-699">
         <name>SysCtl_setClock</name>
         <value>0x80bdf</value>
         <object_component_ref idref="oc-239"/>
      </symbol>
      <symbol id="sm-69a">
         <name>SysCtl_getClock</name>
         <value>0x8126e</value>
         <object_component_ref idref="oc-1ee"/>
      </symbol>
      <symbol id="sm-6a3">
         <name>__c28xabi_divf</name>
         <value>0x81fed</value>
         <object_component_ref idref="oc-109"/>
      </symbol>
      <symbol id="sm-6ac">
         <name>sqrtf</name>
         <value>0x81d19</value>
         <object_component_ref idref="oc-127"/>
      </symbol>
      <symbol id="sm-6b7">
         <name>_c_int00</name>
         <value>0x82006</value>
         <object_component_ref idref="oc-e3"/>
      </symbol>
      <symbol id="sm-6b8">
         <name>__stack</name>
         <value>0x400</value>
         <object_component_ref idref="oc-5d"/>
      </symbol>
      <symbol id="sm-6cb">
         <name>memcpy</name>
         <value>0x81ee2</value>
         <object_component_ref idref="oc-60"/>
      </symbol>
      <symbol id="sm-6d8">
         <name>_system_pre_init</name>
         <value>0x8245a</value>
         <object_component_ref idref="oc-156"/>
      </symbol>
      <symbol id="sm-6e7">
         <name>__TI_auto_init_nobinit_nopinit</name>
         <value>0x81b82</value>
         <object_component_ref idref="oc-186"/>
      </symbol>
      <symbol id="sm-6f6">
         <name>__TI_zero_init_nomemset</name>
         <value>0x823aa</value>
         <object_component_ref idref="oc-68"/>
      </symbol>
      <symbol id="sm-703">
         <name>__TI_decompress_none</name>
         <value>0x82425</value>
         <object_component_ref idref="oc-1b"/>
      </symbol>
      <symbol id="sm-717">
         <name>__TI_decompress_lzss</name>
         <value>0x81a9b</value>
         <object_component_ref idref="oc-15"/>
      </symbol>
      <symbol id="sm-72d">
         <name>C$$EXIT</name>
         <value>0x81bd6</value>
         <object_component_ref idref="oc-163"/>
      </symbol>
      <symbol id="sm-72e">
         <name>abort</name>
         <value>0x81bd6</value>
         <object_component_ref idref="oc-163"/>
      </symbol>
      <symbol id="sm-72f">
         <name>exit</name>
         <value>0x81bd8</value>
         <object_component_ref idref="oc-163"/>
      </symbol>
      <symbol id="sm-730">
         <name>__TI_dtors_ptr</name>
         <value>0xa9a6</value>
         <object_component_ref idref="oc-1be"/>
      </symbol>
      <symbol id="sm-731">
         <name>__TI_cleanup_ptr</name>
         <value>0xa9a4</value>
         <object_component_ref idref="oc-1be"/>
      </symbol>
      <symbol id="sm-732">
         <name>__TI_enable_exit_profile_output</name>
         <value>0xa9a2</value>
         <object_component_ref idref="oc-1be"/>
      </symbol>
      <symbol id="sm-749">
         <name>_nop</name>
         <value>0x82414</value>
         <object_component_ref idref="oc-219"/>
      </symbol>
      <symbol id="sm-74a">
         <name>_lock</name>
         <value>0xa9a8</value>
         <object_component_ref idref="oc-1c1"/>
      </symbol>
      <symbol id="sm-74b">
         <name>_unlock</name>
         <value>0xa9aa</value>
         <object_component_ref idref="oc-2b8"/>
      </symbol>
      <symbol id="sm-74c">
         <name>_register_lock</name>
         <value>0x82410</value>
         <object_component_ref idref="oc-219"/>
      </symbol>
      <symbol id="sm-74d">
         <name>_register_unlock</name>
         <value>0x8240c</value>
         <object_component_ref idref="oc-219"/>
      </symbol>
      <symbol id="sm-75c">
         <name>_args_main</name>
         <value>0x823c3</value>
         <object_component_ref idref="oc-15d"/>
      </symbol>
      <symbol id="sm-76b">
         <name>_system_post_cinit</name>
         <value>0x8245d</value>
         <object_component_ref idref="oc-1d3"/>
      </symbol>
      <symbol id="sm-76d">
         <name>__c_args__</name>
         <value>0x0</value>
      </symbol>
   </symbol_table>
   <title>Link successful</title>
</link_info>
